../Core/Src/oled.c:22:6:OLED_ColorTurn	16	static
../Core/Src/oled.c:35:6:OLED_DisplayTurn	16	static
../Core/Src/oled.c:65:6:IICStart	8	static
../Core/Src/oled.c:77:6:IICStop	8	static
../Core/Src/oled.c:86:6:IIC_WaitAck	8	static
../Core/Src/oled.c:112:6:Write_IIC_Byte	24	static
../Core/Src/oled.c:136:6:Write_IIC_Command	16	static
../Core/Src/oled.c:150:6:Write_IIC_Data	16	static
../Core/Src/oled.c:161:6:OLED_WR_Byte	16	static
../Core/Src/oled.c:181:6:fill_picture	24	static
../Core/Src/oled.c:198:6:Delay_50ms	24	static
../Core/Src/oled.c:205:6:Delay_1ms	24	static
../Core/Src/oled.c:216:7:OLED_Set_Pos	16	static
../Core/Src/oled.c:222:6:OLED_Display_On	8	static
../Core/Src/oled.c:229:6:OLED_Display_Off	8	static
../Core/Src/oled.c:236:6:OLED_Clear	16	static
../Core/Src/oled.c:247:6:OLED_On	16	static
../Core/Src/oled.c:263:6:OLED_ShowChar	32	static
../Core/Src/oled.c:285:5:oled_pow	24	static
../Core/Src/oled.c:297:6:OLED_ShowNum	24	static
../Core/Src/oled.c:321:6:OLED_ShowString	24	static
../Core/Src/oled.c:332:6:OLED_ShowCHinese	24	static
../Core/Src/oled.c:349:6:OLED_DrawBMP	32	static
../Core/Src/oled.c:367:6:OLED_Init	8	static
