Component: ARM Compiler 5.06 update 7 (build 960) Tool: armlink [4d3601]

==============================================================================

Section Cross References

    startup_stm32f103xb.o(RESET) refers to startup_stm32f103xb.o(STACK) for __initial_sp
    startup_stm32f103xb.o(RESET) refers to startup_stm32f103xb.o(.text) for Reset_Handler
    startup_stm32f103xb.o(RESET) refers to stm32f1xx_it.o(i.NMI_Handler) for NMI_Handler
    startup_stm32f103xb.o(RESET) refers to stm32f1xx_it.o(i.HardFault_Handler) for HardFault_Handler
    startup_stm32f103xb.o(RESET) refers to stm32f1xx_it.o(i.MemManage_Handler) for MemManage_Handler
    startup_stm32f103xb.o(RESET) refers to stm32f1xx_it.o(i.BusFault_Handler) for BusFault_Handler
    startup_stm32f103xb.o(RESET) refers to stm32f1xx_it.o(i.UsageFault_Handler) for UsageFault_Handler
    startup_stm32f103xb.o(RESET) refers to stm32f1xx_it.o(i.SVC_Handler) for SVC_Handler
    startup_stm32f103xb.o(RESET) refers to stm32f1xx_it.o(i.DebugMon_Handler) for DebugMon_Handler
    startup_stm32f103xb.o(RESET) refers to stm32f1xx_it.o(i.PendSV_Handler) for PendSV_Handler
    startup_stm32f103xb.o(RESET) refers to stm32f1xx_it.o(i.SysTick_Handler) for SysTick_Handler
    startup_stm32f103xb.o(RESET) refers to stm32f1xx_it.o(i.EXTI4_IRQHandler) for EXTI4_IRQHandler
    startup_stm32f103xb.o(RESET) refers to stm32f1xx_it.o(i.TIM1_UP_IRQHandler) for TIM1_UP_IRQHandler
    startup_stm32f103xb.o(RESET) refers to stm32f1xx_it.o(i.TIM2_IRQHandler) for TIM2_IRQHandler
    startup_stm32f103xb.o(RESET) refers to stm32f1xx_it.o(i.TIM4_IRQHandler) for TIM4_IRQHandler
    startup_stm32f103xb.o(RESET) refers to stm32f1xx_it.o(i.USART1_IRQHandler) for USART1_IRQHandler
    startup_stm32f103xb.o(RESET) refers to stm32f1xx_it.o(i.USART3_IRQHandler) for USART3_IRQHandler
    startup_stm32f103xb.o(RESET) refers to stm32f1xx_it.o(i.EXTI15_10_IRQHandler) for EXTI15_10_IRQHandler
    startup_stm32f103xb.o(.text) refers to system_stm32f1xx.o(i.SystemInit) for SystemInit
    startup_stm32f103xb.o(.text) refers to entry.o(.ARM.Collect$$$$00000000) for __main
    main.o(i.SystemClock_Config) refers to memseta.o(.text) for __aeabi_memclr4
    main.o(i.SystemClock_Config) refers to stm32f1xx_hal_rcc.o(i.HAL_RCC_OscConfig) for HAL_RCC_OscConfig
    main.o(i.SystemClock_Config) refers to stm32f1xx_hal_rcc.o(i.HAL_RCC_ClockConfig) for HAL_RCC_ClockConfig
    main.o(i.SystemClock_Config) refers to stm32f1xx_hal_rcc_ex.o(i.HAL_RCCEx_PeriphCLKConfig) for HAL_RCCEx_PeriphCLKConfig
    main.o(i.main) refers to stm32f1xx_hal.o(i.HAL_Init) for HAL_Init
    main.o(i.main) refers to main.o(i.SystemClock_Config) for SystemClock_Config
    main.o(i.main) refers to gpio.o(i.MX_GPIO_Init) for MX_GPIO_Init
    main.o(i.main) refers to usart.o(i.MX_USART1_UART_Init) for MX_USART1_UART_Init
    main.o(i.main) refers to tim.o(i.MX_TIM1_Init) for MX_TIM1_Init
    main.o(i.main) refers to tim.o(i.MX_TIM2_Init) for MX_TIM2_Init
    main.o(i.main) refers to tim.o(i.MX_TIM4_Init) for MX_TIM4_Init
    main.o(i.main) refers to adc.o(i.MX_ADC2_Init) for MX_ADC2_Init
    main.o(i.main) refers to usart.o(i.MX_USART3_UART_Init) for MX_USART3_UART_Init
    main.o(i.main) refers to oled.o(i.OLED_Init) for OLED_Init
    main.o(i.main) refers to oled.o(i.OLED_Clear) for OLED_Clear
    main.o(i.main) refers to stm32f1xx_hal_tim.o(i.HAL_TIM_PWM_Start) for HAL_TIM_PWM_Start
    main.o(i.main) refers to stm32f1xx_hal_tim.o(i.HAL_TIM_Encoder_Start) for HAL_TIM_Encoder_Start
    main.o(i.main) refers to stm32f1xx_hal_tim.o(i.HAL_TIM_Base_Start_IT) for HAL_TIM_Base_Start_IT
    main.o(i.main) refers to pid.o(i.PID_init) for PID_init
    main.o(i.main) refers to stm32f1xx_hal_uart.o(i.HAL_UART_Receive_IT) for HAL_UART_Receive_IT
    main.o(i.main) refers to stm32f1xx_hal.o(i.HAL_Delay) for HAL_Delay
    main.o(i.main) refers to mpu6050.o(i.MPU_Init) for MPU_Init
    main.o(i.main) refers to inv_mpu.o(i.mpu_dmp_init) for mpu_dmp_init
    main.o(i.main) refers to f2d.o(.text) for __aeabi_f2d
    main.o(i.main) refers to printfa.o(i.__0sprintf) for __2sprintf
    main.o(i.main) refers to strlen.o(.text) for strlen
    main.o(i.main) refers to stm32f1xx_hal_uart.o(i.HAL_UART_Transmit) for HAL_UART_Transmit
    main.o(i.main) refers to inv_mpu.o(i.mpu_dmp_get_data) for mpu_dmp_get_data
    main.o(i.main) refers to pid.o(i.PID_realize) for PID_realize
    main.o(i.main) refers to fadd.o(.text) for __aeabi_fadd
    main.o(i.main) refers to motor.o(i.motorPidSetSpeed) for motorPidSetSpeed
    main.o(i.main) refers to tim.o(.bss) for htim1
    main.o(i.main) refers to usart.o(.bss) for huart1
    main.o(i.main) refers to main.o(.data) for .data
    main.o(i.main) refers to main.o(.bss) for .bss
    main.o(i.main) refers to pid.o(.bss) for pidMPU6050YawMovement
    gpio.o(i.HAL_GPIO_EXTI_Callback) refers to stm32f1xx_hal_gpio.o(i.HAL_GPIO_TogglePin) for HAL_GPIO_TogglePin
[...]
    i.Write_IIC_Byte                         0x08003888   Section        0  oled.o(i.Write_IIC_Byte)
    i.Write_IIC_Command                      0x080038ec   Section        0  oled.o(i.Write_IIC_Command)
    i.Write_IIC_Data                         0x0800391a   Section        0  oled.o(i.Write_IIC_Data)
    i.__0printf                              0x08003948   Section        0  printfa.o(i.__0printf)
    i.__0sprintf                             0x08003968   Section        0  printfa.o(i.__0sprintf)
    i.__ARM_fpclassify                       0x08003990   Section        0  fpclassify.o(i.__ARM_fpclassify)
    i.__NVIC_SetPriority                     0x080039b8   Section        0  stm32f1xx_hal_cortex.o(i.__NVIC_SetPriority)
    __NVIC_SetPriority                       0x080039b9   Thumb Code    32  stm32f1xx_hal_cortex.o(i.__NVIC_SetPriority)
    i.__kernel_poly                          0x080039d8   Section        0  poly.o(i.__kernel_poly)
    i.__mathlib_dbl_infnan                   0x08003a82   Section        0  dunder.o(i.__mathlib_dbl_infnan)
    i.__mathlib_dbl_infnan2                  0x08003a88   Section        0  dunder.o(i.__mathlib_dbl_infnan2)
    i.__mathlib_dbl_invalid                  0x08003a8c   Section        0  dunder.o(i.__mathlib_dbl_invalid)
    i.__mathlib_dbl_underflow                0x08003a98   Section        0  dunder.o(i.__mathlib_dbl_underflow)
    i.__scatterload_copy                     0x08003aa8   Section       14  handlers.o(i.__scatterload_copy)
    i.__scatterload_null                     0x08003ab6   Section        2  handlers.o(i.__scatterload_null)
    i.__scatterload_zeroinit                 0x08003ab8   Section       14  handlers.o(i.__scatterload_zeroinit)
    i.__set_errno                            0x08003ac8   Section        0  errno.o(i.__set_errno)
    i._fp_digits                             0x08003ad4   Section        0  printfa.o(i._fp_digits)
    _fp_digits                               0x08003ad5   Thumb Code   366  printfa.o(i._fp_digits)
    i._printf_core                           0x08003c58   Section        0  printfa.o(i._printf_core)
    _printf_core                             0x08003c59   Thumb Code  1704  printfa.o(i._printf_core)
    i._printf_post_padding                   0x0800430c   Section        0  printfa.o(i._printf_post_padding)
    _printf_post_padding                     0x0800430d   Thumb Code    36  printfa.o(i._printf_post_padding)
    i._printf_pre_padding                    0x08004330   Section        0  printfa.o(i._printf_pre_padding)
    _printf_pre_padding                      0x08004331   Thumb Code    46  printfa.o(i._printf_pre_padding)
    i._sputc                                 0x0800435e   Section        0  printfa.o(i._sputc)
    _sputc                                   0x0800435f   Thumb Code    10  printfa.o(i._sputc)
    i.accel_self_test                        0x08004368   Section        0  inv_mpu.o(i.accel_self_test)
    accel_self_test                          0x08004369   Thumb Code   112  inv_mpu.o(i.accel_self_test)
    i.asin                                   0x080043e4   Section        0  asin.o(i.asin)
    i.atan                                   0x08004654   Section        0  atan.o(i.atan)
    i.atan2                                  0x08004874   Section        0  atan2.o(i.atan2)
    i.dmp_enable_6x_lp_quat                  0x08004a10   Section        0  inv_mpu_dmp_motion_driver.o(i.dmp_enable_6x_lp_quat)
    i.dmp_enable_feature                     0x08004a4c   Section        0  inv_mpu_dmp_motion_driver.o(i.dmp_enable_feature)
    i.dmp_enable_gyro_cal                    0x08004c28   Section        0  inv_mpu_dmp_motion_driver.o(i.dmp_enable_gyro_cal)
    i.dmp_enable_lp_quat                     0x08004c60   Section        0  inv_mpu_dmp_motion_driver.o(i.dmp_enable_lp_quat)
    i.dmp_load_motion_driver_firmware        0x08004c9c   Section        0  inv_mpu_dmp_motion_driver.o(i.dmp_load_motion_driver_firmware)
    i.dmp_read_fifo                          0x08004cb0   Section        0  inv_mpu_dmp_motion_driver.o(i.dmp_read_fifo)
    i.dmp_set_accel_bias                     0x08004e18   Section        0  inv_mpu_dmp_motion_driver.o(i.dmp_set_accel_bias)
    i.dmp_set_fifo_rate                      0x08004ef0   Section        0  inv_mpu_dmp_motion_driver.o(i.dmp_set_fifo_rate)
    i.dmp_set_gyro_bias                      0x08004f54   Section        0  inv_mpu_dmp_motion_driver.o(i.dmp_set_gyro_bias)
    i.dmp_set_orientation                    0x08005020   Section        0  inv_mpu_dmp_motion_driver.o(i.dmp_set_orientation)
    i.dmp_set_shake_reject_thresh            0x0800512c   Section        0  inv_mpu_dmp_motion_driver.o(i.dmp_set_shake_reject_thresh)
    i.dmp_set_shake_reject_time              0x0800515c   Section        0  inv_mpu_dmp_motion_driver.o(i.dmp_set_shake_reject_time)
    i.dmp_set_shake_reject_timeout           0x0800517c   Section        0  inv_mpu_dmp_motion_driver.o(i.dmp_set_shake_reject_timeout)
    i.dmp_set_tap_axes                       0x0800519c   Section        0  inv_mpu_dmp_motion_driver.o(i.dmp_set_tap_axes)
    i.dmp_set_tap_count                      0x080051dc   Section        0  inv_mpu_dmp_motion_driver.o(i.dmp_set_tap_count)
    i.dmp_set_tap_thresh                     0x08005200   Section        0  inv_mpu_dmp_motion_driver.o(i.dmp_set_tap_thresh)
    i.dmp_set_tap_time                       0x08005328   Section        0  inv_mpu_dmp_motion_driver.o(i.dmp_set_tap_time)
    i.dmp_set_tap_time_multi                 0x08005348   Section        0  inv_mpu_dmp_motion_driver.o(i.dmp_set_tap_time_multi)
    i.fputc                                  0x08005368   Section        0  usart.o(i.fputc)
    i.get_accel_prod_shift                   0x08005380   Section        0  inv_mpu.o(i.get_accel_prod_shift)
    get_accel_prod_shift                     0x08005381   Thumb Code   156  inv_mpu.o(i.get_accel_prod_shift)
    i.get_st_biases                          0x08005428   Section        0  inv_mpu.o(i.get_st_biases)
    get_st_biases                            0x08005429   Thumb Code   784  inv_mpu.o(i.get_st_biases)
    i.gyro_self_test                         0x0800573c   Section        0  inv_mpu.o(i.gyro_self_test)
    gyro_self_test                           0x0800573d   Thumb Code   194  inv_mpu.o(i.gyro_self_test)
    i.inv_orientation_matrix_to_scalar       0x08005814   Section        0  inv_mpu.o(i.inv_orientation_matrix_to_scalar)
    i.inv_row_2_scale                        0x08005836   Section        0  inv_mpu.o(i.inv_row_2_scale)
    i.main                                   0x08005880   Section        0  main.o(i.main)
    i.mget_ms                                0x08005a0c   Section        0  inv_mpu.o(i.mget_ms)
    i.motorPidSetSpeed                       0x08005a10   Section        0  motor.o(i.motorPidSetSpeed)
    i.motorPidSpeedCut                       0x08005a54   Section        0  motor.o(i.motorPidSpeedCut)
    i.motorPidSpeedUp                        0x08005a78   Section        0  motor.o(i.motorPidSpeedUp)
    i.mpu_configure_fifo                     0x08005aa0   Section        0  inv_mpu.o(i.mpu_configure_fifo)
    i.mpu_dmp_get_data                       0x08005af8   Section        0  inv_mpu.o(i.mpu_dmp_get_data)
    i.mpu_dmp_init                           0x08005c94   Section        0  inv_mpu.o(i.mpu_dmp_init)
    i.mpu_get_accel_fsr                      0x08005d38   Section        0  inv_mpu.o(i.mpu_get_accel_fsr)
    i.mpu_get_accel_sens                     0x08005d74   Section        0  inv_mpu.o(i.mpu_get_accel_sens)
    i.mpu_get_gyro_fsr                       0x08005db8   Section        0  inv_mpu.o(i.mpu_get_gyro_fsr)
    i.mpu_get_gyro_sens                      0x08005dec   Section        0  inv_mpu.o(i.mpu_get_gyro_sens)
    i.mpu_get_lpf                            0x08005e2c   Section        0  inv_mpu.o(i.mpu_get_lpf)
    i.mpu_get_sample_rate                    0x08005e64   Section        0  inv_mpu.o(i.mpu_get_sample_rate)
    i.mpu_init                               0x08005e80   Section        0  inv_mpu.o(i.mpu_init)
    i.mpu_load_firmware                      0x08006008   Section        0  inv_mpu.o(i.mpu_load_firmware)
    i.mpu_lp_accel_mode                      0x080060ac   Section        0  inv_mpu.o(i.mpu_lp_accel_mode)
    i.mpu_read_fifo_stream                   0x08006164   Section        0  inv_mpu.o(i.mpu_read_fifo_stream)
    i.mpu_read_mem                           0x080061f4   Section        0  inv_mpu.o(i.mpu_read_mem)
    i.mpu_reset_fifo                         0x08006248   Section        0  inv_mpu.o(i.mpu_reset_fifo)
    i.mpu_run_self_test                      0x080063a4   Section        0  inv_mpu.o(i.mpu_run_self_test)
    i.mpu_set_accel_fsr                      0x08006494   Section        0  inv_mpu.o(i.mpu_set_accel_fsr)
    i.mpu_set_bypass                         0x080064fc   Section        0  inv_mpu.o(i.mpu_set_bypass)
    i.mpu_set_dmp_state                      0x080065d8   Section        0  inv_mpu.o(i.mpu_set_dmp_state)
    i.mpu_set_gyro_fsr                       0x08006650   Section        0  inv_mpu.o(i.mpu_set_gyro_fsr)
    i.mpu_set_int_latched                    0x080066bc   Section        0  inv_mpu.o(i.mpu_set_int_latched)
    i.mpu_set_lpf                            0x08006720   Section        0  inv_mpu.o(i.mpu_set_lpf)
    i.mpu_set_sample_rate                    0x0800678c   Section        0  inv_mpu.o(i.mpu_set_sample_rate)
    i.mpu_set_sensors                        0x08006804   Section        0  inv_mpu.o(i.mpu_set_sensors)
    i.mpu_write_mem                          0x080068bc   Section        0  inv_mpu.o(i.mpu_write_mem)
    i.mpuiic_Delayus                         0x08006910   Section        0  mpuiic.o(i.mpuiic_Delayus)
    i.run_self_test                          0x08006934   Section        0  inv_mpu.o(i.run_self_test)
    i.set_int_enable                         0x080069b4   Section        0  inv_mpu.o(i.set_int_enable)
    set_int_enable                           0x080069b5   Thumb Code    80  inv_mpu.o(i.set_int_enable)
    i.sqrt                                   0x08006a08   Section        0  sqrt.o(i.sqrt)
    .constdata                               0x08006a54   Section       16  system_stm32f1xx.o(.constdata)
    .constdata                               0x08006a64   Section        8  system_stm32f1xx.o(.constdata)
    .constdata                               0x08006a6c   Section     3062  inv_mpu_dmp_motion_driver.o(.constdata)
    dmp_memory                               0x08006a6c   Data        3062  inv_mpu_dmp_motion_driver.o(.constdata)
    .constdata                               0x08007662   Section       27  inv_mpu.o(.constdata)
    .constdata                               0x0800767e   Section       12  inv_mpu.o(.constdata)
    .constdata                               0x0800768c   Section       40  inv_mpu.o(.constdata)
    .constdata                               0x080076b8   Section       80  asin.o(.constdata)
    pS                                       0x080076b8   Data          48  asin.o(.constdata)
    qS                                       0x080076e8   Data          32  asin.o(.constdata)
    .constdata                               0x08007708   Section      152  atan.o(.constdata)
    atanhi                                   0x08007708   Data          32  atan.o(.constdata)
    atanlo                                   0x08007728   Data          32  atan.o(.constdata)
    aTodd                                    0x08007748   Data          40  atan.o(.constdata)
    aTeven                                   0x08007770   Data          48  atan.o(.constdata)
    .constdata                               0x080077a0   Section        8  qnan.o(.constdata)
    .conststring                             0x080077a8   Section       77  inv_mpu.o(.conststring)
    .data                                    0x20000000   Section       28  main.o(.data)
    .data                                    0x2000001c   Section       20  stm32f1xx_it.o(.data)
    .data                                    0x20000030   Section       12  stm32f1xx_hal.o(.data)
    .data                                    0x2000003c   Section        4  system_stm32f1xx.o(.data)
    .data                                    0x20000040   Section        4  motor.o(.data)
    .data                                    0x20000044   Section       53  inv_mpu.o(.data)
    st                                       0x20000044   Data          44  inv_mpu.o(.data)
    gyro_orientation                         0x20000070   Data           9  inv_mpu.o(.data)
    .data                                    0x2000007c   Section        4  stdout.o(.data)
    .data                                    0x20000080   Section        4  errno.o(.data)
    _errno                                   0x20000080   Data           4  errno.o(.data)
    .bss                                     0x20000084   Section       50  main.o(.bss)
    .bss                                     0x200000b8   Section       48  adc.o(.bss)
    .bss                                     0x200000e8   Section      216  tim.o(.bss)
    .bss                                     0x200001c0   Section      136  usart.o(.bss)
    .bss                                     0x20000248   Section      256  stm32f1xx_it.o(.bss)
    .bss                                     0x20000348   Section      160  pid.o(.bss)
    .bss                                     0x200003e8   Section       16  inv_mpu_dmp_motion_driver.o(.bss)
    dmp                                      0x200003e8   Data          16  inv_mpu_dmp_motion_driver.o(.bss)
    STACK                                    0x200003f8   Section     2048  startup_stm32f103xb.o(STACK)

    Global Symbols

    Symbol Name                              Value     Ov Type        Size  Object(Section)

    BuildAttributes$$THM_ISAv4$P$D$K$B$S$PE$A:L22UL41UL21$X:L11$S22US41US21$IEEE1$IW$USESV6$~STKCKD$USESV7$~SHL$OTIME$ROPI$IEEEX$EBA8$MICROLIB$REQ8$PRES8$EABIv2 0x00000000   Number         0  anon$$obj.o ABSOLUTE
    __ARM_use_no_argv                        0x00000000   Number         0  main.o ABSOLUTE
    _printf_a                                0x00000000   Number         0  stubs.o ABSOLUTE
    _printf_c                                0x00000000   Number         0  stubs.o ABSOLUTE
    _printf_charcount                        0x00000000   Number         0  stubs.o ABSOLUTE
    _printf_d                                0x00000000   Number         0  stubs.o ABSOLUTE
    _printf_e                                0x00000000   Number         0  stubs.o ABSOLUTE
    _printf_f                                0x00000000   Number         0  stubs.o ABSOLUTE
    _printf_flags                            0x00000000   Number         0  stubs.o ABSOLUTE
    _printf_fp_dec                           0x00000000   Number         0  stubs.o ABSOLUTE
    _printf_fp_hex                           0x00000000   Number         0  stubs.o ABSOLUTE
    _printf_g                                0x00000000   Number         0  stubs.o ABSOLUTE
    _printf_i                                0x00000000   Number         0  stubs.o ABSOLUTE
    _printf_int_dec                          0x00000000   Number         0  stubs.o ABSOLUTE
    _printf_l                                0x00000000   Number         0  stubs.o ABSOLUTE
    _printf_lc                               0x00000000   Number         0  stubs.o ABSOLUTE
    _printf_ll                               0x00000000   Number         0  stubs.o ABSOLUTE
    _printf_lld                              0x00000000   Number         0  stubs.o ABSOLUTE
    _printf_lli                              0x00000000   Number         0  stubs.o ABSOLUTE
    _printf_llo                              0x00000000   Number         0  stubs.o ABSOLUTE
    _printf_llu                              0x00000000   Number         0  stubs.o ABSOLUTE
    _printf_llx                              0x00000000   Number         0  stubs.o ABSOLUTE
    _printf_longlong_dec                     0x00000000   Number         0  stubs.o ABSOLUTE
    _printf_longlong_hex                     0x00000000   Number         0  stubs.o ABSOLUTE
    _printf_longlong_oct                     0x00000000   Number         0  stubs.o ABSOLUTE
    _printf_ls                               0x00000000   Number         0  stubs.o ABSOLUTE
    _printf_mbtowc                           0x00000000   Number         0  stubs.o ABSOLUTE
    _printf_n                                0x00000000   Number         0  stubs.o ABSOLUTE
    _printf_o                                0x00000000   Number         0  stubs.o ABSOLUTE
    _printf_p                                0x00000000   Number         0  stubs.o ABSOLUTE
    _printf_percent                          0x00000000   Number         0  stubs.o ABSOLUTE
    _printf_pre_padding                      0x00000000   Number         0  stubs.o ABSOLUTE
    _printf_return_value                     0x00000000   Number         0  stubs.o ABSOLUTE
    _printf_s                                0x00000000   Number         0  stubs.o ABSOLUTE
    _printf_sizespec                         0x00000000   Number         0  stubs.o ABSOLUTE
    _printf_str                              0x00000000   Number         0  stubs.o ABSOLUTE
    _printf_truncate_signed                  0x00000000   Number         0  stubs.o ABSOLUTE
    _printf_truncate_unsigned                0x00000000   Number         0  stubs.o ABSOLUTE
    _printf_u                                0x00000000   Number         0  stubs.o ABSOLUTE
    _printf_wc                               0x00000000   Number         0  stubs.o ABSOLUTE
    _printf_wctomb                           0x00000000   Number         0  stubs.o ABSOLUTE
    _printf_widthprec                        0x00000000   Number         0  stubs.o ABSOLUTE
    _printf_x                                0x00000000   Number         0  stubs.o ABSOLUTE
    __arm_fini_                               - Undefined Weak Reference
    __cpp_initialize__aeabi_                  - Undefined Weak Reference
    __cxa_finalize                            - Undefined Weak Reference
    __decompress                              - Undefined Weak Reference
    _clock_init                               - Undefined Weak Reference
    _microlib_exit                            - Undefined Weak Reference
    _scanf_int                                - Undefined Weak Reference
    _scanf_longlong                           - Undefined Weak Reference
    _scanf_string                             - Undefined Weak Reference
    __Vectors_Size                           0x000000ec   Number         0  startup_stm32f103xb.o ABSOLUTE
    __Vectors                                0x08000000   Data           4  startup_stm32f103xb.o(RESET)
    __Vectors_End                            0x080000ec   Data           0  startup_stm32f103xb.o(RESET)
    __main                                   0x080000ed   Thumb Code     0  entry.o(.ARM.Collect$$$$00000000)
    _main_stk                                0x080000ed   Thumb Code     0  entry2.o(.ARM.Collect$$$$00000001)
    _main_scatterload                        0x080000f1   Thumb Code     0  entry5.o(.ARM.Collect$$$$00000004)
    __main_after_scatterload                 0x080000f5   Thumb Code     0  entry5.o(.ARM.Collect$$$$00000004)
    _main_clock                              0x080000f5   Thumb Code     0  entry7b.o(.ARM.Collect$$$$00000008)
    _main_cpp_init                           0x080000f5   Thumb Code     0  entry8b.o(.ARM.Collect$$$$0000000A)
    _main_init                               0x080000f5   Thumb Code     0  entry9a.o(.ARM.Collect$$$$0000000B)
    __rt_lib_shutdown_fini                   0x080000fd   Thumb Code     0  entry12b.o(.ARM.Collect$$$$0000000E)
    __rt_final_cpp                           0x08000101   Thumb Code     0  entry10a.o(.ARM.Collect$$$$0000000F)
    __rt_final_exit                          0x08000101   Thumb Code     0  entry11a.o(.ARM.Collect$$$$00000011)
    Reset_Handler                            0x08000105   Thumb Code     8  startup_stm32f103xb.o(.text)
    ADC1_2_IRQHandler                        0x0800011f   Thumb Code     0  startup_stm32f103xb.o(.text)
    CAN1_RX1_IRQHandler                      0x0800011f   Thumb Code     0  startup_stm32f103xb.o(.text)
    CAN1_SCE_IRQHandler                      0x0800011f   Thumb Code     0  startup_stm32f103xb.o(.text)
    DMA1_Channel1_IRQHandler                 0x0800011f   Thumb Code     0  startup_stm32f103xb.o(.text)
    DMA1_Channel2_IRQHandler                 0x0800011f   Thumb Code     0  startup_stm32f103xb.o(.text)
    DMA1_Channel3_IRQHandler                 0x0800011f   Thumb Code     0  startup_stm32f103xb.o(.text)
    DMA1_Channel4_IRQHandler                 0x0800011f   Thumb Code     0  startup_stm32f103xb.o(.text)
    DMA1_Channel5_IRQHandler                 0x0800011f   Thumb Code     0  startup_stm32f103xb.o(.text)
    DMA1_Channel6_IRQHandler                 0x0800011f   Thumb Code     0  startup_stm32f103xb.o(.text)
    DMA1_Channel7_IRQHandler                 0x0800011f   Thumb Code     0  startup_stm32f103xb.o(.text)
    EXTI0_IRQHandler                         0x0800011f   Thumb Code     0  startup_stm32f103xb.o(.text)
    EXTI1_IRQHandler                         0x0800011f   Thumb Code     0  startup_stm32f103xb.o(.text)
    EXTI2_IRQHandler                         0x0800011f   Thumb Code     0  startup_stm32f103xb.o(.text)
    EXTI3_IRQHandler                         0x0800011f   Thumb Code     0  startup_stm32f103xb.o(.text)
    EXTI9_5_IRQHandler                       0x0800011f   Thumb Code     0  startup_stm32f103xb.o(.text)
    FLASH_IRQHandler                         0x0800011f   Thumb Code     0  startup_stm32f103xb.o(.text)
    I2C1_ER_IRQHandler                       0x0800011f   Thumb Code     0  startup_stm32f103xb.o(.text)
    I2C1_EV_IRQHandler                       0x0800011f   Thumb Code     0  startup_stm32f103xb.o(.text)
    I2C2_ER_IRQHandler                       0x0800011f   Thumb Code     0  startup_stm32f103xb.o(.text)
    I2C2_EV_IRQHandler                       0x0800011f   Thumb Code     0  startup_stm32f103xb.o(.text)
    PVD_IRQHandler                           0x0800011f   Thumb Code     0  startup_stm32f103xb.o(.text)
    RCC_IRQHandler                           0x0800011f   Thumb Code     0  startup_stm32f103xb.o(.text)
    RTC_Alarm_IRQHandler                     0x0800011f   Thumb Code     0  startup_stm32f103xb.o(.text)
    RTC_IRQHandler                           0x0800011f   Thumb Code     0  startup_stm32f103xb.o(.text)
    SPI1_IRQHandler                          0x0800011f   Thumb Code     0  startup_stm32f103xb.o(.text)
    SPI2_IRQHandler                          0x0800011f   Thumb Code     0  startup_stm32f103xb.o(.text)
    TAMPER_IRQHandler                        0x0800011f   Thumb Code     0  startup_stm32f103xb.o(.text)
    TIM1_BRK_IRQHandler                      0x0800011f   Thumb Code     0  startup_stm32f103xb.o(.text)
    TIM1_CC_IRQHandler                       0x0800011f   Thumb Code     0  startup_stm32f103xb.o(.text)
    TIM1_TRG_COM_IRQHandler                  0x0800011f   Thumb Code     0  startup_stm32f103xb.o(.text)
    TIM3_IRQHandler                          0x0800011f   Thumb Code     0  startup_stm32f103xb.o(.text)
    USART2_IRQHandler                        0x0800011f   Thumb Code     0  startup_stm32f103xb.o(.text)
    USBWakeUp_IRQHandler                     0x0800011f   Thumb Code     0  startup_stm32f103xb.o(.text)
    USB_HP_CAN1_TX_IRQHandler                0x0800011f   Thumb Code     0  startup_stm32f103xb.o(.text)
    USB_LP_CAN1_RX0_IRQHandler               0x0800011f   Thumb Code     0  startup_stm32f103xb.o(.text)
    WWDG_IRQHandler                          0x0800011f   Thumb Code     0  startup_stm32f103xb.o(.text)
    __aeabi_ldivmod                          0x08000129   Thumb Code    98  ldiv.o(.text)
    __aeabi_llsr                             0x0800018b   Thumb Code    32  llushr.o(.text)
    _ll_ushift_r                             0x0800018b   Thumb Code     0  llushr.o(.text)
    __aeabi_memset                           0x080001ab   Thumb Code    14  memseta.o(.text)
    __aeabi_memset4                          0x080001ab   Thumb Code     0  memseta.o(.text)
    __aeabi_memset8                          0x080001ab   Thumb Code     0  memseta.o(.text)
    __aeabi_memclr                           0x080001b9   Thumb Code     4  memseta.o(.text)
    __aeabi_memclr4                          0x080001b9   Thumb Code     0  memseta.o(.text)
    __aeabi_memclr8                          0x080001b9   Thumb Code     0  memseta.o(.text)
    _memset$wrapper                          0x080001bd   Thumb Code    18  memseta.o(.text)
    strlen                                   0x080001cf   Thumb Code    14  strlen.o(.text)
    memcmp                                   0x080001dd   Thumb Code    26  memcmp.o(.text)
    __aeabi_fadd                             0x080001f7   Thumb Code   164  fadd.o(.text)
    __aeabi_fsub                             0x0800029b   Thumb Code     6  fadd.o(.text)
    __aeabi_frsub                            0x080002a1   Thumb Code     6  fadd.o(.text)
    __aeabi_fmul                             0x080002a7   Thumb Code   100  fmul.o(.text)
    __aeabi_fdiv                             0x0800030b   Thumb Code   124  fdiv.o(.text)
    __ARM_scalbnf                            0x08000387   Thumb Code    24  fscalb.o(.text)
    scalbnf                                  0x08000387   Thumb Code     0  fscalb.o(.text)
    __aeabi_dadd                             0x0800039f   Thumb Code   322  dadd.o(.text)
    __aeabi_dsub                             0x080004e1   Thumb Code     6  dadd.o(.text)
    __aeabi_drsub                            0x080004e7   Thumb Code     6  dadd.o(.text)
    __aeabi_dmul                             0x080004ed   Thumb Code   228  dmul.o(.text)
    __aeabi_ddiv                             0x080005d1   Thumb Code   222  ddiv.o(.text)
    __ARM_scalbn                             0x080006af   Thumb Code    46  dscalb.o(.text)
    scalbn                                   0x080006af   Thumb Code     0  dscalb.o(.text)
    __aeabi_i2f                              0x080006dd   Thumb Code    18  fflti.o(.text)
    __aeabi_ui2f                             0x080006ef   Thumb Code    10  ffltui.o(.text)
    __aeabi_f2iz                             0x080006f9   Thumb Code    50  ffixi.o(.text)
    __aeabi_f2uiz                            0x0800072b   Thumb Code    40  ffixui.o(.text)
    __aeabi_f2d                              0x08000753   Thumb Code    38  f2d.o(.text)
    __aeabi_cdcmpeq                          0x08000779   Thumb Code     0  cdcmple.o(.text)
    __aeabi_cdcmple                          0x08000779   Thumb Code    48  cdcmple.o(.text)
    __aeabi_cdrcmple                         0x080007a9   Thumb Code    48  cdrcmple.o(.text)
    __aeabi_d2f                              0x080007d9   Thumb Code    56  d2f.o(.text)
    __aeabi_uidiv                            0x08000811   Thumb Code     0  uidiv.o(.text)
    __aeabi_uidivmod                         0x08000811   Thumb Code    44  uidiv.o(.text)
    __aeabi_uldivmod                         0x0800083d   Thumb Code    98  uldiv.o(.text)
    __aeabi_llsl                             0x0800089f   Thumb Code    30  llshl.o(.text)
    _ll_shift_l                              0x0800089f   Thumb Code     0  llshl.o(.text)
    __aeabi_lasr                             0x080008bd   Thumb Code    36  llsshr.o(.text)
    _ll_sshift_r                             0x080008bd   Thumb Code     0  llsshr.o(.text)
    __I$use$fp                               0x080008e1   Thumb Code     0  iusefp.o(.text)
    _float_round                             0x080008e1   Thumb Code    18  fepilogue.o(.text)
    _float_epilogue                          0x080008f3   Thumb Code    92  fepilogue.o(.text)
    _double_round                            0x0800094f   Thumb Code    30  depilogue.o(.text)
    _double_epilogue                         0x0800096d   Thumb Code   156  depilogue.o(.text)
    __aeabi_d2ulz                            0x08000a09   Thumb Code    48  dfixul.o(.text)
    __scatterload                            0x08000a39   Thumb Code    28  init.o(.text)
    __scatterload_rt2                        0x08000a39   Thumb Code     0  init.o(.text)
    _dsqrt                                   0x08000a5d   Thumb Code   162  dsqrt.o(.text)
    ADC_ConversionStop_Disable               0x08000aff   Thumb Code    84  stm32f1xx_hal_adc.o(i.ADC_ConversionStop_Disable)
    BusFault_Handler                         0x08000b53   Thumb Code     2  stm32f1xx_it.o(i.BusFault_Handler)
    DebugMon_Handler                         0x08000b55   Thumb Code     2  stm32f1xx_it.o(i.DebugMon_Handler)
    EXTI15_10_IRQHandler                     0x08000b57   Thumb Code     8  stm32f1xx_it.o(i.EXTI15_10_IRQHandler)
    EXTI4_IRQHandler                         0x08000b5f   Thumb Code     6  stm32f1xx_it.o(i.EXTI4_IRQHandler)
    Error_Handler                            0x08000b65   Thumb Code     4  main.o(i.Error_Handler)
    HAL_ADC_ConfigChannel                    0x08000b69   Thumb Code   240  stm32f1xx_hal_adc.o(i.HAL_ADC_ConfigChannel)
    HAL_ADC_Init                             0x08000c65   Thumb Code   270  stm32f1xx_hal_adc.o(i.HAL_ADC_Init)
    HAL_ADC_MspInit                          0x08000d81   Thumb Code    76  adc.o(i.HAL_ADC_MspInit)
    HAL_DMA_Abort                            0x08000dd9   Thumb Code    70  stm32f1xx_hal_dma.o(i.HAL_DMA_Abort)
    HAL_DMA_Abort_IT                         0x08000e21   Thumb Code   148  stm32f1xx_hal_dma.o(i.HAL_DMA_Abort_IT)
    HAL_Delay                                0x08000eb9   Thumb Code    32  stm32f1xx_hal.o(i.HAL_Delay)
    HAL_GPIO_EXTI_Callback                   0x08000edd   Thumb Code    24  gpio.o(i.HAL_GPIO_EXTI_Callback)
    HAL_GPIO_EXTI_IRQHandler                 0x08000ef9   Thumb Code    18  stm32f1xx_hal_gpio.o(i.HAL_GPIO_EXTI_IRQHandler)
    HAL_GPIO_Init                            0x08000f11   Thumb Code   426  stm32f1xx_hal_gpio.o(i.HAL_GPIO_Init)
    HAL_GPIO_ReadPin                         0x080010dd   Thumb Code    10  stm32f1xx_hal_gpio.o(i.HAL_GPIO_ReadPin)
    HAL_GPIO_TogglePin                       0x080010e7   Thumb Code    16  stm32f1xx_hal_gpio.o(i.HAL_GPIO_TogglePin)
    HAL_GPIO_WritePin                        0x080010f7   Thumb Code    10  stm32f1xx_hal_gpio.o(i.HAL_GPIO_WritePin)
    HAL_GetTick                              0x08001101   Thumb Code     6  stm32f1xx_hal.o(i.HAL_GetTick)
    HAL_IncTick                              0x0800110d   Thumb Code    12  stm32f1xx_hal.o(i.HAL_IncTick)
    HAL_Init                                 0x0800111d   Thumb Code    32  stm32f1xx_hal.o(i.HAL_Init)
    HAL_InitTick                             0x08001141   Thumb Code    54  stm32f1xx_hal.o(i.HAL_InitTick)
    HAL_MspInit                              0x08001181   Thumb Code    52  stm32f1xx_hal_msp.o(i.HAL_MspInit)
    HAL_NVIC_EnableIRQ                       0x080011bd   Thumb Code    26  stm32f1xx_hal_cortex.o(i.HAL_NVIC_EnableIRQ)
    HAL_NVIC_SetPriority                     0x080011d9   Thumb Code    60  stm32f1xx_hal_cortex.o(i.HAL_NVIC_SetPriority)
    HAL_NVIC_SetPriorityGrouping             0x08001219   Thumb Code    26  stm32f1xx_hal_cortex.o(i.HAL_NVIC_SetPriorityGrouping)
    HAL_RCCEx_PeriphCLKConfig                0x0800123d   Thumb Code   220  stm32f1xx_hal_rcc_ex.o(i.HAL_RCCEx_PeriphCLKConfig)
    HAL_RCC_ClockConfig                      0x08001325   Thumb Code   292  stm32f1xx_hal_rcc.o(i.HAL_RCC_ClockConfig)
    HAL_RCC_GetPCLK1Freq                     0x0800145d   Thumb Code    20  stm32f1xx_hal_rcc.o(i.HAL_RCC_GetPCLK1Freq)
    HAL_RCC_GetPCLK2Freq                     0x0800147d   Thumb Code    20  stm32f1xx_hal_rcc.o(i.HAL_RCC_GetPCLK2Freq)
    HAL_RCC_GetSysClockFreq                  0x0800149d   Thumb Code    74  stm32f1xx_hal_rcc.o(i.HAL_RCC_GetSysClockFreq)
    HAL_RCC_OscConfig                        0x08001509   Thumb Code   770  stm32f1xx_hal_rcc.o(i.HAL_RCC_OscConfig)
    HAL_SYSTICK_Config                       0x08001821   Thumb Code    40  stm32f1xx_hal_cortex.o(i.HAL_SYSTICK_Config)
    HAL_TIMEx_BreakCallback                  0x08001849   Thumb Code     2  stm32f1xx_hal_tim_ex.o(i.HAL_TIMEx_BreakCallback)
    HAL_TIMEx_CommutCallback                 0x0800184b   Thumb Code     2  stm32f1xx_hal_tim_ex.o(i.HAL_TIMEx_CommutCallback)
    HAL_TIMEx_ConfigBreakDeadTime            0x0800184d   Thumb Code    84  stm32f1xx_hal_tim_ex.o(i.HAL_TIMEx_ConfigBreakDeadTime)
    HAL_TIMEx_MasterConfigSynchronization    0x080018a1   Thumb Code    92  stm32f1xx_hal_tim_ex.o(i.HAL_TIMEx_MasterConfigSynchronization)
    HAL_TIM_Base_Init                        0x08001909   Thumb Code    90  stm32f1xx_hal_tim.o(i.HAL_TIM_Base_Init)
    HAL_TIM_Base_MspInit                     0x08001965   Thumb Code    50  tim.o(i.HAL_TIM_Base_MspInit)
    HAL_TIM_Base_Start_IT                    0x080019a1   Thumb Code    76  stm32f1xx_hal_tim.o(i.HAL_TIM_Base_Start_IT)
    HAL_TIM_ConfigClockSource                0x080019f9   Thumb Code   214  stm32f1xx_hal_tim.o(i.HAL_TIM_ConfigClockSource)
    HAL_TIM_Encoder_Init                     0x08001acf   Thumb Code   164  stm32f1xx_hal_tim.o(i.HAL_TIM_Encoder_Init)
    HAL_TIM_Encoder_MspInit                  0x08001b75   Thumb Code   158  tim.o(i.HAL_TIM_Encoder_MspInit)
    HAL_TIM_Encoder_Start                    0x08001c25   Thumb Code   146  stm32f1xx_hal_tim.o(i.HAL_TIM_Encoder_Start)
    HAL_TIM_IC_CaptureCallback               0x08001cb7   Thumb Code     2  stm32f1xx_hal_tim.o(i.HAL_TIM_IC_CaptureCallback)
    HAL_TIM_IRQHandler                       0x08001cb9   Thumb Code   358  stm32f1xx_hal_tim.o(i.HAL_TIM_IRQHandler)
    HAL_TIM_MspPostInit                      0x08001e21   Thumb Code    64  tim.o(i.HAL_TIM_MspPostInit)
    HAL_TIM_OC_DelayElapsedCallback          0x08001e6d   Thumb Code     2  stm32f1xx_hal_tim.o(i.HAL_TIM_OC_DelayElapsedCallback)
    HAL_TIM_PWM_ConfigChannel                0x08001e6f   Thumb Code   198  stm32f1xx_hal_tim.o(i.HAL_TIM_PWM_ConfigChannel)
    HAL_TIM_PWM_Init                         0x08001f35   Thumb Code    90  stm32f1xx_hal_tim.o(i.HAL_TIM_PWM_Init)
    HAL_TIM_PWM_MspInit                      0x08001f8f   Thumb Code     2  stm32f1xx_hal_tim.o(i.HAL_TIM_PWM_MspInit)
    HAL_TIM_PWM_PulseFinishedCallback        0x08001f91   Thumb Code     2  stm32f1xx_hal_tim.o(i.HAL_TIM_PWM_PulseFinishedCallback)
    HAL_TIM_PWM_Start                        0x08001f95   Thumb Code   148  stm32f1xx_hal_tim.o(i.HAL_TIM_PWM_Start)
    HAL_TIM_PeriodElapsedCallback            0x08002035   Thumb Code   266  stm32f1xx_it.o(i.HAL_TIM_PeriodElapsedCallback)
    HAL_TIM_TriggerCallback                  0x08002171   Thumb Code     2  stm32f1xx_hal_tim.o(i.HAL_TIM_TriggerCallback)
    HAL_UARTEx_RxEventCallback               0x08002173   Thumb Code     2  stm32f1xx_hal_uart.o(i.HAL_UARTEx_RxEventCallback)
    HAL_UART_ErrorCallback                   0x08002175   Thumb Code     2  stm32f1xx_hal_uart.o(i.HAL_UART_ErrorCallback)
    HAL_UART_IRQHandler                      0x08002179   Thumb Code   520  stm32f1xx_hal_uart.o(i.HAL_UART_IRQHandler)
    HAL_UART_Init                            0x08002385   Thumb Code    98  stm32f1xx_hal_uart.o(i.HAL_UART_Init)
    HAL_UART_MspInit                         0x080023e9   Thumb Code   198  usart.o(i.HAL_UART_MspInit)
    HAL_UART_Receive                         0x080024c5   Thumb Code   196  stm32f1xx_hal_uart.o(i.HAL_UART_Receive)
    HAL_UART_Receive_IT                      0x08002589   Thumb Code    42  stm32f1xx_hal_uart.o(i.HAL_UART_Receive_IT)
    HAL_UART_RxCpltCallback                  0x080025b5   Thumb Code   168  stm32f1xx_it.o(i.HAL_UART_RxCpltCallback)
    HAL_UART_Transmit                        0x08002679   Thumb Code   176  stm32f1xx_hal_uart.o(i.HAL_UART_Transmit)
    HAL_UART_TxCpltCallback                  0x08002729   Thumb Code     2  stm32f1xx_hal_uart.o(i.HAL_UART_TxCpltCallback)
    HardFault_Handler                        0x0800272b   Thumb Code     2  stm32f1xx_it.o(i.HardFault_Handler)
    IIC_Start                                0x0800272d   Thumb Code    56  oled.o(i.IIC_Start)
    IIC_Stop                                 0x0800276d   Thumb Code    42  oled.o(i.IIC_Stop)
    IIC_Wait_Ack                             0x080027a1   Thumb Code    30  oled.o(i.IIC_Wait_Ack)
    MPU_IIC_Ack                              0x080027c5   Thumb Code    82  mpuiic.o(i.MPU_IIC_Ack)
    MPU_IIC_Init                             0x0800281d   Thumb Code     2  mpuiic.o(i.MPU_IIC_Init)
    MPU_IIC_NAck                             0x08002821   Thumb Code    82  mpuiic.o(i.MPU_IIC_NAck)
    MPU_IIC_Read_Byte                        0x08002879   Thumb Code   116  mpuiic.o(i.MPU_IIC_Read_Byte)
    MPU_IIC_Send_Byte                        0x080028f1   Thumb Code   110  mpuiic.o(i.MPU_IIC_Send_Byte)
    MPU_IIC_Start                            0x08002965   Thumb Code    82  mpuiic.o(i.MPU_IIC_Start)
    MPU_IIC_Stop                             0x080029bd   Thumb Code    82  mpuiic.o(i.MPU_IIC_Stop)
    MPU_IIC_Wait_Ack                         0x08002a15   Thumb Code   108  mpuiic.o(i.MPU_IIC_Wait_Ack)
    MPU_Init                                 0x08002a85   Thumb Code   118  mpu6050.o(i.MPU_Init)
    MPU_Read_Byte                            0x08002afb   Thumb Code    58  mpu6050.o(i.MPU_Read_Byte)
    MPU_Read_Len                             0x08002b35   Thumb Code   106  mpu6050.o(i.MPU_Read_Len)
    MPU_Set_Accel_Fsr                        0x08002b9f   Thumb Code    10  mpu6050.o(i.MPU_Set_Accel_Fsr)
    MPU_Set_Gyro_Fsr                         0x08002ba9   Thumb Code    10  mpu6050.o(i.MPU_Set_Gyro_Fsr)
    MPU_Set_LPF                              0x08002bb3   Thumb Code    48  mpu6050.o(i.MPU_Set_LPF)
    MPU_Set_Rate                             0x08002be3   Thumb Code    46  mpu6050.o(i.MPU_Set_Rate)
    MPU_Write_Byte                           0x08002c11   Thumb Code    60  mpu6050.o(i.MPU_Write_Byte)
    MPU_Write_Len                            0x08002c4d   Thumb Code    82  mpu6050.o(i.MPU_Write_Len)
    MX_ADC2_Init                             0x08002ca1   Thumb Code    72  adc.o(i.MX_ADC2_Init)
    MX_GPIO_Init                             0x08002cf1   Thumb Code   322  gpio.o(i.MX_GPIO_Init)
    MX_TIM1_Init                             0x08002e4d   Thumb Code   212  tim.o(i.MX_TIM1_Init)
    MX_TIM2_Init                             0x08002f29   Thumb Code   102  tim.o(i.MX_TIM2_Init)
    MX_TIM4_Init                             0x08002f95   Thumb Code   100  tim.o(i.MX_TIM4_Init)
    MX_USART1_UART_Init                      0x08003001   Thumb Code    48  usart.o(i.MX_USART1_UART_Init)
    MX_USART3_UART_Init                      0x08003039   Thumb Code    48  usart.o(i.MX_USART3_UART_Init)
    MemManage_Handler                        0x08003071   Thumb Code     2  stm32f1xx_it.o(i.MemManage_Handler)
    Motor_Set                                0x08003075   Thumb Code   106  motor.o(i.Motor_Set)
    NMI_Handler                              0x080030e9   Thumb Code     2  stm32f1xx_it.o(i.NMI_Handler)
    OLED_Clear                               0x080030eb   Thumb Code    58  oled.o(i.OLED_Clear)
    OLED_Init                                0x08003125   Thumb Code   230  oled.o(i.OLED_Init)
    OLED_WR_Byte                             0x0800320b   Thumb Code    12  oled.o(i.OLED_WR_Byte)
    PID_init                                 0x08003219   Thumb Code   114  pid.o(i.PID_init)
    PID_realize                              0x080032b1   Thumb Code    82  pid.o(i.PID_realize)
    PendSV_Handler                           0x08003303   Thumb Code     2  stm32f1xx_it.o(i.PendSV_Handler)
    SVC_Handler                              0x08003305   Thumb Code     2  stm32f1xx_it.o(i.SVC_Handler)
    SysTick_Handler                          0x08003307   Thumb Code     4  stm32f1xx_it.o(i.SysTick_Handler)
    SystemClock_Config                       0x0800330b   Thumb Code   122  main.o(i.SystemClock_Config)
    SystemInit                               0x08003385   Thumb Code     2  system_stm32f1xx.o(i.SystemInit)
    TIM1_UP_IRQHandler                       0x08003389   Thumb Code     6  stm32f1xx_it.o(i.TIM1_UP_IRQHandler)
    TIM2_IRQHandler                          0x08003395   Thumb Code     6  stm32f1xx_it.o(i.TIM2_IRQHandler)
    TIM4_IRQHandler                          0x080033a1   Thumb Code     6  stm32f1xx_it.o(i.TIM4_IRQHandler)
    TIM_Base_SetConfig                       0x080033ad   Thumb Code    94  stm32f1xx_hal_tim.o(i.TIM_Base_SetConfig)
    TIM_CCxChannelCmd                        0x08003419   Thumb Code    26  stm32f1xx_hal_tim.o(i.TIM_CCxChannelCmd)
    TIM_ETR_SetConfig                        0x08003433   Thumb Code    20  stm32f1xx_hal_tim.o(i.TIM_ETR_SetConfig)
    TIM_OC2_SetConfig                        0x080034b1   Thumb Code    86  stm32f1xx_hal_tim.o(i.TIM_OC2_SetConfig)
    UART_Start_Receive_IT                    0x0800379d   Thumb Code    54  stm32f1xx_hal_uart.o(i.UART_Start_Receive_IT)
    USART1_IRQHandler                        0x08003835   Thumb Code    56  stm32f1xx_it.o(i.USART1_IRQHandler)
    USART3_IRQHandler                        0x08003879   Thumb Code     6  stm32f1xx_it.o(i.USART3_IRQHandler)
    UsageFault_Handler                       0x08003885   Thumb Code     2  stm32f1xx_it.o(i.UsageFault_Handler)
    Write_IIC_Byte                           0x08003889   Thumb Code    90  oled.o(i.Write_IIC_Byte)
    Write_IIC_Command                        0x080038ed   Thumb Code    46  oled.o(i.Write_IIC_Command)
    Write_IIC_Data                           0x0800391b   Thumb Code    46  oled.o(i.Write_IIC_Data)
    __0printf                                0x08003949   Thumb Code    22  printfa.o(i.__0printf)
    __1printf                                0x08003949   Thumb Code     0  printfa.o(i.__0printf)
    __2printf                                0x08003949   Thumb Code     0  printfa.o(i.__0printf)
    __c89printf                              0x08003949   Thumb Code     0  printfa.o(i.__0printf)
    printf                                   0x08003949   Thumb Code     0  printfa.o(i.__0printf)
    __0sprintf                               0x08003969   Thumb Code    34  printfa.o(i.__0sprintf)
    __1sprintf                               0x08003969   Thumb Code     0  printfa.o(i.__0sprintf)
    __2sprintf                               0x08003969   Thumb Code     0  printfa.o(i.__0sprintf)
    __c89sprintf                             0x08003969   Thumb Code     0  printfa.o(i.__0sprintf)
    sprintf                                  0x08003969   Thumb Code     0  printfa.o(i.__0sprintf)
    __ARM_fpclassify                         0x08003991   Thumb Code    40  fpclassify.o(i.__ARM_fpclassify)
    __kernel_poly                            0x080039d9   Thumb Code   170  poly.o(i.__kernel_poly)
    __mathlib_dbl_infnan                     0x08003a83   Thumb Code     6  dunder.o(i.__mathlib_dbl_infnan)
    __mathlib_dbl_infnan2                    0x08003a89   Thumb Code     4  dunder.o(i.__mathlib_dbl_infnan2)
    __mathlib_dbl_invalid                    0x08003a8d   Thumb Code    12  dunder.o(i.__mathlib_dbl_invalid)
    __mathlib_dbl_underflow                  0x08003a99   Thumb Code    10  dunder.o(i.__mathlib_dbl_underflow)
    __scatterload_copy                       0x08003aa9   Thumb Code    14  handlers.o(i.__scatterload_copy)
    __scatterload_null                       0x08003ab7   Thumb Code     2  handlers.o(i.__scatterload_null)
    __scatterload_zeroinit                   0x08003ab9   Thumb Code    14  handlers.o(i.__scatterload_zeroinit)
    __set_errno                              0x08003ac9   Thumb Code     6  errno.o(i.__set_errno)
    asin                                     0x080043e5   Thumb Code   572  asin.o(i.asin)
    atan                                     0x08004655   Thumb Code   474  atan.o(i.atan)
    atan2                                    0x08004875   Thumb Code   374  atan2.o(i.atan2)
    dmp_enable_6x_lp_quat                    0x08004a11   Thumb Code    58  inv_mpu_dmp_motion_driver.o(i.dmp_enable_6x_lp_quat)
    dmp_enable_feature                       0x08004a4d   Thumb Code   468  inv_mpu_dmp_motion_driver.o(i.dmp_enable_feature)
    dmp_enable_gyro_cal                      0x08004c29   Thumb Code    32  inv_mpu_dmp_motion_driver.o(i.dmp_enable_gyro_cal)
    dmp_enable_lp_quat                       0x08004c61   Thumb Code    58  inv_mpu_dmp_motion_driver.o(i.dmp_enable_lp_quat)
    dmp_load_motion_driver_firmware          0x08004c9d   Thumb Code    16  inv_mpu_dmp_motion_driver.o(i.dmp_load_motion_driver_firmware)
    dmp_read_fifo                            0x08004cb1   Thumb Code   356  inv_mpu_dmp_motion_driver.o(i.dmp_read_fifo)
    dmp_set_accel_bias                       0x08004e19   Thumb Code   210  inv_mpu_dmp_motion_driver.o(i.dmp_set_accel_bias)
    dmp_set_fifo_rate                        0x08004ef1   Thumb Code    82  inv_mpu_dmp_motion_driver.o(i.dmp_set_fifo_rate)
    dmp_set_gyro_bias                        0x08004f55   Thumb Code   196  inv_mpu_dmp_motion_driver.o(i.dmp_set_gyro_bias)
    dmp_set_orientation                      0x08005021   Thumb Code   246  inv_mpu_dmp_motion_driver.o(i.dmp_set_orientation)
    dmp_set_shake_reject_thresh              0x0800512d   Thumb Code    48  inv_mpu_dmp_motion_driver.o(i.dmp_set_shake_reject_thresh)
    dmp_set_shake_reject_time                0x0800515d   Thumb Code    32  inv_mpu_dmp_motion_driver.o(i.dmp_set_shake_reject_time)
    dmp_set_shake_reject_timeout             0x0800517d   Thumb Code    32  inv_mpu_dmp_motion_driver.o(i.dmp_set_shake_reject_timeout)
    dmp_set_tap_axes                         0x0800519d   Thumb Code    64  inv_mpu_dmp_motion_driver.o(i.dmp_set_tap_axes)
    dmp_set_tap_count                        0x080051dd   Thumb Code    34  inv_mpu_dmp_motion_driver.o(i.dmp_set_tap_count)
    dmp_set_tap_thresh                       0x08005201   Thumb Code   274  inv_mpu_dmp_motion_driver.o(i.dmp_set_tap_thresh)
    dmp_set_tap_time                         0x08005329   Thumb Code    32  inv_mpu_dmp_motion_driver.o(i.dmp_set_tap_time)
    dmp_set_tap_time_multi                   0x08005349   Thumb Code    32  inv_mpu_dmp_motion_driver.o(i.dmp_set_tap_time_multi)
    fputc                                    0x08005369   Thumb Code    20  usart.o(i.fputc)
    inv_orientation_matrix_to_scalar         0x08005815   Thumb Code    34  inv_mpu.o(i.inv_orientation_matrix_to_scalar)
    inv_row_2_scale                          0x08005837   Thumb Code    72  inv_mpu.o(i.inv_row_2_scale)
    main                                     0x08005881   Thumb Code   322  main.o(i.main)
    mget_ms                                  0x08005a0d   Thumb Code     2  inv_mpu.o(i.mget_ms)
    motorPidSetSpeed                         0x08005a11   Thumb Code    50  motor.o(i.motorPidSetSpeed)
    motorPidSpeedCut                         0x08005a55   Thumb Code    30  motor.o(i.motorPidSpeedCut)
    motorPidSpeedUp                          0x08005a79   Thumb Code    32  motor.o(i.motorPidSpeedUp)
    mpu_configure_fifo                       0x08005aa1   Thumb Code    84  inv_mpu.o(i.mpu_configure_fifo)
    mpu_dmp_get_data                         0x08005af9   Thumb Code   408  inv_mpu.o(i.mpu_dmp_get_data)
    mpu_dmp_init                             0x08005c95   Thumb Code   158  inv_mpu.o(i.mpu_dmp_init)
    mpu_get_accel_fsr                        0x08005d39   Thumb Code    54  inv_mpu.o(i.mpu_get_accel_fsr)
    mpu_get_accel_sens                       0x08005d75   Thumb Code    62  inv_mpu.o(i.mpu_get_accel_sens)
    mpu_get_gyro_fsr                         0x08005db9   Thumb Code    48  inv_mpu.o(i.mpu_get_gyro_fsr)
    mpu_get_gyro_sens                        0x08005ded   Thumb Code    44  inv_mpu.o(i.mpu_get_gyro_sens)
    mpu_get_lpf                              0x08005e2d   Thumb Code    52  inv_mpu.o(i.mpu_get_lpf)
    mpu_get_sample_rate                      0x08005e65   Thumb Code    22  inv_mpu.o(i.mpu_get_sample_rate)
    mpu_init                                 0x08005e81   Thumb Code   310  inv_mpu.o(i.mpu_init)
    mpu_load_firmware                        0x08006009   Thumb Code   158  inv_mpu.o(i.mpu_load_firmware)
    mpu_lp_accel_mode                        0x080060ad   Thumb Code   178  inv_mpu.o(i.mpu_lp_accel_mode)
    mpu_read_fifo_stream                     0x08006165   Thumb Code   140  inv_mpu.o(i.mpu_read_fifo_stream)
    mpu_read_mem                             0x080061f5   Thumb Code    80  inv_mpu.o(i.mpu_read_mem)
    mpu_reset_fifo                           0x08006249   Thumb Code   344  inv_mpu.o(i.mpu_reset_fifo)
    mpu_run_self_test                        0x080063a5   Thumb Code   234  inv_mpu.o(i.mpu_run_self_test)
    mpu_set_accel_fsr                        0x08006495   Thumb Code    98  inv_mpu.o(i.mpu_set_accel_fsr)
    mpu_set_bypass                           0x080064fd   Thumb Code   214  inv_mpu.o(i.mpu_set_bypass)
    mpu_set_dmp_state                        0x080065d9   Thumb Code   114  inv_mpu.o(i.mpu_set_dmp_state)
    mpu_set_gyro_fsr                         0x08006651   Thumb Code   104  inv_mpu.o(i.mpu_set_gyro_fsr)
    mpu_set_int_latched                      0x080066bd   Thumb Code    94  inv_mpu.o(i.mpu_set_int_latched)
    mpu_set_lpf                              0x08006721   Thumb Code   102  inv_mpu.o(i.mpu_set_lpf)
    mpu_set_sample_rate                      0x0800678d   Thumb Code   116  inv_mpu.o(i.mpu_set_sample_rate)
    mpu_set_sensors                          0x08006805   Thumb Code   178  inv_mpu.o(i.mpu_set_sensors)
    mpu_write_mem                            0x080068bd   Thumb Code    80  inv_mpu.o(i.mpu_write_mem)
    mpuiic_Delayus                           0x08006911   Thumb Code    28  mpuiic.o(i.mpuiic_Delayus)
    run_self_test                            0x08006935   Thumb Code   128  inv_mpu.o(i.run_self_test)
    sqrt                                     0x08006a09   Thumb Code    76  sqrt.o(i.sqrt)
    AHBPrescTable                            0x08006a54   Data          16  system_stm32f1xx.o(.constdata)
    APBPrescTable                            0x08006a64   Data           8  system_stm32f1xx.o(.constdata)
    reg                                      0x08007662   Data          27  inv_mpu.o(.constdata)
    hw                                       0x0800767e   Data          12  inv_mpu.o(.constdata)
    test                                     0x0800768c   Data          40  inv_mpu.o(.constdata)
    __mathlib_zero                           0x080077a0   Data           8  qnan.o(.constdata)
    Region$$Table$$Base                      0x080077f8   Number         0  anon$$obj.o(Region$$Table)
    Region$$Table$$Limit                     0x08007818   Number         0  anon$$obj.o(Region$$Table)
    g_ucUsart3ReceiveData                    0x20000000   Data           1  main.o(.data)
    g_fMPU6050YawMovePidOut                  0x20000004   Data           4  main.o(.data)
    g_fMPU6050YawMovePidOut1                 0x20000008   Data           4  main.o(.data)
    g_fMPU6050YawMovePidOut2                 0x2000000c   Data           4  main.o(.data)
    pitch                                    0x20000010   Data           4  main.o(.data)
    roll                                     0x20000014   Data           4  main.o(.data)
    yaw                                      0x20000018   Data           4  main.o(.data)
    Usart1_ReadCount                         0x2000001c   Data           1  stm32f1xx_it.o(.data)
    Encode1Count                             0x2000001e   Data           2  stm32f1xx_it.o(.data)
    Encode2Count                             0x20000020   Data           2  stm32f1xx_it.o(.data)
    TimerCount                               0x20000022   Data           2  stm32f1xx_it.o(.data)
    Motor1Speed                              0x20000024   Data           4  stm32f1xx_it.o(.data)
    Motor2Speed                              0x20000028   Data           4  stm32f1xx_it.o(.data)
    Mileage                                  0x2000002c   Data           4  stm32f1xx_it.o(.data)
    uwTickFreq                               0x20000030   Data           1  stm32f1xx_hal.o(.data)
    uwTickPrio                               0x20000034   Data           4  stm32f1xx_hal.o(.data)
    uwTick                                   0x20000038   Data           4  stm32f1xx_hal.o(.data)
    SystemCoreClock                          0x2000003c   Data           4  system_stm32f1xx.o(.data)
    motorSpeedUpCut                          0x20000040   Data           4  motor.o(.data)
    __stdout                                 0x2000007c   Data           4  stdout.o(.data)
    Usart3String                             0x20000084   Data          50  main.o(.bss)
    hadc2                                    0x200000b8   Data          48  adc.o(.bss)
    htim1                                    0x200000e8   Data          72  tim.o(.bss)
    htim2                                    0x20000130   Data          72  tim.o(.bss)
    htim4                                    0x20000178   Data          72  tim.o(.bss)
    huart1                                   0x200001c0   Data          68  usart.o(.bss)
    huart3                                   0x20000204   Data          68  usart.o(.bss)
    Usart1_ReadBuf                           0x20000248   Data         256  stm32f1xx_it.o(.bss)
    pidMotor1Speed                           0x20000348   Data          32  pid.o(.bss)
    pidMotor2Speed                           0x20000368   Data          32  pid.o(.bss)
    pidHW_Tracking                           0x20000388   Data          32  pid.o(.bss)
    pidFollow                                0x200003a8   Data          32  pid.o(.bss)
    pidMPU6050YawMovement                    0x200003c8   Data          32  pid.o(.bss)
    __initial_sp                             0x20000bf8   Data           0  startup_stm32f103xb.o(STACK)



==============================================================================

Memory Map of the image

  Image Entry point : 0x080000ed

  Load Region LR_IROM1 (Base: 0x08000000, Size: 0x0000789c, Max: 0x00010000, ABSOLUTE)

    Execution Region ER_IROM1 (Exec base: 0x08000000, Load base: 0x08000000, Size: 0x00007818, Max: 0x00010000, ABSOLUTE)

    Exec Addr    Load Addr    Size         Type   Attr      Idx    E Section Name        Object

    0x08000000   0x08000000   0x000000ec   Data   RO            3    RESET               startup_stm32f103xb.o
    0x080000ec   0x080000ec   0x00000000   Code   RO         4909  * .ARM.Collect$$$$00000000  mc_w.l(entry.o)
    0x080000ec   0x080000ec   0x00000004   Code   RO         5304    .ARM.Collect$$$$00000001  mc_w.l(entry2.o)
    0x080000f0   0x080000f0   0x00000004   Code   RO         5307    .ARM.Collect$$$$00000004  mc_w.l(entry5.o)
    0x080000f4   0x080000f4   0x00000000   Code   RO         5309    .ARM.Collect$$$$00000008  mc_w.l(entry7b.o)
    0x080000f4   0x080000f4   0x00000000   Code   RO         5311    .ARM.Collect$$$$0000000A  mc_w.l(entry8b.o)
    0x080000f4   0x080000f4   0x00000008   Code   RO         5312    .ARM.Collect$$$$0000000B  mc_w.l(entry9a.o)
    0x080000fc   0x080000fc   0x00000004   Code   RO         5319    .ARM.Collect$$$$0000000E  mc_w.l(entry12b.o)
    0x08000100   0x08000100   0x00000000   Code   RO         5314    .ARM.Collect$$$$0000000F  mc_w.l(entry10a.o)
    0x08000100   0x08000100   0x00000000   Code   RO         5316    .ARM.Collect$$$$00000011  mc_w.l(entry11a.o)
    0x08000100   0x08000100   0x00000004   Code   RO         5305    .ARM.Collect$$$$00002712  mc_w.l(entry2.o)
    0x08000104   0x08000104   0x00000024   Code   RO            4    .text               startup_stm32f103xb.o
    0x08000128   0x08000128   0x00000062   Code   RO         4912    .text               mc_w.l(ldiv.o)
    0x0800018a   0x0800018a   0x00000020   Code   RO         4914    .text               mc_w.l(llushr.o)
    0x080001aa   0x080001aa   0x00000024   Code   RO         4920    .text               mc_w.l(memseta.o)
    0x080001ce   0x080001ce   0x0000000e   Code   RO         4922    .text               mc_w.l(strlen.o)
    0x080001dc   0x080001dc   0x0000001a   Code   RO         4926    .text               mc_w.l(memcmp.o)
    0x080001f6   0x080001f6   0x000000b0   Code   RO         5229    .text               mf_w.l(fadd.o)
    0x080002a6   0x080002a6   0x00000064   Code   RO         5231    .text               mf_w.l(fmul.o)
    0x0800030a   0x0800030a   0x0000007c   Code   RO         5233    .text               mf_w.l(fdiv.o)
    0x08000386   0x08000386   0x00000018   Code   RO         5235    .text               mf_w.l(fscalb.o)
    0x0800039e   0x0800039e   0x0000014e   Code   RO         5237    .text               mf_w.l(dadd.o)
    0x080004ec   0x080004ec   0x000000e4   Code   RO         5239    .text               mf_w.l(dmul.o)
    0x080005d0   0x080005d0   0x000000de   Code   RO         5241    .text               mf_w.l(ddiv.o)
    0x080006ae   0x080006ae   0x0000002e   Code   RO         5243    .text               mf_w.l(dscalb.o)
    0x080006dc   0x080006dc   0x00000012   Code   RO         5245    .text               mf_w.l(fflti.o)
    0x080006ee   0x080006ee   0x0000000a   Code   RO         5247    .text               mf_w.l(ffltui.o)
    0x080006f8   0x080006f8   0x00000032   Code   RO         5253    .text               mf_w.l(ffixi.o)
    0x0800072a   0x0800072a   0x00000028   Code   RO         5255    .text               mf_w.l(ffixui.o)
    0x08000752   0x08000752   0x00000026   Code   RO         5259    .text               mf_w.l(f2d.o)
    0x08000778   0x08000778   0x00000030   Code   RO         5261    .text               mf_w.l(cdcmple.o)
    0x080007a8   0x080007a8   0x00000030   Code   RO         5263    .text               mf_w.l(cdrcmple.o)
    0x080007d8   0x080007d8   0x00000038   Code   RO         5265    .text               mf_w.l(d2f.o)
    0x08000810   0x08000810   0x0000002c   Code   RO         5321    .text               mc_w.l(uidiv.o)
    0x0800083c   0x0800083c   0x00000062   Code   RO         5323    .text               mc_w.l(uldiv.o)
    0x0800089e   0x0800089e   0x0000001e   Code   RO         5325    .text               mc_w.l(llshl.o)
    0x080008bc   0x080008bc   0x00000024   Code   RO         5327    .text               mc_w.l(llsshr.o)
    0x080008e0   0x080008e0   0x00000000   Code   RO         5344    .text               mc_w.l(iusefp.o)
    0x080008e0   0x080008e0   0x0000006e   Code   RO         5345    .text               mf_w.l(fepilogue.o)
    0x0800094e   0x0800094e   0x000000ba   Code   RO         5347    .text               mf_w.l(depilogue.o)
    0x08000a08   0x08000a08   0x00000030   Code   RO         5351    .text               mf_w.l(dfixul.o)
    0x08000a38   0x08000a38   0x00000024   Code   RO         5353    .text               mc_w.l(init.o)
    0x08000a5c   0x08000a5c   0x000000a2   Code   RO         5359    .text               mf_w.l(dsqrt.o)
    0x08000afe   0x08000afe   0x00000054   Code   RO          624    i.ADC_ConversionStop_Disable  stm32f1xx_hal_adc.o
    0x08000b52   0x08000b52   0x00000002   Code   RO          433    i.BusFault_Handler  stm32f1xx_it.o
    0x08000b54   0x08000b54   0x00000002   Code   RO          434    i.DebugMon_Handler  stm32f1xx_it.o
    0x08000b56   0x08000b56   0x00000008   Code   RO          435    i.EXTI15_10_IRQHandler  stm32f1xx_it.o
    0x08000b5e   0x08000b5e   0x00000006   Code   RO          436    i.EXTI4_IRQHandler  stm32f1xx_it.o
    0x08000b64   0x08000b64   0x00000004   Code   RO           13    i.Error_Handler     main.o
    0x08000b68   0x08000b68   0x000000fc   Code   RO          630    i.HAL_ADC_ConfigChannel  stm32f1xx_hal_adc.o
    0x08000c64   0x08000c64   0x0000011c   Code   RO          639    i.HAL_ADC_Init      stm32f1xx_hal_adc.o
    0x08000d80   0x08000d80   0x00000058   Code   RO          252    i.HAL_ADC_MspInit   adc.o
    0x08000dd8   0x08000dd8   0x00000046   Code   RO         1279    i.HAL_DMA_Abort     stm32f1xx_hal_dma.o
    0x08000e1e   0x08000e1e   0x00000002   PAD
    0x08000e20   0x08000e20   0x00000098   Code   RO         1280    i.HAL_DMA_Abort_IT  stm32f1xx_hal_dma.o
    0x08000eb8   0x08000eb8   0x00000024   Code   RO          907    i.HAL_Delay         stm32f1xx_hal.o
    0x08000edc   0x08000edc   0x0000001c   Code   RO          221    i.HAL_GPIO_EXTI_Callback  gpio.o
    0x08000ef8   0x08000ef8   0x00000018   Code   RO         1214    i.HAL_GPIO_EXTI_IRQHandler  stm32f1xx_hal_gpio.o
    0x08000f10   0x08000f10   0x000001cc   Code   RO         1215    i.HAL_GPIO_Init     stm32f1xx_hal_gpio.o
    0x080010dc   0x080010dc   0x0000000a   Code   RO         1217    i.HAL_GPIO_ReadPin  stm32f1xx_hal_gpio.o
    0x080010e6   0x080010e6   0x00000010   Code   RO         1218    i.HAL_GPIO_TogglePin  stm32f1xx_hal_gpio.o
    0x080010f6   0x080010f6   0x0000000a   Code   RO         1219    i.HAL_GPIO_WritePin  stm32f1xx_hal_gpio.o
    0x08001100   0x08001100   0x0000000c   Code   RO          911    i.HAL_GetTick       stm32f1xx_hal.o
    0x0800110c   0x0800110c   0x00000010   Code   RO          917    i.HAL_IncTick       stm32f1xx_hal.o
    0x0800111c   0x0800111c   0x00000024   Code   RO          918    i.HAL_Init          stm32f1xx_hal.o
    0x08001140   0x08001140   0x00000040   Code   RO          919    i.HAL_InitTick      stm32f1xx_hal.o
    0x08001180   0x08001180   0x0000003c   Code   RO          564    i.HAL_MspInit       stm32f1xx_hal_msp.o
    0x080011bc   0x080011bc   0x0000001a   Code   RO         1375    i.HAL_NVIC_EnableIRQ  stm32f1xx_hal_cortex.o
    0x080011d6   0x080011d6   0x00000002   PAD
    0x080011d8   0x080011d8   0x00000040   Code   RO         1381    i.HAL_NVIC_SetPriority  stm32f1xx_hal_cortex.o
    0x08001218   0x08001218   0x00000024   Code   RO         1382    i.HAL_NVIC_SetPriorityGrouping  stm32f1xx_hal_cortex.o
    0x0800123c   0x0800123c   0x000000e8   Code   RO         1178    i.HAL_RCCEx_PeriphCLKConfig  stm32f1xx_hal_rcc_ex.o
    0x08001324   0x08001324   0x00000138   Code   RO         1075    i.HAL_RCC_ClockConfig  stm32f1xx_hal_rcc.o
    0x0800145c   0x0800145c   0x00000020   Code   RO         1082    i.HAL_RCC_GetPCLK1Freq  stm32f1xx_hal_rcc.o
    0x0800147c   0x0800147c   0x00000020   Code   RO         1083    i.HAL_RCC_GetPCLK2Freq  stm32f1xx_hal_rcc.o
    0x0800149c   0x0800149c   0x0000006c   Code   RO         1084    i.HAL_RCC_GetSysClockFreq  stm32f1xx_hal_rcc.o
    0x08001508   0x08001508   0x00000318   Code   RO         1087    i.HAL_RCC_OscConfig  stm32f1xx_hal_rcc.o
    0x08001820   0x08001820   0x00000028   Code   RO         1386    i.HAL_SYSTICK_Config  stm32f1xx_hal_cortex.o
    0x08001848   0x08001848   0x00000002   Code   RO         2581    i.HAL_TIMEx_BreakCallback  stm32f1xx_hal_tim_ex.o
    0x0800184a   0x0800184a   0x00000002   Code   RO         2582    i.HAL_TIMEx_CommutCallback  stm32f1xx_hal_tim_ex.o
    0x0800184c   0x0800184c   0x00000054   Code   RO         2584    i.HAL_TIMEx_ConfigBreakDeadTime  stm32f1xx_hal_tim_ex.o
    0x080018a0   0x080018a0   0x00000068   Code   RO         2600    i.HAL_TIMEx_MasterConfigSynchronization  stm32f1xx_hal_tim_ex.o
    0x08001908   0x08001908   0x0000005a   Code   RO         1877    i.HAL_TIM_Base_Init  stm32f1xx_hal_tim.o
    0x08001962   0x08001962   0x00000002   PAD
    0x08001964   0x08001964   0x0000003c   Code   RO          300    i.HAL_TIM_Base_MspInit  tim.o
    0x080019a0   0x080019a0   0x00000058   Code   RO         1882    i.HAL_TIM_Base_Start_IT  stm32f1xx_hal_tim.o
    0x080019f8   0x080019f8   0x000000d6   Code   RO         1886    i.HAL_TIM_ConfigClockSource  stm32f1xx_hal_tim.o
    0x08001ace   0x08001ace   0x000000a4   Code   RO         1898    i.HAL_TIM_Encoder_Init  stm32f1xx_hal_tim.o
    0x08001b72   0x08001b72   0x00000002   PAD
    0x08001b74   0x08001b74   0x000000b0   Code   RO          302    i.HAL_TIM_Encoder_MspInit  tim.o
    0x08001c24   0x08001c24   0x00000092   Code   RO         1901    i.HAL_TIM_Encoder_Start  stm32f1xx_hal_tim.o
    0x08001cb6   0x08001cb6   0x00000002   Code   RO         1911    i.HAL_TIM_IC_CaptureCallback  stm32f1xx_hal_tim.o
    0x08001cb8   0x08001cb8   0x00000166   Code   RO         1925    i.HAL_TIM_IRQHandler  stm32f1xx_hal_tim.o
    0x08001e1e   0x08001e1e   0x00000002   PAD
    0x08001e20   0x08001e20   0x0000004c   Code   RO          303    i.HAL_TIM_MspPostInit  tim.o
    0x08001e6c   0x08001e6c   0x00000002   Code   RO         1928    i.HAL_TIM_OC_DelayElapsedCallback  stm32f1xx_hal_tim.o
    0x08001e6e   0x08001e6e   0x000000c6   Code   RO         1949    i.HAL_TIM_PWM_ConfigChannel  stm32f1xx_hal_tim.o
    0x08001f34   0x08001f34   0x0000005a   Code   RO         1952    i.HAL_TIM_PWM_Init  stm32f1xx_hal_tim.o
    0x08001f8e   0x08001f8e   0x00000002   Code   RO         1954    i.HAL_TIM_PWM_MspInit  stm32f1xx_hal_tim.o
    0x08001f90   0x08001f90   0x00000002   Code   RO         1955    i.HAL_TIM_PWM_PulseFinishedCallback  stm32f1xx_hal_tim.o
    0x08001f92   0x08001f92   0x00000002   PAD
    0x08001f94   0x08001f94   0x000000a0   Code   RO         1957    i.HAL_TIM_PWM_Start  stm32f1xx_hal_tim.o
    0x08002034   0x08002034   0x0000013c   Code   RO          437    i.HAL_TIM_PeriodElapsedCallback  stm32f1xx_it.o
    0x08002170   0x08002170   0x00000002   Code   RO         1968    i.HAL_TIM_TriggerCallback  stm32f1xx_hal_tim.o
    0x08002172   0x08002172   0x00000002   Code   RO         2859    i.HAL_UARTEx_RxEventCallback  stm32f1xx_hal_uart.o
    0x08002174   0x08002174   0x00000002   Code   RO         2873    i.HAL_UART_ErrorCallback  stm32f1xx_hal_uart.o
    0x08002176   0x08002176   0x00000002   PAD
    0x08002178   0x08002178   0x0000020c   Code   RO         2876    i.HAL_UART_IRQHandler  stm32f1xx_hal_uart.o
    0x08002384   0x08002384   0x00000062   Code   RO         2877    i.HAL_UART_Init     stm32f1xx_hal_uart.o
    0x080023e6   0x080023e6   0x00000002   PAD
    0x080023e8   0x080023e8   0x000000dc   Code   RO          372    i.HAL_UART_MspInit  usart.o
    0x080024c4   0x080024c4   0x000000c4   Code   RO         2880    i.HAL_UART_Receive  stm32f1xx_hal_uart.o
    0x08002588   0x08002588   0x0000002a   Code   RO         2882    i.HAL_UART_Receive_IT  stm32f1xx_hal_uart.o
    0x080025b2   0x080025b2   0x00000002   PAD
    0x080025b4   0x080025b4   0x000000c4   Code   RO          438    i.HAL_UART_RxCpltCallback  stm32f1xx_it.o
    0x08002678   0x08002678   0x000000b0   Code   RO         2885    i.HAL_UART_Transmit  stm32f1xx_hal_uart.o
    0x08002728   0x08002728   0x00000002   Code   RO         2888    i.HAL_UART_TxCpltCallback  stm32f1xx_hal_uart.o
    0x0800272a   0x0800272a   0x00000002   Code   RO          439    i.HardFault_Handler  stm32f1xx_it.o
    0x0800272c   0x0800272c   0x00000040   Code   RO         3245    i.IIC_Start         oled.o
    0x0800276c   0x0800276c   0x00000034   Code   RO         3246    i.IIC_Stop          oled.o
    0x080027a0   0x080027a0   0x00000024   Code   RO         3247    i.IIC_Wait_Ack      oled.o
    0x080027c4   0x080027c4   0x00000058   Code   RO         4281    i.MPU_IIC_Ack       mpuiic.o
    0x0800281c   0x0800281c   0x00000002   Code   RO         4283    i.MPU_IIC_Init      mpuiic.o
    0x0800281e   0x0800281e   0x00000002   PAD
    0x08002820   0x08002820   0x00000058   Code   RO         4284    i.MPU_IIC_NAck      mpuiic.o
    0x08002878   0x08002878   0x00000078   Code   RO         4285    i.MPU_IIC_Read_Byte  mpuiic.o
    0x080028f0   0x080028f0   0x00000074   Code   RO         4286    i.MPU_IIC_Send_Byte  mpuiic.o
    0x08002964   0x08002964   0x00000058   Code   RO         4287    i.MPU_IIC_Start     mpuiic.o
    0x080029bc   0x080029bc   0x00000058   Code   RO         4288    i.MPU_IIC_Stop      mpuiic.o
    0x08002a14   0x08002a14   0x00000070   Code   RO         4289    i.MPU_IIC_Wait_Ack  mpuiic.o
    0x08002a84   0x08002a84   0x00000076   Code   RO         4189    i.MPU_Init          mpu6050.o
    0x08002afa   0x08002afa   0x0000003a   Code   RO         4190    i.MPU_Read_Byte     mpu6050.o
    0x08002b34   0x08002b34   0x0000006a   Code   RO         4191    i.MPU_Read_Len      mpu6050.o
    0x08002b9e   0x08002b9e   0x0000000a   Code   RO         4192    i.MPU_Set_Accel_Fsr  mpu6050.o
    0x08002ba8   0x08002ba8   0x0000000a   Code   RO         4193    i.MPU_Set_Gyro_Fsr  mpu6050.o
    0x08002bb2   0x08002bb2   0x00000030   Code   RO         4194    i.MPU_Set_LPF       mpu6050.o
    0x08002be2   0x08002be2   0x0000002e   Code   RO         4195    i.MPU_Set_Rate      mpu6050.o
    0x08002c10   0x08002c10   0x0000003c   Code   RO         4196    i.MPU_Write_Byte    mpu6050.o
    0x08002c4c   0x08002c4c   0x00000052   Code   RO         4197    i.MPU_Write_Len     mpu6050.o
    0x08002c9e   0x08002c9e   0x00000002   PAD
    0x08002ca0   0x08002ca0   0x00000050   Code   RO          253    i.MX_ADC2_Init      adc.o
    0x08002cf0   0x08002cf0   0x0000015c   Code   RO          222    i.MX_GPIO_Init      gpio.o
    0x08002e4c   0x08002e4c   0x000000dc   Code   RO          304    i.MX_TIM1_Init      tim.o
    0x08002f28   0x08002f28   0x0000006c   Code   RO          305    i.MX_TIM2_Init      tim.o
    0x08002f94   0x08002f94   0x0000006c   Code   RO          306    i.MX_TIM4_Init      tim.o
    0x08003000   0x08003000   0x00000038   Code   RO          373    i.MX_USART1_UART_Init  usart.o
    0x08003038   0x08003038   0x00000038   Code   RO          374    i.MX_USART3_UART_Init  usart.o
    0x08003070   0x08003070   0x00000002   Code   RO          440    i.MemManage_Handler  stm32f1xx_it.o
    0x08003072   0x08003072   0x00000002   PAD
    0x08003074   0x08003074   0x00000074   Code   RO         3405    i.Motor_Set         motor.o
    0x080030e8   0x080030e8   0x00000002   Code   RO          441    i.NMI_Handler       stm32f1xx_it.o
    0x080030ea   0x080030ea   0x0000003a   Code   RO         3248    i.OLED_Clear        oled.o
    0x08003124   0x08003124   0x000000e6   Code   RO         3252    i.OLED_Init         oled.o
    0x0800320a   0x0800320a   0x0000000c   Code   RO         3259    i.OLED_WR_Byte      oled.o
    0x08003216   0x08003216   0x00000002   PAD
    0x08003218   0x08003218   0x00000098   Code   RO         3493    i.PID_init          pid.o
    0x080032b0   0x080032b0   0x00000052   Code   RO         3494    i.PID_realize       pid.o
    0x08003302   0x08003302   0x00000002   Code   RO          442    i.PendSV_Handler    stm32f1xx_it.o
    0x08003304   0x08003304   0x00000002   Code   RO          443    i.SVC_Handler       stm32f1xx_it.o
    0x08003306   0x08003306   0x00000004   Code   RO          444    i.SysTick_Handler   stm32f1xx_it.o
    0x0800330a   0x0800330a   0x0000007a   Code   RO           14    i.SystemClock_Config  main.o
    0x08003384   0x08003384   0x00000002   Code   RO         3206    i.SystemInit        system_stm32f1xx.o
    0x08003386   0x08003386   0x00000002   PAD
    0x08003388   0x08003388   0x0000000c   Code   RO          445    i.TIM1_UP_IRQHandler  stm32f1xx_it.o
    0x08003394   0x08003394   0x0000000c   Code   RO          446    i.TIM2_IRQHandler   stm32f1xx_it.o
    0x080033a0   0x080033a0   0x0000000c   Code   RO          447    i.TIM4_IRQHandler   stm32f1xx_it.o
    0x080033ac   0x080033ac   0x0000006c   Code   RO         1970    i.TIM_Base_SetConfig  stm32f1xx_hal_tim.o
    0x08003418   0x08003418   0x0000001a   Code   RO         1971    i.TIM_CCxChannelCmd  stm32f1xx_hal_tim.o
    0x08003432   0x08003432   0x00000014   Code   RO         1981    i.TIM_ETR_SetConfig  stm32f1xx_hal_tim.o
    0x08003446   0x08003446   0x00000010   Code   RO         1982    i.TIM_ITRx_SetConfig  stm32f1xx_hal_tim.o
    0x08003456   0x08003456   0x00000002   PAD
    0x08003458   0x08003458   0x00000058   Code   RO         1983    i.TIM_OC1_SetConfig  stm32f1xx_hal_tim.o
    0x080034b0   0x080034b0   0x0000005c   Code   RO         1984    i.TIM_OC2_SetConfig  stm32f1xx_hal_tim.o
    0x0800350c   0x0800350c   0x00000058   Code   RO         1985    i.TIM_OC3_SetConfig  stm32f1xx_hal_tim.o
    0x08003564   0x08003564   0x00000044   Code   RO         1986    i.TIM_OC4_SetConfig  stm32f1xx_hal_tim.o
    0x080035a8   0x080035a8   0x00000022   Code   RO         1988    i.TIM_TI1_ConfigInputStage  stm32f1xx_hal_tim.o
    0x080035ca   0x080035ca   0x00000024   Code   RO         1990    i.TIM_TI2_ConfigInputStage  stm32f1xx_hal_tim.o
    0x080035ee   0x080035ee   0x00000010   Code   RO         2890    i.UART_DMAAbortOnError  stm32f1xx_hal_uart.o
    0x080035fe   0x080035fe   0x00000030   Code   RO         2900    i.UART_EndRxTransfer  stm32f1xx_hal_uart.o
    0x0800362e   0x0800362e   0x000000b6   Code   RO         2902    i.UART_Receive_IT   stm32f1xx_hal_uart.o
    0x080036e4   0x080036e4   0x000000b8   Code   RO         2903    i.UART_SetConfig    stm32f1xx_hal_uart.o
    0x0800379c   0x0800379c   0x00000036   Code   RO         2905    i.UART_Start_Receive_IT  stm32f1xx_hal_uart.o
    0x080037d2   0x080037d2   0x00000062   Code   RO         2906    i.UART_WaitOnFlagUntilTimeout  stm32f1xx_hal_uart.o
    0x08003834   0x08003834   0x00000044   Code   RO          448    i.USART1_IRQHandler  stm32f1xx_it.o
    0x08003878   0x08003878   0x0000000c   Code   RO          449    i.USART3_IRQHandler  stm32f1xx_it.o
    0x08003884   0x08003884   0x00000002   Code   RO          450    i.UsageFault_Handler  stm32f1xx_it.o
    0x08003886   0x08003886   0x00000002   PAD
    0x08003888   0x08003888   0x00000064   Code   RO         3260    i.Write_IIC_Byte    oled.o
    0x080038ec   0x080038ec   0x0000002e   Code   RO         3261    i.Write_IIC_Command  oled.o
    0x0800391a   0x0800391a   0x0000002e   Code   RO         3262    i.Write_IIC_Data    oled.o
    0x08003948   0x08003948   0x00000020   Code   RO         5167    i.__0printf         mc_w.l(printfa.o)
    0x08003968   0x08003968   0x00000028   Code   RO         5169    i.__0sprintf        mc_w.l(printfa.o)
    0x08003990   0x08003990   0x00000028   Code   RO         5291    i.__ARM_fpclassify  m_ws.l(fpclassify.o)
    0x080039b8   0x080039b8   0x00000020   Code   RO         1388    i.__NVIC_SetPriority  stm32f1xx_hal_cortex.o
    0x080039d8   0x080039d8   0x000000aa   Code   RO         5293    i.__kernel_poly     m_ws.l(poly.o)
    0x08003a82   0x08003a82   0x00000006   Code   RO         5278    i.__mathlib_dbl_infnan  m_ws.l(dunder.o)
    0x08003a88   0x08003a88   0x00000004   Code   RO         5279    i.__mathlib_dbl_infnan2  m_ws.l(dunder.o)
    0x08003a8c   0x08003a8c   0x0000000c   Code   RO         5280    i.__mathlib_dbl_invalid  m_ws.l(dunder.o)
    0x08003a98   0x08003a98   0x00000010   Code   RO         5283    i.__mathlib_dbl_underflow  m_ws.l(dunder.o)
    0x08003aa8   0x08003aa8   0x0000000e   Code   RO         5366    i.__scatterload_copy  mc_w.l(handlers.o)
    0x08003ab6   0x08003ab6   0x00000002   Code   RO         5367    i.__scatterload_null  mc_w.l(handlers.o)
    0x08003ab8   0x08003ab8   0x0000000e   Code   RO         5368    i.__scatterload_zeroinit  mc_w.l(handlers.o)
    0x08003ac6   0x08003ac6   0x00000002   PAD
    0x08003ac8   0x08003ac8   0x0000000c   Code   RO         5333    i.__set_errno       mc_w.l(errno.o)
    0x08003ad4   0x08003ad4   0x00000184   Code   RO         5174    i._fp_digits        mc_w.l(printfa.o)
    0x08003c58   0x08003c58   0x000006b4   Code   RO         5175    i._printf_core      mc_w.l(printfa.o)
    0x0800430c   0x0800430c   0x00000024   Code   RO         5176    i._printf_post_padding  mc_w.l(printfa.o)
    0x08004330   0x08004330   0x0000002e   Code   RO         5177    i._printf_pre_padding  mc_w.l(printfa.o)
    0x0800435e   0x0800435e   0x0000000a   Code   RO         5179    i._sputc            mc_w.l(printfa.o)
    0x08004368   0x08004368   0x0000007c   Code   RO         4551    i.accel_self_test   inv_mpu.o
    0x080043e4   0x080043e4   0x00000270   Code   RO         4888    i.asin              m_ws.l(asin.o)
    0x08004654   0x08004654   0x00000220   Code   RO         5268    i.atan              m_ws.l(atan.o)
    0x08004874   0x08004874   0x0000019c   Code   RO         4898    i.atan2             m_ws.l(atan2.o)
    0x08004a10   0x08004a10   0x0000003a   Code   RO         4355    i.dmp_enable_6x_lp_quat  inv_mpu_dmp_motion_driver.o
    0x08004a4a   0x08004a4a   0x00000002   PAD
    0x08004a4c   0x08004a4c   0x000001dc   Code   RO         4356    i.dmp_enable_feature  inv_mpu_dmp_motion_driver.o
    0x08004c28   0x08004c28   0x00000038   Code   RO         4357    i.dmp_enable_gyro_cal  inv_mpu_dmp_motion_driver.o
    0x08004c60   0x08004c60   0x0000003a   Code   RO         4358    i.dmp_enable_lp_quat  inv_mpu_dmp_motion_driver.o
    0x08004c9a   0x08004c9a   0x00000002   PAD
    0x08004c9c   0x08004c9c   0x00000014   Code   RO         4363    i.dmp_load_motion_driver_firmware  inv_mpu_dmp_motion_driver.o
    0x08004cb0   0x08004cb0   0x00000168   Code   RO         4364    i.dmp_read_fifo     inv_mpu_dmp_motion_driver.o
    0x08004e18   0x08004e18   0x000000d8   Code   RO         4367    i.dmp_set_accel_bias  inv_mpu_dmp_motion_driver.o
    0x08004ef0   0x08004ef0   0x00000064   Code   RO         4368    i.dmp_set_fifo_rate  inv_mpu_dmp_motion_driver.o
    0x08004f54   0x08004f54   0x000000cc   Code   RO         4369    i.dmp_set_gyro_bias  inv_mpu_dmp_motion_driver.o
    0x08005020   0x08005020   0x0000010c   Code   RO         4371    i.dmp_set_orientation  inv_mpu_dmp_motion_driver.o
    0x0800512c   0x0800512c   0x00000030   Code   RO         4374    i.dmp_set_shake_reject_thresh  inv_mpu_dmp_motion_driver.o
    0x0800515c   0x0800515c   0x00000020   Code   RO         4375    i.dmp_set_shake_reject_time  inv_mpu_dmp_motion_driver.o
    0x0800517c   0x0800517c   0x00000020   Code   RO         4376    i.dmp_set_shake_reject_timeout  inv_mpu_dmp_motion_driver.o
    0x0800519c   0x0800519c   0x00000040   Code   RO         4377    i.dmp_set_tap_axes  inv_mpu_dmp_motion_driver.o
    0x080051dc   0x080051dc   0x00000022   Code   RO         4378    i.dmp_set_tap_count  inv_mpu_dmp_motion_driver.o
    0x080051fe   0x080051fe   0x00000002   PAD
    0x08005200   0x08005200   0x00000128   Code   RO         4379    i.dmp_set_tap_thresh  inv_mpu_dmp_motion_driver.o
    0x08005328   0x08005328   0x00000020   Code   RO         4380    i.dmp_set_tap_time  inv_mpu_dmp_motion_driver.o
    0x08005348   0x08005348   0x00000020   Code   RO         4381    i.dmp_set_tap_time_multi  inv_mpu_dmp_motion_driver.o
    0x08005368   0x08005368   0x00000018   Code   RO          376    i.fputc             usart.o
    0x08005380   0x08005380   0x000000a8   Code   RO         4552    i.get_accel_prod_shift  inv_mpu.o
    0x08005428   0x08005428   0x00000314   Code   RO         4553    i.get_st_biases     inv_mpu.o
    0x0800573c   0x0800573c   0x000000d8   Code   RO         4554    i.gyro_self_test    inv_mpu.o
    0x08005814   0x08005814   0x00000022   Code   RO         4555    i.inv_orientation_matrix_to_scalar  inv_mpu.o
    0x08005836   0x08005836   0x00000048   Code   RO         4556    i.inv_row_2_scale   inv_mpu.o
    0x0800587e   0x0800587e   0x00000002   PAD
    0x08005880   0x08005880   0x0000018c   Code   RO           15    i.main              main.o
    0x08005a0c   0x08005a0c   0x00000002   Code   RO         4557    i.mget_ms           inv_mpu.o
    0x08005a0e   0x08005a0e   0x00000002   PAD
    0x08005a10   0x08005a10   0x00000044   Code   RO         3406    i.motorPidSetSpeed  motor.o
    0x08005a54   0x08005a54   0x00000024   Code   RO         3407    i.motorPidSpeedCut  motor.o
    0x08005a78   0x08005a78   0x00000028   Code   RO         3408    i.motorPidSpeedUp   motor.o
    0x08005aa0   0x08005aa0   0x00000058   Code   RO         4558    i.mpu_configure_fifo  inv_mpu.o
    0x08005af8   0x08005af8   0x0000019c   Code   RO         4559    i.mpu_dmp_get_data  inv_mpu.o
    0x08005c94   0x08005c94   0x000000a4   Code   RO         4560    i.mpu_dmp_init      inv_mpu.o
    0x08005d38   0x08005d38   0x0000003c   Code   RO         4561    i.mpu_get_accel_fsr  inv_mpu.o
    0x08005d74   0x08005d74   0x00000044   Code   RO         4563    i.mpu_get_accel_sens  inv_mpu.o
    0x08005db8   0x08005db8   0x00000034   Code   RO         4569    i.mpu_get_gyro_fsr  inv_mpu.o
    0x08005dec   0x08005dec   0x00000040   Code   RO         4571    i.mpu_get_gyro_sens  inv_mpu.o
    0x08005e2c   0x08005e2c   0x00000038   Code   RO         4573    i.mpu_get_lpf       inv_mpu.o
    0x08005e64   0x08005e64   0x0000001c   Code   RO         4575    i.mpu_get_sample_rate  inv_mpu.o
    0x08005e80   0x08005e80   0x00000188   Code   RO         4577    i.mpu_init          inv_mpu.o
    0x08006008   0x08006008   0x000000a4   Code   RO         4578    i.mpu_load_firmware  inv_mpu.o
    0x080060ac   0x080060ac   0x000000b8   Code   RO         4579    i.mpu_lp_accel_mode  inv_mpu.o
    0x08006164   0x08006164   0x00000090   Code   RO         4582    i.mpu_read_fifo_stream  inv_mpu.o
    0x080061f4   0x080061f4   0x00000054   Code   RO         4583    i.mpu_read_mem      inv_mpu.o
    0x08006248   0x08006248   0x0000015c   Code   RO         4586    i.mpu_reset_fifo    inv_mpu.o
    0x080063a4   0x080063a4   0x000000f0   Code   RO         4587    i.mpu_run_self_test  inv_mpu.o
    0x08006494   0x08006494   0x00000068   Code   RO         4589    i.mpu_set_accel_fsr  inv_mpu.o
    0x080064fc   0x080064fc   0x000000dc   Code   RO         4590    i.mpu_set_bypass    inv_mpu.o
    0x080065d8   0x080065d8   0x00000078   Code   RO         4592    i.mpu_set_dmp_state  inv_mpu.o
    0x08006650   0x08006650   0x0000006c   Code   RO         4593    i.mpu_set_gyro_fsr  inv_mpu.o
    0x080066bc   0x080066bc   0x00000064   Code   RO         4594    i.mpu_set_int_latched  inv_mpu.o
    0x08006720   0x08006720   0x0000006c   Code   RO         4596    i.mpu_set_lpf       inv_mpu.o
    0x0800678c   0x0800678c   0x00000078   Code   RO         4597    i.mpu_set_sample_rate  inv_mpu.o
    0x08006804   0x08006804   0x000000b8   Code   RO         4598    i.mpu_set_sensors   inv_mpu.o
    0x080068bc   0x080068bc   0x00000054   Code   RO         4599    i.mpu_write_mem     inv_mpu.o
    0x08006910   0x08006910   0x00000024   Code   RO         4290    i.mpuiic_Delayus    mpuiic.o
    0x08006934   0x08006934   0x00000080   Code   RO         4600    i.run_self_test     inv_mpu.o
    0x080069b4   0x080069b4   0x00000054   Code   RO         4601    i.set_int_enable    inv_mpu.o
    0x08006a08   0x08006a08   0x0000004c   Code   RO         5297    i.sqrt              m_ws.l(sqrt.o)
    0x08006a54   0x08006a54   0x00000010   Data   RO         3207    .constdata          system_stm32f1xx.o
    0x08006a64   0x08006a64   0x00000008   Data   RO         3208    .constdata          system_stm32f1xx.o
    0x08006a6c   0x08006a6c   0x00000bf6   Data   RO         4383    .constdata          inv_mpu_dmp_motion_driver.o
    0x08007662   0x08007662   0x0000001b   Data   RO         4603    .constdata          inv_mpu.o
    0x0800767d   0x0800767d   0x00000001   PAD
    0x0800767e   0x0800767e   0x0000000c   Data   RO         4604    .constdata          inv_mpu.o
    0x0800768a   0x0800768a   0x00000002   PAD
    0x0800768c   0x0800768c   0x00000028   Data   RO         4605    .constdata          inv_mpu.o
    0x080076b4   0x080076b4   0x00000004   PAD
    0x080076b8   0x080076b8   0x00000050   Data   RO         4889    .constdata          m_ws.l(asin.o)
    0x08007708   0x08007708   0x00000098   Data   RO         5269    .constdata          m_ws.l(atan.o)
    0x080077a0   0x080077a0   0x00000008   Data   RO         5295    .constdata          m_ws.l(qnan.o)
    0x080077a8   0x080077a8   0x0000004d   Data   RO         4606    .conststring        inv_mpu.o
    0x080077f5   0x080077f5   0x00000003   PAD
    0x080077f8   0x080077f8   0x00000020   Data   RO         5364    Region$$Table       anon$$obj.o


    Execution Region RW_IRAM1 (Exec base: 0x20000000, Load base: 0x08007818, Size: 0x00000bf8, Max: 0x00005000, ABSOLUTE)

    Exec Addr    Load Addr    Size         Type   Attr      Idx    E Section Name        Object

    0x20000000   0x08007818   0x0000001c   Data   RW           21    .data               main.o
    0x2000001c   0x08007834   0x00000014   Data   RW          452    .data               stm32f1xx_it.o
    0x20000030   0x08007848   0x0000000c   Data   RW          925    .data               stm32f1xx_hal.o
    0x2000003c   0x08007854   0x00000004   Data   RW         3209    .data               system_stm32f1xx.o
    0x20000040   0x08007858   0x00000004   Data   RW         3409    .data               motor.o
    0x20000044   0x0800785c   0x00000035   Data   RW         4607    .data               inv_mpu.o
    0x20000079   0x08007891   0x00000003   PAD
    0x2000007c   0x08007894   0x00000004   Data   RW         5320    .data               mc_w.l(stdout.o)
    0x20000080   0x08007898   0x00000004   Data   RW         5334    .data               mc_w.l(errno.o)
    0x20000084        -       0x00000032   Zero   RW           17    .bss                main.o
    0x200000b6   0x0800789c   0x00000002   PAD
    0x200000b8        -       0x00000030   Zero   RW          255    .bss                adc.o
    0x200000e8        -       0x000000d8   Zero   RW          307    .bss                tim.o
    0x200001c0        -       0x00000088   Zero   RW          377    .bss                usart.o
    0x20000248        -       0x00000100   Zero   RW          451    .bss                stm32f1xx_it.o
    0x20000348        -       0x000000a0   Zero   RW         3497    .bss                pid.o
    0x200003e8        -       0x00000010   Zero   RW         4382    .bss                inv_mpu_dmp_motion_driver.o
    0x200003f8        -       0x00000800   Zero   RW            1    STACK               startup_stm32f103xb.o


==============================================================================

Image component sizes


      Code (inc. data)   RO Data    RW Data    ZI Data      Debug   Object Name

       168         20          0          0         48       1981   adc.o
       376         30          0          0          0       1788   gpio.o
      5312        282        156         53          0      33770   inv_mpu.o
      2386        116       3062          0         16      21646   inv_mpu_dmp_motion_driver.o
       522         74          0         28         50     446020   main.o
       260         42          0          4          0       2818   motor.o
       538          0          0          0          0       6801   mpu6050.o
       738         46          0          0          0       6565   mpuiic.o
       644         34          0          0          0       6154   oled.o
       234         38          0          0        160       2548   pid.o
        36          8        236          0       2048        856   startup_stm32f103xb.o
       164         28          0         12          0       6549   stm32f1xx_hal.o
       620         26          0          0          0       3676   stm32f1xx_hal_adc.o
       198         14          0          0          0      29423   stm32f1xx_hal_cortex.o
       222          4          0          0          0       2011   stm32f1xx_hal_dma.o
       520         40          0          0          0       5163   stm32f1xx_hal_gpio.o
        60          8          0          0          0       1042   stm32f1xx_hal_msp.o
      1276        100          0          0          0       5824   stm32f1xx_hal_rcc.o
       232         12          0          0          0       1604   stm32f1xx_hal_rcc_ex.o
      2094         58          0          0          0      20429   stm32f1xx_hal_tim.o
       192         12          0          0          0       3645   stm32f1xx_hal_tim_ex.o
      1624         10          0          0          0      13051   stm32f1xx_hal_uart.o
       662        114          0         20        256      11358   stm32f1xx_it.o
         2          0         24          4          0       1359   system_stm32f1xx.o
       748         62          0          0        216       5064   tim.o
       356         42          0          0        136       3493   usart.o

    ----------------------------------------------------------------------
     20226       1220       3520        124       2932     644638   Object Totals
         0          0         32          0          0          0   (incl. Generated)
        42          0         10          3          2          0   (incl. Padding)

    ----------------------------------------------------------------------

      Code (inc. data)   RO Data    RW Data    ZI Data      Debug   Library Member Name

       624         52         80          0          0        168   asin.o
       544         70        152          0          0        124   atan.o
       412         38          0          0          0        144   atan2.o
        38          6          0          0          0        272   dunder.o
        40          0          0          0          0         68   fpclassify.o
       170          0          0          0          0         96   poly.o
         0          0          8          0          0          0   qnan.o
        76          0          0          0          0         84   sqrt.o
         0          0          0          0          0          0   entry.o
         0          0          0          0          0          0   entry10a.o
         0          0          0          0          0          0   entry11a.o
         4          0          0          0          0          0   entry12b.o
         8          4          0          0          0          0   entry2.o
         4          0          0          0          0          0   entry5.o
         0          0          0          0          0          0   entry7b.o
         0          0          0          0          0          0   entry8b.o
         8          4          0          0          0          0   entry9a.o
        12          6          0          4          0         68   errno.o
        30          0          0          0          0          0   handlers.o
        36          8          0          0          0         68   init.o
         0          0          0          0          0          0   iusefp.o
        98          0          0          0          0         84   ldiv.o
        30          0          0          0          0         68   llshl.o
        36          0          0          0          0         68   llsshr.o
        32          0          0          0          0         68   llushr.o
        26          0          0          0          0         80   memcmp.o
        36          0          0          0          0        108   memseta.o
      2268         96          0          0          0        616   printfa.o
         0          0          0          4          0          0   stdout.o
        14          0          0          0          0         68   strlen.o
        44          0          0          0          0         80   uidiv.o
        98          0          0          0          0         92   uldiv.o
        48          0          0          0          0         68   cdcmple.o
        48          0          0          0          0         68   cdrcmple.o
        56          0          0          0          0         88   d2f.o
       334          0          0          0          0        148   dadd.o
       222          0          0          0          0        100   ddiv.o
       186          0          0          0          0        176   depilogue.o
        48          0          0          0          0         68   dfixul.o
       228          0          0          0          0         96   dmul.o
        46          0          0          0          0         80   dscalb.o
       162          0          0          0          0        100   dsqrt.o
        38          0          0          0          0         68   f2d.o
       176          0          0          0          0        140   fadd.o
       124          0          0          0          0         88   fdiv.o
       110          0          0          0          0        168   fepilogue.o
        50          0          0          0          0         68   ffixi.o
        40          0          0          0          0         68   ffixui.o
        18          0          0          0          0         68   fflti.o
        10          0          0          0          0         68   ffltui.o
       100          0          0          0          0         76   fmul.o
        24          0          0          0          0         68   fscalb.o

    ----------------------------------------------------------------------
      6758        284        240          8          0       4296   Library Totals
         2          0          0          0          0          0   (incl. Padding)

    ----------------------------------------------------------------------

      Code (inc. data)   RO Data    RW Data    ZI Data      Debug   Library Name

      1904        166        240          0          0        956   m_ws.l
      2784        118          0          8          0       1468   mc_w.l
      2068          0          0          0          0       1872   mf_w.l

    ----------------------------------------------------------------------
      6758        284        240          8          0       4296   Library Totals

    ----------------------------------------------------------------------

==============================================================================


      Code (inc. data)   RO Data    RW Data    ZI Data      Debug   

     26984       1504       3760        132       2932     637022   Grand Totals
     26984       1504       3760        132       2932     637022   ELF Image Totals
     26984       1504       3760        132          0          0   ROM Totals

==============================================================================

    Total RO  Size (Code + RO Data)                30744 (  30.02kB)
    Total RW  Size (RW Data + ZI Data)              3064 (   2.99kB)
    Total ROM Size (Code + RO Data + RW Data)      30876 (  30.15kB)

==============================================================================

