Component: ARM Compiler 5.06 update 7 (build 960) Tool: armlink [4d3601]

==============================================================================

Section Cross References

    startup_stm32f103xb.o(RESET) refers to startup_stm32f103xb.o(STACK) for __initial_sp
    startup_stm32f103xb.o(RESET) refers to startup_stm32f103xb.o(.text) for Reset_Handler
    startup_stm32f103xb.o(RESET) refers to stm32f1xx_it.o(i.NMI_Handler) for NMI_Handler
    startup_stm32f103xb.o(RESET) refers to stm32f1xx_it.o(i.HardFault_Handler) for HardFault_Handler
    startup_stm32f103xb.o(RESET) refers to stm32f1xx_it.o(i.MemManage_Handler) for MemManage_Handler
    startup_stm32f103xb.o(RESET) refers to stm32f1xx_it.o(i.BusFault_Handler) for BusFault_Handler
    startup_stm32f103xb.o(RESET) refers to stm32f1xx_it.o(i.UsageFault_Handler) for UsageFault_Handler
    startup_stm32f103xb.o(RESET) refers to stm32f1xx_it.o(i.SVC_Handler) for SVC_Handler
    startup_stm32f103xb.o(RESET) refers to stm32f1xx_it.o(i.DebugMon_Handler) for DebugMon_Handler
    startup_stm32f103xb.o(RESET) refers to stm32f1xx_it.o(i.PendSV_Handler) for PendSV_Handler
    startup_stm32f103xb.o(RESET) refers to stm32f1xx_it.o(i.SysTick_Handler) for SysTick_Handler
    startup_stm32f103xb.o(RESET) refers to stm32f1xx_it.o(i.EXTI4_IRQHandler) for EXTI4_IRQHandler
    startup_stm32f103xb.o(RESET) refers to stm32f1xx_it.o(i.TIM1_UP_IRQHandler) for TIM1_UP_IRQHandler
    startup_stm32f103xb.o(RESET) refers to stm32f1xx_it.o(i.TIM2_IRQHandler) for TIM2_IRQHandler
    startup_stm32f103xb.o(RESET) refers to stm32f1xx_it.o(i.TIM4_IRQHandler) for TIM4_IRQHandler
    startup_stm32f103xb.o(RESET) refers to stm32f1xx_it.o(i.USART1_IRQHandler) for USART1_IRQHandler
    startup_stm32f103xb.o(RESET) refers to stm32f1xx_it.o(i.EXTI15_10_IRQHandler) for EXTI15_10_IRQHandler
    startup_stm32f103xb.o(.text) refers to system_stm32f1xx.o(i.SystemInit) for SystemInit
    startup_stm32f103xb.o(.text) refers to entry.o(.ARM.Collect$$$$00000000) for __main
    main.o(i.SystemClock_Config) refers to memseta.o(.text) for __aeabi_memclr4
    main.o(i.SystemClock_Config) refers to stm32f1xx_hal_rcc.o(i.HAL_RCC_OscConfig) for HAL_RCC_OscConfig
    main.o(i.SystemClock_Config) refers to stm32f1xx_hal_rcc.o(i.HAL_RCC_ClockConfig) for HAL_RCC_ClockConfig
    main.o(i.SystemClock_Config) refers to stm32f1xx_hal_rcc_ex.o(i.HAL_RCCEx_PeriphCLKConfig) for HAL_RCCEx_PeriphCLKConfig
    main.o(i.main) refers to stm32f1xx_hal.o(i.HAL_Init) for HAL_Init
    main.o(i.main) refers to main.o(i.SystemClock_Config) for SystemClock_Config
    main.o(i.main) refers to gpio.o(i.MX_GPIO_Init) for MX_GPIO_Init
    main.o(i.main) refers to usart.o(i.MX_USART1_UART_Init) for MX_USART1_UART_Init
    main.o(i.main) refers to tim.o(i.MX_TIM1_Init) for MX_TIM1_Init
    main.o(i.main) refers to tim.o(i.MX_TIM2_Init) for MX_TIM2_Init
    main.o(i.main) refers to tim.o(i.MX_TIM4_Init) for MX_TIM4_Init
    main.o(i.main) refers to adc.o(i.MX_ADC2_Init) for MX_ADC2_Init
    main.o(i.main) refers to oled.o(i.OLED_Init) for OLED_Init
    main.o(i.main) refers to oled.o(i.OLED_Clear) for OLED_Clear
    main.o(i.main) refers to stm32f1xx_hal_tim.o(i.HAL_TIM_PWM_Start) for HAL_TIM_PWM_Start
    main.o(i.main) refers to stm32f1xx_hal_tim.o(i.HAL_TIM_Encoder_Start) for HAL_TIM_Encoder_Start
    main.o(i.main) refers to stm32f1xx_hal_tim.o(i.HAL_TIM_Base_Start_IT) for HAL_TIM_Base_Start_IT
    main.o(i.main) refers to pid.o(i.PID_init) for PID_init
    main.o(i.main) refers to f2d.o(.text) for __aeabi_f2d
    main.o(i.main) refers to printfa.o(i.__0sprintf) for __2sprintf
    main.o(i.main) refers to oled.o(i.OLED_ShowString) for OLED_ShowString
    main.o(i.main) refers to adc.o(i.adcGetBatteryVoltage) for adcGetBatteryVoltage
    main.o(i.main) refers to stm32f1xx_hal_gpio.o(i.HAL_GPIO_ReadPin) for HAL_GPIO_ReadPin
    main.o(i.main) refers to printfa.o(i.__0printf) for __2printf
    main.o(i.main) refers to motor.o(i.motorPidSetSpeed) for motorPidSetSpeed
    main.o(i.main) refers to fmul.o(.text) for __aeabi_fmul
    main.o(i.main) refers to ffixi.o(.text) for __aeabi_f2iz
    main.o(i.main) refers to niming.o(i.ANO_DT_Send_F2) for ANO_DT_Send_F2
    main.o(i.main) refers to usart.o(i.Usart_WaitReasFinish) for Usart_WaitReasFinish
    main.o(i.main) refers to cjson.o(i.cJSON_Parse) for cJSON_Parse
    main.o(i.main) refers to cjson.o(i.cJSON_GetObjectItem) for cJSON_GetObjectItem
    main.o(i.main) refers to d2f.o(.text) for __aeabi_d2f
    main.o(i.main) refers to cjson.o(i.cJSON_Delete) for cJSON_Delete
    main.o(i.main) refers to memseta.o(.text) for __aeabi_memclr
    main.o(i.main) refers to tim.o(.bss) for htim1
    main.o(i.main) refers to usart.o(.bss) for huart1
    main.o(i.main) refers to pid.o(.bss) for pidMotor1Speed
    main.o(i.main) refers to main.o(.data) for .data
    main.o(i.main) refers to stm32f1xx_it.o(.data) for Motor2Speed
    main.o(i.main) refers to main.o(.bss) for .bss
[...]
    .text                                    0x080001c6   Section        0  strncmp.o(.text)
    .text                                    0x080001e4   Section        0  scanf_fp.o(.text)
    _fp_value                                0x080001e5   Thumb Code   296  scanf_fp.o(.text)
    .text                                    0x08000544   Section        0  fadd.o(.text)
    .text                                    0x080005f4   Section        0  fmul.o(.text)
    .text                                    0x08000658   Section        0  fscalb.o(.text)
    .text                                    0x08000670   Section        0  dadd.o(.text)
    .text                                    0x080007be   Section        0  dmul.o(.text)
    .text                                    0x080008a2   Section        0  ddiv.o(.text)
    .text                                    0x08000980   Section        0  dscalb.o(.text)
    .text                                    0x080009ae   Section        0  fflti.o(.text)
    .text                                    0x080009c0   Section        0  ffltui.o(.text)
    .text                                    0x080009ca   Section        0  ffixi.o(.text)
    .text                                    0x080009fc   Section        0  dfixi.o(.text)
    .text                                    0x08000a3a   Section        0  f2d.o(.text)
    .text                                    0x08000a60   Section       48  cdcmple.o(.text)
    .text                                    0x08000a90   Section       48  cdrcmple.o(.text)
    .text                                    0x08000ac0   Section        0  d2f.o(.text)
    .text                                    0x08000af8   Section        0  uidiv.o(.text)
    .text                                    0x08000b24   Section        0  uldiv.o(.text)
    .text                                    0x08000b86   Section        0  llshl.o(.text)
    .text                                    0x08000ba4   Section        0  llsshr.o(.text)
    .text                                    0x08000bc8   Section        0  _sgetc.o(.text)
    .text                                    0x08000c08   Section        0  strtod.o(.text)
    _local_sscanf                            0x08000c09   Thumb Code    54  strtod.o(.text)
    .text                                    0x08000ca4   Section        0  iusefp.o(.text)
    .text                                    0x08000ca4   Section        0  fepilogue.o(.text)
    .text                                    0x08000d12   Section        0  depilogue.o(.text)
    .text                                    0x08000dcc   Section        0  dfltul.o(.text)
    .text                                    0x08000de4   Section        0  dfixul.o(.text)
    .text                                    0x08000e14   Section       36  init.o(.text)
    .text                                    0x08000e38   Section        0  isspace_c.o(.text)
    .text                                    0x08000e44   Section        0  ctype_c.o(.text)
    i.ADC_ConversionStop_Disable             0x08000e6c   Section        0  stm32f1xx_hal_adc.o(i.ADC_ConversionStop_Disable)
    i.ADC_Enable                             0x08000ec0   Section        0  stm32f1xx_hal_adc.o(i.ADC_Enable)
    i.ANO_DT_Send_F2                         0x08000f38   Section        0  niming.o(i.ANO_DT_Send_F2)
    i.BusFault_Handler                       0x08000fbc   Section        0  stm32f1xx_it.o(i.BusFault_Handler)
    i.DebugMon_Handler                       0x08000fbe   Section        0  stm32f1xx_it.o(i.DebugMon_Handler)
    i.EXTI15_10_IRQHandler                   0x08000fc0   Section        0  stm32f1xx_it.o(i.EXTI15_10_IRQHandler)
    i.EXTI4_IRQHandler                       0x08000fc8   Section        0  stm32f1xx_it.o(i.EXTI4_IRQHandler)
    i.Error_Handler                          0x08000fce   Section        0  main.o(i.Error_Handler)
    i.HAL_ADC_ConfigChannel                  0x08000fd4   Section        0  stm32f1xx_hal_adc.o(i.HAL_ADC_ConfigChannel)
    i.HAL_ADC_GetValue                       0x080010d0   Section        0  stm32f1xx_hal_adc.o(i.HAL_ADC_GetValue)
    i.HAL_ADC_Init                           0x080010d8   Section        0  stm32f1xx_hal_adc.o(i.HAL_ADC_Init)
    i.HAL_ADC_MspInit                        0x080011f4   Section        0  adc.o(i.HAL_ADC_MspInit)
    i.HAL_ADC_PollForConversion              0x0800124c   Section        0  stm32f1xx_hal_adc.o(i.HAL_ADC_PollForConversion)
    i.HAL_ADC_Start                          0x08001388   Section        0  stm32f1xx_hal_adc.o(i.HAL_ADC_Start)
    i.HAL_DMA_Abort                          0x08001448   Section        0  stm32f1xx_hal_dma.o(i.HAL_DMA_Abort)
    i.HAL_DMA_Abort_IT                       0x08001490   Section        0  stm32f1xx_hal_dma.o(i.HAL_DMA_Abort_IT)
    i.HAL_Delay                              0x08001528   Section        0  stm32f1xx_hal.o(i.HAL_Delay)
    i.HAL_GPIO_EXTI_Callback                 0x0800154c   Section        0  gpio.o(i.HAL_GPIO_EXTI_Callback)
    i.HAL_GPIO_EXTI_IRQHandler               0x08001568   Section        0  stm32f1xx_hal_gpio.o(i.HAL_GPIO_EXTI_IRQHandler)
    i.HAL_GPIO_Init                          0x08001580   Section        0  stm32f1xx_hal_gpio.o(i.HAL_GPIO_Init)
    i.HAL_GPIO_ReadPin                       0x0800174c   Section        0  stm32f1xx_hal_gpio.o(i.HAL_GPIO_ReadPin)
    i.HAL_GPIO_TogglePin                     0x08001756   Section        0  stm32f1xx_hal_gpio.o(i.HAL_GPIO_TogglePin)
    i.HAL_GPIO_WritePin                      0x08001766   Section        0  stm32f1xx_hal_gpio.o(i.HAL_GPIO_WritePin)
    i.HAL_GetTick                            0x08001770   Section        0  stm32f1xx_hal.o(i.HAL_GetTick)
    i.HAL_IncTick                            0x0800177c   Section        0  stm32f1xx_hal.o(i.HAL_IncTick)
    i.HAL_Init                               0x0800178c   Section        0  stm32f1xx_hal.o(i.HAL_Init)
    i.HAL_InitTick                           0x080017b0   Section        0  stm32f1xx_hal.o(i.HAL_InitTick)
    i.HAL_MspInit                            0x080017f0   Section        0  stm32f1xx_hal_msp.o(i.HAL_MspInit)
    i.HAL_NVIC_EnableIRQ                     0x0800182c   Section        0  stm32f1xx_hal_cortex.o(i.HAL_NVIC_EnableIRQ)
    i.HAL_NVIC_SetPriority                   0x08001848   Section        0  stm32f1xx_hal_cortex.o(i.HAL_NVIC_SetPriority)
    i.HAL_NVIC_SetPriorityGrouping           0x08001888   Section        0  stm32f1xx_hal_cortex.o(i.HAL_NVIC_SetPriorityGrouping)
    i.HAL_RCCEx_GetPeriphCLKFreq             0x080018ac   Section        0  stm32f1xx_hal_rcc_ex.o(i.HAL_RCCEx_GetPeriphCLKFreq)
    i.HAL_RCCEx_PeriphCLKConfig              0x08001970   Section        0  stm32f1xx_hal_rcc_ex.o(i.HAL_RCCEx_PeriphCLKConfig)
    i.HAL_RCC_ClockConfig                    0x08001a58   Section        0  stm32f1xx_hal_rcc.o(i.HAL_RCC_ClockConfig)
    i.HAL_RCC_GetPCLK1Freq                   0x08001b90   Section        0  stm32f1xx_hal_rcc.o(i.HAL_RCC_GetPCLK1Freq)
    i.HAL_RCC_GetPCLK2Freq                   0x08001bb0   Section        0  stm32f1xx_hal_rcc.o(i.HAL_RCC_GetPCLK2Freq)
    i.HAL_RCC_GetSysClockFreq                0x08001bd0   Section        0  stm32f1xx_hal_rcc.o(i.HAL_RCC_GetSysClockFreq)
    i.HAL_RCC_OscConfig                      0x08001c3c   Section        0  stm32f1xx_hal_rcc.o(i.HAL_RCC_OscConfig)
    i.HAL_SYSTICK_Config                     0x08001f54   Section        0  stm32f1xx_hal_cortex.o(i.HAL_SYSTICK_Config)
    i.HAL_TIMEx_BreakCallback                0x08001f7c   Section        0  stm32f1xx_hal_tim_ex.o(i.HAL_TIMEx_BreakCallback)
    i.HAL_TIMEx_CommutCallback               0x08001f7e   Section        0  stm32f1xx_hal_tim_ex.o(i.HAL_TIMEx_CommutCallback)
    i.HAL_TIMEx_ConfigBreakDeadTime          0x08001f80   Section        0  stm32f1xx_hal_tim_ex.o(i.HAL_TIMEx_ConfigBreakDeadTime)
    i.HAL_TIMEx_MasterConfigSynchronization  0x08001fd4   Section        0  stm32f1xx_hal_tim_ex.o(i.HAL_TIMEx_MasterConfigSynchronization)
    i.HAL_TIM_Base_Init                      0x0800203c   Section        0  stm32f1xx_hal_tim.o(i.HAL_TIM_Base_Init)
    i.HAL_TIM_Base_MspInit                   0x08002098   Section        0  tim.o(i.HAL_TIM_Base_MspInit)
    i.HAL_TIM_Base_Start_IT                  0x080020d4   Section        0  stm32f1xx_hal_tim.o(i.HAL_TIM_Base_Start_IT)
    i.HAL_TIM_ConfigClockSource              0x0800212c   Section        0  stm32f1xx_hal_tim.o(i.HAL_TIM_ConfigClockSource)
    i.HAL_TIM_Encoder_Init                   0x08002202   Section        0  stm32f1xx_hal_tim.o(i.HAL_TIM_Encoder_Init)
    i.HAL_TIM_Encoder_MspInit                0x080022a8   Section        0  tim.o(i.HAL_TIM_Encoder_MspInit)
    i.HAL_TIM_Encoder_Start                  0x08002358   Section        0  stm32f1xx_hal_tim.o(i.HAL_TIM_Encoder_Start)
    i.HAL_TIM_IC_CaptureCallback             0x080023ea   Section        0  stm32f1xx_hal_tim.o(i.HAL_TIM_IC_CaptureCallback)
    i.HAL_TIM_IRQHandler                     0x080023ec   Section        0  stm32f1xx_hal_tim.o(i.HAL_TIM_IRQHandler)
    i.HAL_TIM_MspPostInit                    0x08002554   Section        0  tim.o(i.HAL_TIM_MspPostInit)
    i.HAL_TIM_OC_DelayElapsedCallback        0x080025a0   Section        0  stm32f1xx_hal_tim.o(i.HAL_TIM_OC_DelayElapsedCallback)
    i.HAL_TIM_PWM_ConfigChannel              0x080025a2   Section        0  stm32f1xx_hal_tim.o(i.HAL_TIM_PWM_ConfigChannel)
    i.HAL_TIM_PWM_Init                       0x08002668   Section        0  stm32f1xx_hal_tim.o(i.HAL_TIM_PWM_Init)
    i.HAL_TIM_PWM_MspInit                    0x080026c2   Section        0  stm32f1xx_hal_tim.o(i.HAL_TIM_PWM_MspInit)
    i.HAL_TIM_PWM_PulseFinishedCallback      0x080026c4   Section        0  stm32f1xx_hal_tim.o(i.HAL_TIM_PWM_PulseFinishedCallback)
    i.HAL_TIM_PWM_Start                      0x080026c8   Section        0  stm32f1xx_hal_tim.o(i.HAL_TIM_PWM_Start)
    i.HAL_TIM_PeriodElapsedCallback          0x08002768   Section        0  stm32f1xx_it.o(i.HAL_TIM_PeriodElapsedCallback)
    i.HAL_TIM_TriggerCallback                0x080028a4   Section        0  stm32f1xx_hal_tim.o(i.HAL_TIM_TriggerCallback)
    i.HAL_UARTEx_RxEventCallback             0x080028a6   Section        0  stm32f1xx_hal_uart.o(i.HAL_UARTEx_RxEventCallback)
    i.HAL_UART_ErrorCallback                 0x080028a8   Section        0  stm32f1xx_hal_uart.o(i.HAL_UART_ErrorCallback)
    i.HAL_UART_IRQHandler                    0x080028ac   Section        0  stm32f1xx_hal_uart.o(i.HAL_UART_IRQHandler)
    i.HAL_UART_Init                          0x08002ab8   Section        0  stm32f1xx_hal_uart.o(i.HAL_UART_Init)
    i.HAL_UART_MspInit                       0x08002b1c   Section        0  usart.o(i.HAL_UART_MspInit)
    i.HAL_UART_Receive                       0x08002b9c   Section        0  stm32f1xx_hal_uart.o(i.HAL_UART_Receive)
    i.HAL_UART_RxCpltCallback                0x08002c60   Section        0  stm32f1xx_hal_uart.o(i.HAL_UART_RxCpltCallback)
    i.HAL_UART_Transmit                      0x08002c62   Section        0  stm32f1xx_hal_uart.o(i.HAL_UART_Transmit)
    i.HAL_UART_TxCpltCallback                0x08002d12   Section        0  stm32f1xx_hal_uart.o(i.HAL_UART_TxCpltCallback)
    i.HardFault_Handler                      0x08002d14   Section        0  stm32f1xx_it.o(i.HardFault_Handler)
    i.IIC_Start                              0x08002d18   Section        0  oled.o(i.IIC_Start)
    i.IIC_Stop                               0x08002d58   Section        0  oled.o(i.IIC_Stop)
    i.IIC_Wait_Ack                           0x08002d8c   Section        0  oled.o(i.IIC_Wait_Ack)
    i.MX_ADC2_Init                           0x08002db0   Section        0  adc.o(i.MX_ADC2_Init)
    i.MX_GPIO_Init                           0x08002e00   Section        0  gpio.o(i.MX_GPIO_Init)
    i.MX_TIM1_Init                           0x08002f58   Section        0  tim.o(i.MX_TIM1_Init)
    i.MX_TIM2_Init                           0x08003034   Section        0  tim.o(i.MX_TIM2_Init)
    i.MX_TIM4_Init                           0x080030a0   Section        0  tim.o(i.MX_TIM4_Init)
    i.MX_USART1_UART_Init                    0x0800310c   Section        0  usart.o(i.MX_USART1_UART_Init)
    i.MemManage_Handler                      0x08003144   Section        0  stm32f1xx_it.o(i.MemManage_Handler)
    i.Motor_Set                              0x08003148   Section        0  motor.o(i.Motor_Set)
    i.NMI_Handler                            0x080031bc   Section        0  stm32f1xx_it.o(i.NMI_Handler)
    i.OLED_Clear                             0x080031be   Section        0  oled.o(i.OLED_Clear)
    i.OLED_Init                              0x080031f8   Section        0  oled.o(i.OLED_Init)
    i.OLED_Set_Pos                           0x080032de   Section        0  oled.o(i.OLED_Set_Pos)
    i.OLED_ShowChar                          0x08003308   Section        0  oled.o(i.OLED_ShowChar)
    i.OLED_ShowString                        0x08003390   Section        0  oled.o(i.OLED_ShowString)
    i.OLED_WR_Byte                           0x080033c6   Section        0  oled.o(i.OLED_WR_Byte)
    i.PID_init                               0x080033d4   Section        0  pid.o(i.PID_init)
    i.PID_realize                            0x08003414   Section        0  pid.o(i.PID_realize)
    i.PendSV_Handler                         0x08003466   Section        0  stm32f1xx_it.o(i.PendSV_Handler)
    i.SVC_Handler                            0x08003468   Section        0  stm32f1xx_it.o(i.SVC_Handler)
    i.SysTick_Handler                        0x0800346a   Section        0  stm32f1xx_it.o(i.SysTick_Handler)
    i.SystemClock_Config                     0x0800346e   Section        0  main.o(i.SystemClock_Config)
    i.SystemInit                             0x080034e8   Section        0  system_stm32f1xx.o(i.SystemInit)
    i.TIM1_UP_IRQHandler                     0x080034ec   Section        0  stm32f1xx_it.o(i.TIM1_UP_IRQHandler)
    i.TIM2_IRQHandler                        0x080034f8   Section        0  stm32f1xx_it.o(i.TIM2_IRQHandler)
    i.TIM4_IRQHandler                        0x08003504   Section        0  stm32f1xx_it.o(i.TIM4_IRQHandler)
    i.TIM_Base_SetConfig                     0x08003510   Section        0  stm32f1xx_hal_tim.o(i.TIM_Base_SetConfig)
    i.TIM_CCxChannelCmd                      0x0800357c   Section        0  stm32f1xx_hal_tim.o(i.TIM_CCxChannelCmd)
    i.TIM_ETR_SetConfig                      0x08003596   Section        0  stm32f1xx_hal_tim.o(i.TIM_ETR_SetConfig)
    i.TIM_ITRx_SetConfig                     0x080035aa   Section        0  stm32f1xx_hal_tim.o(i.TIM_ITRx_SetConfig)
    TIM_ITRx_SetConfig                       0x080035ab   Thumb Code    16  stm32f1xx_hal_tim.o(i.TIM_ITRx_SetConfig)
    i.TIM_OC1_SetConfig                      0x080035bc   Section        0  stm32f1xx_hal_tim.o(i.TIM_OC1_SetConfig)
    TIM_OC1_SetConfig                        0x080035bd   Thumb Code    82  stm32f1xx_hal_tim.o(i.TIM_OC1_SetConfig)
    i.TIM_OC2_SetConfig                      0x08003614   Section        0  stm32f1xx_hal_tim.o(i.TIM_OC2_SetConfig)
    i.TIM_OC3_SetConfig                      0x08003670   Section        0  stm32f1xx_hal_tim.o(i.TIM_OC3_SetConfig)
    TIM_OC3_SetConfig                        0x08003671   Thumb Code    84  stm32f1xx_hal_tim.o(i.TIM_OC3_SetConfig)
    i.TIM_OC4_SetConfig                      0x080036c8   Section        0  stm32f1xx_hal_tim.o(i.TIM_OC4_SetConfig)
    TIM_OC4_SetConfig                        0x080036c9   Thumb Code    64  stm32f1xx_hal_tim.o(i.TIM_OC4_SetConfig)
    i.TIM_TI1_ConfigInputStage               0x0800370c   Section        0  stm32f1xx_hal_tim.o(i.TIM_TI1_ConfigInputStage)
    TIM_TI1_ConfigInputStage                 0x0800370d   Thumb Code    34  stm32f1xx_hal_tim.o(i.TIM_TI1_ConfigInputStage)
    i.TIM_TI2_ConfigInputStage               0x0800372e   Section        0  stm32f1xx_hal_tim.o(i.TIM_TI2_ConfigInputStage)
    TIM_TI2_ConfigInputStage                 0x0800372f   Thumb Code    36  stm32f1xx_hal_tim.o(i.TIM_TI2_ConfigInputStage)
    i.UART_DMAAbortOnError                   0x08003752   Section        0  stm32f1xx_hal_uart.o(i.UART_DMAAbortOnError)
    UART_DMAAbortOnError                     0x08003753   Thumb Code    16  stm32f1xx_hal_uart.o(i.UART_DMAAbortOnError)
    i.UART_EndRxTransfer                     0x08003762   Section        0  stm32f1xx_hal_uart.o(i.UART_EndRxTransfer)
    UART_EndRxTransfer                       0x08003763   Thumb Code    48  stm32f1xx_hal_uart.o(i.UART_EndRxTransfer)
    i.UART_Receive_IT                        0x08003792   Section        0  stm32f1xx_hal_uart.o(i.UART_Receive_IT)
    UART_Receive_IT                          0x08003793   Thumb Code   182  stm32f1xx_hal_uart.o(i.UART_Receive_IT)
    i.UART_SetConfig                         0x08003848   Section        0  stm32f1xx_hal_uart.o(i.UART_SetConfig)
    UART_SetConfig                           0x08003849   Thumb Code   178  stm32f1xx_hal_uart.o(i.UART_SetConfig)
    i.UART_WaitOnFlagUntilTimeout            0x08003900   Section        0  stm32f1xx_hal_uart.o(i.UART_WaitOnFlagUntilTimeout)
    UART_WaitOnFlagUntilTimeout              0x08003901   Thumb Code    98  stm32f1xx_hal_uart.o(i.UART_WaitOnFlagUntilTimeout)
    i.USART1_IRQHandler                      0x08003964   Section        0  stm32f1xx_it.o(i.USART1_IRQHandler)
    i.UsageFault_Handler                     0x080039a8   Section        0  stm32f1xx_it.o(i.UsageFault_Handler)
    i.Usart_WaitReasFinish                   0x080039ac   Section        0  usart.o(i.Usart_WaitReasFinish)
    i.Write_IIC_Byte                         0x080039dc   Section        0  oled.o(i.Write_IIC_Byte)
    i.Write_IIC_Command                      0x08003a40   Section        0  oled.o(i.Write_IIC_Command)
    i.Write_IIC_Data                         0x08003a6e   Section        0  oled.o(i.Write_IIC_Data)
    i.__0printf                              0x08003a9c   Section        0  printfa.o(i.__0printf)
    i.__0sprintf                             0x08003abc   Section        0  printfa.o(i.__0sprintf)
    i.__NVIC_SetPriority                     0x08003ae4   Section        0  stm32f1xx_hal_cortex.o(i.__NVIC_SetPriority)
    __NVIC_SetPriority                       0x08003ae5   Thumb Code    32  stm32f1xx_hal_cortex.o(i.__NVIC_SetPriority)
    i.__free$realloc                         0x08003b04   Section        0  mallocr.o(i.__free$realloc)
    i.__malloc$realloc                       0x08003b60   Section        0  mallocr.o(i.__malloc$realloc)
    i.__scatterload_copy                     0x08003bb0   Section       14  handlers.o(i.__scatterload_copy)
    i.__scatterload_null                     0x08003bbe   Section        2  handlers.o(i.__scatterload_null)
    i.__scatterload_zeroinit                 0x08003bc0   Section       14  handlers.o(i.__scatterload_zeroinit)
    i._fp_digits                             0x08003bd0   Section        0  printfa.o(i._fp_digits)
    _fp_digits                               0x08003bd1   Thumb Code   366  printfa.o(i._fp_digits)
    i._is_digit                              0x08003d54   Section        0  scanf_fp.o(i._is_digit)
    i._printf_core                           0x08003d64   Section        0  printfa.o(i._printf_core)
    _printf_core                             0x08003d65   Thumb Code  1704  printfa.o(i._printf_core)
    i._printf_post_padding                   0x08004418   Section        0  printfa.o(i._printf_post_padding)
    _printf_post_padding                     0x08004419   Thumb Code    36  printfa.o(i._printf_post_padding)
    i._printf_pre_padding                    0x0800443c   Section        0  printfa.o(i._printf_pre_padding)
    _printf_pre_padding                      0x0800443d   Thumb Code    46  printfa.o(i._printf_pre_padding)
    i._sputc                                 0x0800446a   Section        0  printfa.o(i._sputc)
    _sputc                                   0x0800446b   Thumb Code    10  printfa.o(i._sputc)
    i.adcGetBatteryVoltage                   0x08004474   Section        0  adc.o(i.adcGetBatteryVoltage)
    i.buffer_skip_whitespace                 0x080044cc   Section        0  cjson.o(i.buffer_skip_whitespace)
    buffer_skip_whitespace                   0x080044cd   Thumb Code    48  cjson.o(i.buffer_skip_whitespace)
    i.cJSON_Delete                           0x080044fc   Section        0  cjson.o(i.cJSON_Delete)
    i.cJSON_GetObjectItem                    0x08004544   Section        0  cjson.o(i.cJSON_GetObjectItem)
    i.cJSON_New_Item                         0x0800454a   Section        0  cjson.o(i.cJSON_New_Item)
    cJSON_New_Item                           0x0800454b   Thumb Code    22  cjson.o(i.cJSON_New_Item)
    i.cJSON_Parse                            0x08004560   Section        0  cjson.o(i.cJSON_Parse)
    i.cJSON_ParseWithLengthOpts              0x08004568   Section        0  cjson.o(i.cJSON_ParseWithLengthOpts)
    i.cJSON_ParseWithOpts                    0x08004644   Section        0  cjson.o(i.cJSON_ParseWithOpts)
    i.fputc                                  0x08004668   Section        0  usart.o(i.fputc)
    i.get_object_item                        0x08004680   Section        0  cjson.o(i.get_object_item)
    get_object_item                          0x08004681   Thumb Code   122  cjson.o(i.get_object_item)
    i.internal_alloc                         0x080046fc   Section        0  mallocr.o(i.internal_alloc)
    internal_alloc                           0x080046fd   Thumb Code    76  mallocr.o(i.internal_alloc)
    i.main                                   0x0800474c   Section        0  main.o(i.main)
    i.motorPidSetSpeed                       0x08004b64   Section        0  motor.o(i.motorPidSetSpeed)
    i.parse_array                            0x08004ba8   Section        0  cjson.o(i.parse_array)
    parse_array                              0x08004ba9   Thumb Code   208  cjson.o(i.parse_array)
    i.parse_hex4                             0x08004c78   Section        0  cjson.o(i.parse_hex4)
    parse_hex4                               0x08004c79   Thumb Code    64  cjson.o(i.parse_hex4)
    i.parse_number                           0x08004cb8   Section        0  cjson.o(i.parse_number)
    parse_number                             0x08004cb9   Thumb Code   228  cjson.o(i.parse_number)
    i.parse_object                           0x08004da8   Section        0  cjson.o(i.parse_object)
    parse_object                             0x08004da9   Thumb Code   266  cjson.o(i.parse_object)
    i.parse_string                           0x08004eb2   Section        0  cjson.o(i.parse_string)
    parse_string                             0x08004eb3   Thumb Code   294  cjson.o(i.parse_string)
    i.parse_value                            0x08004fd8   Section        0  cjson.o(i.parse_value)
    parse_value                              0x08004fd9   Thumb Code   226  cjson.o(i.parse_value)
    i.realloc                                0x080050d4   Section        0  mallocr.o(i.realloc)
    i.strtod                                 0x08005140   Section        0  strtod.o(i.strtod)
    i.utf16_literal_to_utf8                  0x0800515c   Section        0  cjson.o(i.utf16_literal_to_utf8)
    utf16_literal_to_utf8                    0x0800515d   Thumb Code   208  cjson.o(i.utf16_literal_to_utf8)
    .constdata                               0x0800522c   Section       16  system_stm32f1xx.o(.constdata)
    .constdata                               0x0800523c   Section        8  system_stm32f1xx.o(.constdata)
    .constdata                               0x08005244   Section     2072  oled.o(.constdata)
    .constdata                               0x08005a5c   Section       64  ctype_c.o(.constdata)
    .data                                    0x20000000   Section       20  main.o(.data)
    .data                                    0x20000014   Section        2  usart.o(.data)
    Usart_LastReadCount                      0x20000014   Data           2  usart.o(.data)
    .data                                    0x20000018   Section       20  stm32f1xx_it.o(.data)
    .data                                    0x2000002c   Section       12  stm32f1xx_hal.o(.data)
    .data                                    0x20000038   Section        4  system_stm32f1xx.o(.data)
    .data                                    0x2000003c   Section       20  cjson.o(.data)
    global_error                             0x2000003c   Data           8  cjson.o(.data)
    global_hooks                             0x20000044   Data          12  cjson.o(.data)
    .data                                    0x20000050   Section        4  stdout.o(.data)
    .data                                    0x20000054   Section        4  mvars.o(.data)
    .data                                    0x20000058   Section        4  mvars.o(.data)
    .bss                                     0x2000005c   Section       20  main.o(.bss)
    .bss                                     0x20000070   Section       48  adc.o(.bss)
    .bss                                     0x200000a0   Section      216  tim.o(.bss)
    .bss                                     0x20000178   Section       68  usart.o(.bss)
    .bss                                     0x200001bc   Section      256  stm32f1xx_it.o(.bss)
    .bss                                     0x200002bc   Section      100  niming.o(.bss)
    .bss                                     0x20000320   Section       64  pid.o(.bss)
    HEAP                                     0x20000360   Section     2048  startup_stm32f103xb.o(HEAP)
    STACK                                    0x20000b60   Section     2048  startup_stm32f103xb.o(STACK)

    Global Symbols

    Symbol Name                              Value     Ov Type        Size  Object(Section)

    BuildAttributes$$THM_ISAv4$P$D$K$B$S$PE$A:L22UL41UL21$X:L11$S22US41US21$IEEE1$IW$USESV6$~STKCKD$USESV7$~SHL$OTIME$ROPI$IEEEJ$EBA8$MICROLIB$REQ8$PRES8$EABIv2 0x00000000   Number         0  anon$$obj.o ABSOLUTE
    __ARM_use_no_argv                        0x00000000   Number         0  main.o ABSOLUTE
    _printf_a                                0x00000000   Number         0  stubs.o ABSOLUTE
    _printf_c                                0x00000000   Number         0  stubs.o ABSOLUTE
    _printf_charcount                        0x00000000   Number         0  stubs.o ABSOLUTE
    _printf_d                                0x00000000   Number         0  stubs.o ABSOLUTE
    _printf_e                                0x00000000   Number         0  stubs.o ABSOLUTE
    _printf_f                                0x00000000   Number         0  stubs.o ABSOLUTE
    _printf_flags                            0x00000000   Number         0  stubs.o ABSOLUTE
    _printf_fp_dec                           0x00000000   Number         0  stubs.o ABSOLUTE
    _printf_fp_hex                           0x00000000   Number         0  stubs.o ABSOLUTE
    _printf_g                                0x00000000   Number         0  stubs.o ABSOLUTE
    _printf_i                                0x00000000   Number         0  stubs.o ABSOLUTE
    _printf_int_dec                          0x00000000   Number         0  stubs.o ABSOLUTE
    _printf_l                                0x00000000   Number         0  stubs.o ABSOLUTE
    _printf_lc                               0x00000000   Number         0  stubs.o ABSOLUTE
    _printf_ll                               0x00000000   Number         0  stubs.o ABSOLUTE
    _printf_lld                              0x00000000   Number         0  stubs.o ABSOLUTE
    _printf_lli                              0x00000000   Number         0  stubs.o ABSOLUTE
    _printf_llo                              0x00000000   Number         0  stubs.o ABSOLUTE
    _printf_llu                              0x00000000   Number         0  stubs.o ABSOLUTE
    _printf_llx                              0x00000000   Number         0  stubs.o ABSOLUTE
    _printf_longlong_dec                     0x00000000   Number         0  stubs.o ABSOLUTE
    _printf_longlong_hex                     0x00000000   Number         0  stubs.o ABSOLUTE
    _printf_longlong_oct                     0x00000000   Number         0  stubs.o ABSOLUTE
    _printf_ls                               0x00000000   Number         0  stubs.o ABSOLUTE
    _printf_mbtowc                           0x00000000   Number         0  stubs.o ABSOLUTE
    _printf_n                                0x00000000   Number         0  stubs.o ABSOLUTE
    _printf_o                                0x00000000   Number         0  stubs.o ABSOLUTE
    _printf_p                                0x00000000   Number         0  stubs.o ABSOLUTE
    _printf_percent                          0x00000000   Number         0  stubs.o ABSOLUTE
    _printf_pre_padding                      0x00000000   Number         0  stubs.o ABSOLUTE
    _printf_return_value                     0x00000000   Number         0  stubs.o ABSOLUTE
    _printf_s                                0x00000000   Number         0  stubs.o ABSOLUTE
    _printf_sizespec                         0x00000000   Number         0  stubs.o ABSOLUTE
    _printf_str                              0x00000000   Number         0  stubs.o ABSOLUTE
    _printf_truncate_signed                  0x00000000   Number         0  stubs.o ABSOLUTE
    _printf_truncate_unsigned                0x00000000   Number         0  stubs.o ABSOLUTE
    _printf_u                                0x00000000   Number         0  stubs.o ABSOLUTE
    _printf_wc                               0x00000000   Number         0  stubs.o ABSOLUTE
    _printf_wctomb                           0x00000000   Number         0  stubs.o ABSOLUTE
    _printf_widthprec                        0x00000000   Number         0  stubs.o ABSOLUTE
    _printf_x                                0x00000000   Number         0  stubs.o ABSOLUTE
    __arm_fini_                               - Undefined Weak Reference
    __cpp_initialize__aeabi_                  - Undefined Weak Reference
    __cxa_finalize                            - Undefined Weak Reference
    __decompress                              - Undefined Weak Reference
    _clock_init                               - Undefined Weak Reference
    _microlib_exit                            - Undefined Weak Reference
    _scanf_int                                - Undefined Weak Reference
    _scanf_longlong                           - Undefined Weak Reference
    _scanf_string                             - Undefined Weak Reference
    __Vectors_Size                           0x000000ec   Number         0  startup_stm32f103xb.o ABSOLUTE
    __Vectors                                0x08000000   Data           4  startup_stm32f103xb.o(RESET)
    __Vectors_End                            0x080000ec   Data           0  startup_stm32f103xb.o(RESET)
    __main                                   0x080000ed   Thumb Code     0  entry.o(.ARM.Collect$$$$00000000)
    _main_stk                                0x080000ed   Thumb Code     0  entry2.o(.ARM.Collect$$$$00000001)
    _main_scatterload                        0x080000f1   Thumb Code     0  entry5.o(.ARM.Collect$$$$00000004)
    __main_after_scatterload                 0x080000f5   Thumb Code     0  entry5.o(.ARM.Collect$$$$00000004)
    _main_clock                              0x080000f5   Thumb Code     0  entry7b.o(.ARM.Collect$$$$00000008)
    _main_cpp_init                           0x080000f5   Thumb Code     0  entry8b.o(.ARM.Collect$$$$0000000A)
    _main_init                               0x080000f5   Thumb Code     0  entry9a.o(.ARM.Collect$$$$0000000B)
    __rt_lib_shutdown_fini                   0x080000fd   Thumb Code     0  entry12b.o(.ARM.Collect$$$$0000000E)
    __rt_final_cpp                           0x08000101   Thumb Code     0  entry10a.o(.ARM.Collect$$$$0000000F)
    __rt_final_exit                          0x08000101   Thumb Code     0  entry11a.o(.ARM.Collect$$$$00000011)
    Reset_Handler                            0x08000105   Thumb Code     8  startup_stm32f103xb.o(.text)
    ADC1_2_IRQHandler                        0x0800011f   Thumb Code     0  startup_stm32f103xb.o(.text)
    CAN1_RX1_IRQHandler                      0x0800011f   Thumb Code     0  startup_stm32f103xb.o(.text)
    CAN1_SCE_IRQHandler                      0x0800011f   Thumb Code     0  startup_stm32f103xb.o(.text)
    DMA1_Channel1_IRQHandler                 0x0800011f   Thumb Code     0  startup_stm32f103xb.o(.text)
    DMA1_Channel2_IRQHandler                 0x0800011f   Thumb Code     0  startup_stm32f103xb.o(.text)
    DMA1_Channel3_IRQHandler                 0x0800011f   Thumb Code     0  startup_stm32f103xb.o(.text)
    DMA1_Channel4_IRQHandler                 0x0800011f   Thumb Code     0  startup_stm32f103xb.o(.text)
    DMA1_Channel5_IRQHandler                 0x0800011f   Thumb Code     0  startup_stm32f103xb.o(.text)
    DMA1_Channel6_IRQHandler                 0x0800011f   Thumb Code     0  startup_stm32f103xb.o(.text)
    DMA1_Channel7_IRQHandler                 0x0800011f   Thumb Code     0  startup_stm32f103xb.o(.text)
    EXTI0_IRQHandler                         0x0800011f   Thumb Code     0  startup_stm32f103xb.o(.text)
    EXTI1_IRQHandler                         0x0800011f   Thumb Code     0  startup_stm32f103xb.o(.text)
    EXTI2_IRQHandler                         0x0800011f   Thumb Code     0  startup_stm32f103xb.o(.text)
    EXTI3_IRQHandler                         0x0800011f   Thumb Code     0  startup_stm32f103xb.o(.text)
    EXTI9_5_IRQHandler                       0x0800011f   Thumb Code     0  startup_stm32f103xb.o(.text)
    FLASH_IRQHandler                         0x0800011f   Thumb Code     0  startup_stm32f103xb.o(.text)
    I2C1_ER_IRQHandler                       0x0800011f   Thumb Code     0  startup_stm32f103xb.o(.text)
    I2C1_EV_IRQHandler                       0x0800011f   Thumb Code     0  startup_stm32f103xb.o(.text)
    I2C2_ER_IRQHandler                       0x0800011f   Thumb Code     0  startup_stm32f103xb.o(.text)
    I2C2_EV_IRQHandler                       0x0800011f   Thumb Code     0  startup_stm32f103xb.o(.text)
    PVD_IRQHandler                           0x0800011f   Thumb Code     0  startup_stm32f103xb.o(.text)
    RCC_IRQHandler                           0x0800011f   Thumb Code     0  startup_stm32f103xb.o(.text)
    RTC_Alarm_IRQHandler                     0x0800011f   Thumb Code     0  startup_stm32f103xb.o(.text)
    RTC_IRQHandler                           0x0800011f   Thumb Code     0  startup_stm32f103xb.o(.text)
    SPI1_IRQHandler                          0x0800011f   Thumb Code     0  startup_stm32f103xb.o(.text)
    SPI2_IRQHandler                          0x0800011f   Thumb Code     0  startup_stm32f103xb.o(.text)
    TAMPER_IRQHandler                        0x0800011f   Thumb Code     0  startup_stm32f103xb.o(.text)
    TIM1_BRK_IRQHandler                      0x0800011f   Thumb Code     0  startup_stm32f103xb.o(.text)
    TIM1_CC_IRQHandler                       0x0800011f   Thumb Code     0  startup_stm32f103xb.o(.text)
    TIM1_TRG_COM_IRQHandler                  0x0800011f   Thumb Code     0  startup_stm32f103xb.o(.text)
    TIM3_IRQHandler                          0x0800011f   Thumb Code     0  startup_stm32f103xb.o(.text)
    USART2_IRQHandler                        0x0800011f   Thumb Code     0  startup_stm32f103xb.o(.text)
    USART3_IRQHandler                        0x0800011f   Thumb Code     0  startup_stm32f103xb.o(.text)
    USBWakeUp_IRQHandler                     0x0800011f   Thumb Code     0  startup_stm32f103xb.o(.text)
    USB_HP_CAN1_TX_IRQHandler                0x0800011f   Thumb Code     0  startup_stm32f103xb.o(.text)
    USB_LP_CAN1_RX0_IRQHandler               0x0800011f   Thumb Code     0  startup_stm32f103xb.o(.text)
    WWDG_IRQHandler                          0x0800011f   Thumb Code     0  startup_stm32f103xb.o(.text)
    __aeabi_llsr                             0x08000129   Thumb Code    32  llushr.o(.text)
    _ll_ushift_r                             0x08000129   Thumb Code     0  llushr.o(.text)
    tolower                                  0x08000149   Thumb Code    12  tolower.o(.text)
    __aeabi_memcpy                           0x08000155   Thumb Code    36  memcpya.o(.text)
    __aeabi_memcpy4                          0x08000155   Thumb Code     0  memcpya.o(.text)
    __aeabi_memcpy8                          0x08000155   Thumb Code     0  memcpya.o(.text)
    __aeabi_memset                           0x08000179   Thumb Code    14  memseta.o(.text)
    __aeabi_memset4                          0x08000179   Thumb Code     0  memseta.o(.text)
    __aeabi_memset8                          0x08000179   Thumb Code     0  memseta.o(.text)
    __aeabi_memclr                           0x08000187   Thumb Code     4  memseta.o(.text)
    __aeabi_memclr4                          0x08000187   Thumb Code     0  memseta.o(.text)
    __aeabi_memclr8                          0x08000187   Thumb Code     0  memseta.o(.text)
    _memset$wrapper                          0x0800018b   Thumb Code    18  memseta.o(.text)
    strlen                                   0x0800019d   Thumb Code    14  strlen.o(.text)
    strcmp                                   0x080001ab   Thumb Code    28  strcmp.o(.text)
    strncmp                                  0x080001c7   Thumb Code    30  strncmp.o(.text)
    _scanf_real                              0x0800030d   Thumb Code     0  scanf_fp.o(.text)
    _scanf_really_real                       0x0800030d   Thumb Code   556  scanf_fp.o(.text)
    __aeabi_fadd                             0x08000545   Thumb Code   164  fadd.o(.text)
    __aeabi_fsub                             0x080005e9   Thumb Code     6  fadd.o(.text)
    __aeabi_frsub                            0x080005ef   Thumb Code     6  fadd.o(.text)
    __aeabi_fmul                             0x080005f5   Thumb Code   100  fmul.o(.text)
    __ARM_scalbnf                            0x08000659   Thumb Code    24  fscalb.o(.text)
    scalbnf                                  0x08000659   Thumb Code     0  fscalb.o(.text)
    __aeabi_dadd                             0x08000671   Thumb Code   322  dadd.o(.text)
    __aeabi_dsub                             0x080007b3   Thumb Code     6  dadd.o(.text)
    __aeabi_drsub                            0x080007b9   Thumb Code     6  dadd.o(.text)
    __aeabi_dmul                             0x080007bf   Thumb Code   228  dmul.o(.text)
    __aeabi_ddiv                             0x080008a3   Thumb Code   222  ddiv.o(.text)
    __ARM_scalbn                             0x08000981   Thumb Code    46  dscalb.o(.text)
    scalbn                                   0x08000981   Thumb Code     0  dscalb.o(.text)
    __aeabi_i2f                              0x080009af   Thumb Code    18  fflti.o(.text)
    __aeabi_ui2f                             0x080009c1   Thumb Code    10  ffltui.o(.text)
    __aeabi_f2iz                             0x080009cb   Thumb Code    50  ffixi.o(.text)
    __aeabi_d2iz                             0x080009fd   Thumb Code    62  dfixi.o(.text)
    __aeabi_f2d                              0x08000a3b   Thumb Code    38  f2d.o(.text)
    __aeabi_cdcmpeq                          0x08000a61   Thumb Code     0  cdcmple.o(.text)
    __aeabi_cdcmple                          0x08000a61   Thumb Code    48  cdcmple.o(.text)
    __aeabi_cdrcmple                         0x08000a91   Thumb Code    48  cdrcmple.o(.text)
    __aeabi_d2f                              0x08000ac1   Thumb Code    56  d2f.o(.text)
    __aeabi_uidiv                            0x08000af9   Thumb Code     0  uidiv.o(.text)
    __aeabi_uidivmod                         0x08000af9   Thumb Code    44  uidiv.o(.text)
    __aeabi_uldivmod                         0x08000b25   Thumb Code    98  uldiv.o(.text)
    __aeabi_llsl                             0x08000b87   Thumb Code    30  llshl.o(.text)
    _ll_shift_l                              0x08000b87   Thumb Code     0  llshl.o(.text)
    __aeabi_lasr                             0x08000ba5   Thumb Code    36  llsshr.o(.text)
    _ll_sshift_r                             0x08000ba5   Thumb Code     0  llsshr.o(.text)
    _sgetc                                   0x08000bc9   Thumb Code    30  _sgetc.o(.text)
    _sbackspace                              0x08000be7   Thumb Code    34  _sgetc.o(.text)
    __strtod_int                             0x08000c3f   Thumb Code    90  strtod.o(.text)
    __I$use$fp                               0x08000ca5   Thumb Code     0  iusefp.o(.text)
    _float_round                             0x08000ca5   Thumb Code    18  fepilogue.o(.text)
    _float_epilogue                          0x08000cb7   Thumb Code    92  fepilogue.o(.text)
    _double_round                            0x08000d13   Thumb Code    30  depilogue.o(.text)
    _double_epilogue                         0x08000d31   Thumb Code   156  depilogue.o(.text)
    __aeabi_ul2d                             0x08000dcd   Thumb Code    24  dfltul.o(.text)
    __aeabi_d2ulz                            0x08000de5   Thumb Code    48  dfixul.o(.text)
    __scatterload                            0x08000e15   Thumb Code    28  init.o(.text)
    __scatterload_rt2                        0x08000e15   Thumb Code     0  init.o(.text)
    isspace                                  0x08000e39   Thumb Code    10  isspace_c.o(.text)
    __ctype_lookup                           0x08000e45   Thumb Code    34  ctype_c.o(.text)
    ADC_ConversionStop_Disable               0x08000e6d   Thumb Code    84  stm32f1xx_hal_adc.o(i.ADC_ConversionStop_Disable)
    ADC_Enable                               0x08000ec1   Thumb Code   112  stm32f1xx_hal_adc.o(i.ADC_Enable)
    ANO_DT_Send_F2                           0x08000f39   Thumb Code   122  niming.o(i.ANO_DT_Send_F2)
    BusFault_Handler                         0x08000fbd   Thumb Code     2  stm32f1xx_it.o(i.BusFault_Handler)
    DebugMon_Handler                         0x08000fbf   Thumb Code     2  stm32f1xx_it.o(i.DebugMon_Handler)
    EXTI15_10_IRQHandler                     0x08000fc1   Thumb Code     8  stm32f1xx_it.o(i.EXTI15_10_IRQHandler)
    EXTI4_IRQHandler                         0x08000fc9   Thumb Code     6  stm32f1xx_it.o(i.EXTI4_IRQHandler)
    Error_Handler                            0x08000fcf   Thumb Code     4  main.o(i.Error_Handler)
    HAL_ADC_ConfigChannel                    0x08000fd5   Thumb Code   240  stm32f1xx_hal_adc.o(i.HAL_ADC_ConfigChannel)
    HAL_ADC_GetValue                         0x080010d1   Thumb Code     6  stm32f1xx_hal_adc.o(i.HAL_ADC_GetValue)
    HAL_ADC_Init                             0x080010d9   Thumb Code   270  stm32f1xx_hal_adc.o(i.HAL_ADC_Init)
    HAL_ADC_MspInit                          0x080011f5   Thumb Code    76  adc.o(i.HAL_ADC_MspInit)
    HAL_ADC_PollForConversion                0x0800124d   Thumb Code   304  stm32f1xx_hal_adc.o(i.HAL_ADC_PollForConversion)
    HAL_ADC_Start                            0x08001389   Thumb Code   184  stm32f1xx_hal_adc.o(i.HAL_ADC_Start)
    HAL_DMA_Abort                            0x08001449   Thumb Code    70  stm32f1xx_hal_dma.o(i.HAL_DMA_Abort)
    HAL_DMA_Abort_IT                         0x08001491   Thumb Code   148  stm32f1xx_hal_dma.o(i.HAL_DMA_Abort_IT)
    HAL_Delay                                0x08001529   Thumb Code    32  stm32f1xx_hal.o(i.HAL_Delay)
    HAL_GPIO_EXTI_Callback                   0x0800154d   Thumb Code    24  gpio.o(i.HAL_GPIO_EXTI_Callback)
    HAL_GPIO_EXTI_IRQHandler                 0x08001569   Thumb Code    18  stm32f1xx_hal_gpio.o(i.HAL_GPIO_EXTI_IRQHandler)
    HAL_GPIO_Init                            0x08001581   Thumb Code   426  stm32f1xx_hal_gpio.o(i.HAL_GPIO_Init)
    HAL_GPIO_ReadPin                         0x0800174d   Thumb Code    10  stm32f1xx_hal_gpio.o(i.HAL_GPIO_ReadPin)
    HAL_GPIO_TogglePin                       0x08001757   Thumb Code    16  stm32f1xx_hal_gpio.o(i.HAL_GPIO_TogglePin)
    HAL_GPIO_WritePin                        0x08001767   Thumb Code    10  stm32f1xx_hal_gpio.o(i.HAL_GPIO_WritePin)
    HAL_GetTick                              0x08001771   Thumb Code     6  stm32f1xx_hal.o(i.HAL_GetTick)
    HAL_IncTick                              0x0800177d   Thumb Code    12  stm32f1xx_hal.o(i.HAL_IncTick)
    HAL_Init                                 0x0800178d   Thumb Code    32  stm32f1xx_hal.o(i.HAL_Init)
    HAL_InitTick                             0x080017b1   Thumb Code    54  stm32f1xx_hal.o(i.HAL_InitTick)
    HAL_MspInit                              0x080017f1   Thumb Code    52  stm32f1xx_hal_msp.o(i.HAL_MspInit)
    HAL_NVIC_EnableIRQ                       0x0800182d   Thumb Code    26  stm32f1xx_hal_cortex.o(i.HAL_NVIC_EnableIRQ)
    HAL_NVIC_SetPriority                     0x08001849   Thumb Code    60  stm32f1xx_hal_cortex.o(i.HAL_NVIC_SetPriority)
    HAL_NVIC_SetPriorityGrouping             0x08001889   Thumb Code    26  stm32f1xx_hal_cortex.o(i.HAL_NVIC_SetPriorityGrouping)
    HAL_RCCEx_GetPeriphCLKFreq               0x080018ad   Thumb Code   164  stm32f1xx_hal_rcc_ex.o(i.HAL_RCCEx_GetPeriphCLKFreq)
    HAL_RCCEx_PeriphCLKConfig                0x08001971   Thumb Code   220  stm32f1xx_hal_rcc_ex.o(i.HAL_RCCEx_PeriphCLKConfig)
    HAL_RCC_ClockConfig                      0x08001a59   Thumb Code   292  stm32f1xx_hal_rcc.o(i.HAL_RCC_ClockConfig)
    HAL_RCC_GetPCLK1Freq                     0x08001b91   Thumb Code    20  stm32f1xx_hal_rcc.o(i.HAL_RCC_GetPCLK1Freq)
    HAL_RCC_GetPCLK2Freq                     0x08001bb1   Thumb Code    20  stm32f1xx_hal_rcc.o(i.HAL_RCC_GetPCLK2Freq)
    HAL_RCC_GetSysClockFreq                  0x08001bd1   Thumb Code    74  stm32f1xx_hal_rcc.o(i.HAL_RCC_GetSysClockFreq)
    HAL_RCC_OscConfig                        0x08001c3d   Thumb Code   770  stm32f1xx_hal_rcc.o(i.HAL_RCC_OscConfig)
    HAL_SYSTICK_Config                       0x08001f55   Thumb Code    40  stm32f1xx_hal_cortex.o(i.HAL_SYSTICK_Config)
    HAL_TIMEx_BreakCallback                  0x08001f7d   Thumb Code     2  stm32f1xx_hal_tim_ex.o(i.HAL_TIMEx_BreakCallback)
    HAL_TIMEx_CommutCallback                 0x08001f7f   Thumb Code     2  stm32f1xx_hal_tim_ex.o(i.HAL_TIMEx_CommutCallback)
    HAL_TIMEx_ConfigBreakDeadTime            0x08001f81   Thumb Code    84  stm32f1xx_hal_tim_ex.o(i.HAL_TIMEx_ConfigBreakDeadTime)
    HAL_TIMEx_MasterConfigSynchronization    0x08001fd5   Thumb Code    92  stm32f1xx_hal_tim_ex.o(i.HAL_TIMEx_MasterConfigSynchronization)
    HAL_TIM_Base_Init                        0x0800203d   Thumb Code    90  stm32f1xx_hal_tim.o(i.HAL_TIM_Base_Init)
    HAL_TIM_Base_MspInit                     0x08002099   Thumb Code    50  tim.o(i.HAL_TIM_Base_MspInit)
    HAL_TIM_Base_Start_IT                    0x080020d5   Thumb Code    76  stm32f1xx_hal_tim.o(i.HAL_TIM_Base_Start_IT)
    HAL_TIM_ConfigClockSource                0x0800212d   Thumb Code   214  stm32f1xx_hal_tim.o(i.HAL_TIM_ConfigClockSource)
    HAL_TIM_Encoder_Init                     0x08002203   Thumb Code   164  stm32f1xx_hal_tim.o(i.HAL_TIM_Encoder_Init)
    HAL_TIM_Encoder_MspInit                  0x080022a9   Thumb Code   158  tim.o(i.HAL_TIM_Encoder_MspInit)
    HAL_TIM_Encoder_Start                    0x08002359   Thumb Code   146  stm32f1xx_hal_tim.o(i.HAL_TIM_Encoder_Start)
    HAL_TIM_IC_CaptureCallback               0x080023eb   Thumb Code     2  stm32f1xx_hal_tim.o(i.HAL_TIM_IC_CaptureCallback)
    HAL_TIM_IRQHandler                       0x080023ed   Thumb Code   358  stm32f1xx_hal_tim.o(i.HAL_TIM_IRQHandler)
    HAL_TIM_MspPostInit                      0x08002555   Thumb Code    64  tim.o(i.HAL_TIM_MspPostInit)
    HAL_TIM_OC_DelayElapsedCallback          0x080025a1   Thumb Code     2  stm32f1xx_hal_tim.o(i.HAL_TIM_OC_DelayElapsedCallback)
    HAL_TIM_PWM_ConfigChannel                0x080025a3   Thumb Code   198  stm32f1xx_hal_tim.o(i.HAL_TIM_PWM_ConfigChannel)
    HAL_TIM_PWM_Init                         0x08002669   Thumb Code    90  stm32f1xx_hal_tim.o(i.HAL_TIM_PWM_Init)
    HAL_TIM_PWM_MspInit                      0x080026c3   Thumb Code     2  stm32f1xx_hal_tim.o(i.HAL_TIM_PWM_MspInit)
    HAL_TIM_PWM_PulseFinishedCallback        0x080026c5   Thumb Code     2  stm32f1xx_hal_tim.o(i.HAL_TIM_PWM_PulseFinishedCallback)
    HAL_TIM_PWM_Start                        0x080026c9   Thumb Code   148  stm32f1xx_hal_tim.o(i.HAL_TIM_PWM_Start)
    HAL_TIM_PeriodElapsedCallback            0x08002769   Thumb Code   266  stm32f1xx_it.o(i.HAL_TIM_PeriodElapsedCallback)
    HAL_TIM_TriggerCallback                  0x080028a5   Thumb Code     2  stm32f1xx_hal_tim.o(i.HAL_TIM_TriggerCallback)
    HAL_UARTEx_RxEventCallback               0x080028a7   Thumb Code     2  stm32f1xx_hal_uart.o(i.HAL_UARTEx_RxEventCallback)
    HAL_UART_ErrorCallback                   0x080028a9   Thumb Code     2  stm32f1xx_hal_uart.o(i.HAL_UART_ErrorCallback)
    HAL_UART_IRQHandler                      0x080028ad   Thumb Code   520  stm32f1xx_hal_uart.o(i.HAL_UART_IRQHandler)
    HAL_UART_Init                            0x08002ab9   Thumb Code    98  stm32f1xx_hal_uart.o(i.HAL_UART_Init)
    HAL_UART_MspInit                         0x08002b1d   Thumb Code   116  usart.o(i.HAL_UART_MspInit)
    HAL_UART_Receive                         0x08002b9d   Thumb Code   196  stm32f1xx_hal_uart.o(i.HAL_UART_Receive)
    HAL_UART_RxCpltCallback                  0x08002c61   Thumb Code     2  stm32f1xx_hal_uart.o(i.HAL_UART_RxCpltCallback)
    HAL_UART_Transmit                        0x08002c63   Thumb Code   176  stm32f1xx_hal_uart.o(i.HAL_UART_Transmit)
    HAL_UART_TxCpltCallback                  0x08002d13   Thumb Code     2  stm32f1xx_hal_uart.o(i.HAL_UART_TxCpltCallback)
    HardFault_Handler                        0x08002d15   Thumb Code     2  stm32f1xx_it.o(i.HardFault_Handler)
    IIC_Start                                0x08002d19   Thumb Code    56  oled.o(i.IIC_Start)
    IIC_Stop                                 0x08002d59   Thumb Code    42  oled.o(i.IIC_Stop)
    IIC_Wait_Ack                             0x08002d8d   Thumb Code    30  oled.o(i.IIC_Wait_Ack)
    MX_ADC2_Init                             0x08002db1   Thumb Code    72  adc.o(i.MX_ADC2_Init)
    MX_GPIO_Init                             0x08002e01   Thumb Code   318  gpio.o(i.MX_GPIO_Init)
    MX_TIM1_Init                             0x08002f59   Thumb Code   212  tim.o(i.MX_TIM1_Init)
    MX_TIM2_Init                             0x08003035   Thumb Code   102  tim.o(i.MX_TIM2_Init)
    MX_TIM4_Init                             0x080030a1   Thumb Code   100  tim.o(i.MX_TIM4_Init)
    MX_USART1_UART_Init                      0x0800310d   Thumb Code    48  usart.o(i.MX_USART1_UART_Init)
    MemManage_Handler                        0x08003145   Thumb Code     2  stm32f1xx_it.o(i.MemManage_Handler)
    Motor_Set                                0x08003149   Thumb Code   106  motor.o(i.Motor_Set)
    NMI_Handler                              0x080031bd   Thumb Code     2  stm32f1xx_it.o(i.NMI_Handler)
    OLED_Clear                               0x080031bf   Thumb Code    58  oled.o(i.OLED_Clear)
    OLED_Init                                0x080031f9   Thumb Code   230  oled.o(i.OLED_Init)
    OLED_Set_Pos                             0x080032df   Thumb Code    42  oled.o(i.OLED_Set_Pos)
    OLED_ShowChar                            0x08003309   Thumb Code   128  oled.o(i.OLED_ShowChar)
    OLED_ShowString                          0x08003391   Thumb Code    54  oled.o(i.OLED_ShowString)
    OLED_WR_Byte                             0x080033c7   Thumb Code    12  oled.o(i.OLED_WR_Byte)
    PID_init                                 0x080033d5   Thumb Code    48  pid.o(i.PID_init)
    PID_realize                              0x08003415   Thumb Code    82  pid.o(i.PID_realize)
    PendSV_Handler                           0x08003467   Thumb Code     2  stm32f1xx_it.o(i.PendSV_Handler)
    SVC_Handler                              0x08003469   Thumb Code     2  stm32f1xx_it.o(i.SVC_Handler)
    SysTick_Handler                          0x0800346b   Thumb Code     4  stm32f1xx_it.o(i.SysTick_Handler)
    SystemClock_Config                       0x0800346f   Thumb Code   122  main.o(i.SystemClock_Config)
    SystemInit                               0x080034e9   Thumb Code     2  system_stm32f1xx.o(i.SystemInit)
    TIM1_UP_IRQHandler                       0x080034ed   Thumb Code     6  stm32f1xx_it.o(i.TIM1_UP_IRQHandler)
    TIM2_IRQHandler                          0x080034f9   Thumb Code     6  stm32f1xx_it.o(i.TIM2_IRQHandler)
    TIM4_IRQHandler                          0x08003505   Thumb Code     6  stm32f1xx_it.o(i.TIM4_IRQHandler)
    TIM_Base_SetConfig                       0x08003511   Thumb Code    94  stm32f1xx_hal_tim.o(i.TIM_Base_SetConfig)
    TIM_CCxChannelCmd                        0x0800357d   Thumb Code    26  stm32f1xx_hal_tim.o(i.TIM_CCxChannelCmd)
    TIM_ETR_SetConfig                        0x08003597   Thumb Code    20  stm32f1xx_hal_tim.o(i.TIM_ETR_SetConfig)
    TIM_OC2_SetConfig                        0x08003615   Thumb Code    86  stm32f1xx_hal_tim.o(i.TIM_OC2_SetConfig)
    USART1_IRQHandler                        0x08003965   Thumb Code    56  stm32f1xx_it.o(i.USART1_IRQHandler)
    UsageFault_Handler                       0x080039a9   Thumb Code     2  stm32f1xx_it.o(i.UsageFault_Handler)
    Usart_WaitReasFinish                     0x080039ad   Thumb Code    38  usart.o(i.Usart_WaitReasFinish)
    Write_IIC_Byte                           0x080039dd   Thumb Code    90  oled.o(i.Write_IIC_Byte)
    Write_IIC_Command                        0x08003a41   Thumb Code    46  oled.o(i.Write_IIC_Command)
    Write_IIC_Data                           0x08003a6f   Thumb Code    46  oled.o(i.Write_IIC_Data)
    __0printf                                0x08003a9d   Thumb Code    22  printfa.o(i.__0printf)
    __1printf                                0x08003a9d   Thumb Code     0  printfa.o(i.__0printf)
    __2printf                                0x08003a9d   Thumb Code     0  printfa.o(i.__0printf)
    __c89printf                              0x08003a9d   Thumb Code     0  printfa.o(i.__0printf)
    printf                                   0x08003a9d   Thumb Code     0  printfa.o(i.__0printf)
    __0sprintf                               0x08003abd   Thumb Code    34  printfa.o(i.__0sprintf)
    __1sprintf                               0x08003abd   Thumb Code     0  printfa.o(i.__0sprintf)
    __2sprintf                               0x08003abd   Thumb Code     0  printfa.o(i.__0sprintf)
    __c89sprintf                             0x08003abd   Thumb Code     0  printfa.o(i.__0sprintf)
    sprintf                                  0x08003abd   Thumb Code     0  printfa.o(i.__0sprintf)
    free                                     0x08003b05   Thumb Code    88  mallocr.o(i.__free$realloc)
    malloc                                   0x08003b61   Thumb Code    64  mallocr.o(i.__malloc$realloc)
    __scatterload_copy                       0x08003bb1   Thumb Code    14  handlers.o(i.__scatterload_copy)
    __scatterload_null                       0x08003bbf   Thumb Code     2  handlers.o(i.__scatterload_null)
    __scatterload_zeroinit                   0x08003bc1   Thumb Code    14  handlers.o(i.__scatterload_zeroinit)
    _is_digit                                0x08003d55   Thumb Code    14  scanf_fp.o(i._is_digit)
    adcGetBatteryVoltage                     0x08004475   Thumb Code    70  adc.o(i.adcGetBatteryVoltage)
    cJSON_Delete                             0x080044fd   Thumb Code    66  cjson.o(i.cJSON_Delete)
    cJSON_GetObjectItem                      0x08004545   Thumb Code     6  cjson.o(i.cJSON_GetObjectItem)
    cJSON_Parse                              0x08004561   Thumb Code     8  cjson.o(i.cJSON_Parse)
    cJSON_ParseWithLengthOpts                0x08004569   Thumb Code   210  cjson.o(i.cJSON_ParseWithLengthOpts)
    cJSON_ParseWithOpts                      0x08004645   Thumb Code    34  cjson.o(i.cJSON_ParseWithOpts)
    fputc                                    0x08004669   Thumb Code    20  usart.o(i.fputc)
    main                                     0x0800474d   Thumb Code   830  main.o(i.main)
    motorPidSetSpeed                         0x08004b65   Thumb Code    50  motor.o(i.motorPidSetSpeed)
    realloc                                  0x080050d5   Thumb Code   102  mallocr.o(i.realloc)
    strtod                                   0x08005141   Thumb Code    28  strtod.o(i.strtod)
    AHBPrescTable                            0x0800522c   Data          16  system_stm32f1xx.o(.constdata)
    APBPrescTable                            0x0800523c   Data           8  system_stm32f1xx.o(.constdata)
    F6x8                                     0x08005244   Data         552  oled.o(.constdata)
    F8X16                                    0x0800546c   Data        1520  oled.o(.constdata)
    __ctype_categories                       0x08005a5c   Data          64  ctype_c.o(.constdata)
    Region$$Table$$Base                      0x08005a9c   Number         0  anon$$obj.o(Region$$Table)
    Region$$Table$$Limit                     0x08005abc   Number         0  anon$$obj.o(Region$$Table)
    p                                        0x20000000   Data           4  main.o(.data)
    i                                        0x20000004   Data           4  main.o(.data)
    d                                        0x20000008   Data           4  main.o(.data)
    a                                        0x2000000c   Data           4  main.o(.data)
    b                                        0x20000010   Data           4  main.o(.data)
    Usart1_ReadCount                         0x20000018   Data           1  stm32f1xx_it.o(.data)
    Encode1Count                             0x2000001a   Data           2  stm32f1xx_it.o(.data)
    Encode2Count                             0x2000001c   Data           2  stm32f1xx_it.o(.data)
    TimerCount                               0x2000001e   Data           2  stm32f1xx_it.o(.data)
    Motor1Speed                              0x20000020   Data           4  stm32f1xx_it.o(.data)
    Motor2Speed                              0x20000024   Data           4  stm32f1xx_it.o(.data)
    Mileage                                  0x20000028   Data           4  stm32f1xx_it.o(.data)
    uwTickFreq                               0x2000002c   Data           1  stm32f1xx_hal.o(.data)
    uwTickPrio                               0x20000030   Data           4  stm32f1xx_hal.o(.data)
    uwTick                                   0x20000034   Data           4  stm32f1xx_hal.o(.data)
    SystemCoreClock                          0x20000038   Data           4  system_stm32f1xx.o(.data)
    __stdout                                 0x20000050   Data           4  stdout.o(.data)
    __microlib_freelist                      0x20000054   Data           4  mvars.o(.data)
    __microlib_freelist_initialised          0x20000058   Data           4  mvars.o(.data)
    OledString                               0x2000005c   Data          20  main.o(.bss)
    hadc2                                    0x20000070   Data          48  adc.o(.bss)
    htim1                                    0x200000a0   Data          72  tim.o(.bss)
    htim2                                    0x200000e8   Data          72  tim.o(.bss)
    htim4                                    0x20000130   Data          72  tim.o(.bss)
    huart1                                   0x20000178   Data          68  usart.o(.bss)
    Usart1_ReadBuf                           0x200001bc   Data         256  stm32f1xx_it.o(.bss)
    data_to_send                             0x200002bc   Data         100  niming.o(.bss)
    pidMotor1Speed                           0x20000320   Data          32  pid.o(.bss)
    pidMotor2Speed                           0x20000340   Data          32  pid.o(.bss)
    __heap_base                              0x20000360   Data           0  startup_stm32f103xb.o(HEAP)
    __heap_limit                             0x20000b60   Data           0  startup_stm32f103xb.o(HEAP)
    __initial_sp                             0x20001360   Data           0  startup_stm32f103xb.o(STACK)



==============================================================================

Memory Map of the image

  Image Entry point : 0x080000ed

  Load Region LR_IROM1 (Base: 0x08000000, Size: 0x00005b18, Max: 0x00010000, ABSOLUTE)

    Execution Region ER_IROM1 (Exec base: 0x08000000, Load base: 0x08000000, Size: 0x00005abc, Max: 0x00010000, ABSOLUTE)

    Exec Addr    Load Addr    Size         Type   Attr      Idx    E Section Name        Object

    0x08000000   0x08000000   0x000000ec   Data   RO            3    RESET               startup_stm32f103xb.o
    0x080000ec   0x080000ec   0x00000000   Code   RO         4215  * .ARM.Collect$$$$00000000  mc_w.l(entry.o)
    0x080000ec   0x080000ec   0x00000004   Code   RO         4563    .ARM.Collect$$$$00000001  mc_w.l(entry2.o)
    0x080000f0   0x080000f0   0x00000004   Code   RO         4566    .ARM.Collect$$$$00000004  mc_w.l(entry5.o)
    0x080000f4   0x080000f4   0x00000000   Code   RO         4568    .ARM.Collect$$$$00000008  mc_w.l(entry7b.o)
    0x080000f4   0x080000f4   0x00000000   Code   RO         4570    .ARM.Collect$$$$0000000A  mc_w.l(entry8b.o)
    0x080000f4   0x080000f4   0x00000008   Code   RO         4571    .ARM.Collect$$$$0000000B  mc_w.l(entry9a.o)
    0x080000fc   0x080000fc   0x00000004   Code   RO         4578    .ARM.Collect$$$$0000000E  mc_w.l(entry12b.o)
    0x08000100   0x08000100   0x00000000   Code   RO         4573    .ARM.Collect$$$$0000000F  mc_w.l(entry10a.o)
    0x08000100   0x08000100   0x00000000   Code   RO         4575    .ARM.Collect$$$$00000011  mc_w.l(entry11a.o)
    0x08000100   0x08000100   0x00000004   Code   RO         4564    .ARM.Collect$$$$00002712  mc_w.l(entry2.o)
    0x08000104   0x08000104   0x00000024   Code   RO            4    .text               startup_stm32f103xb.o
    0x08000128   0x08000128   0x00000020   Code   RO         4218    .text               mc_w.l(llushr.o)
    0x08000148   0x08000148   0x0000000c   Code   RO         4220    .text               mc_w.l(tolower.o)
    0x08000154   0x08000154   0x00000024   Code   RO         4222    .text               mc_w.l(memcpya.o)
    0x08000178   0x08000178   0x00000024   Code   RO         4224    .text               mc_w.l(memseta.o)
    0x0800019c   0x0800019c   0x0000000e   Code   RO         4226    .text               mc_w.l(strlen.o)
    0x080001aa   0x080001aa   0x0000001c   Code   RO         4228    .text               mc_w.l(strcmp.o)
    0x080001c6   0x080001c6   0x0000001e   Code   RO         4232    .text               mc_w.l(strncmp.o)
    0x080001e4   0x080001e4   0x00000360   Code   RO         4527    .text               mc_w.l(scanf_fp.o)
    0x08000544   0x08000544   0x000000b0   Code   RO         4531    .text               mf_w.l(fadd.o)
    0x080005f4   0x080005f4   0x00000064   Code   RO         4533    .text               mf_w.l(fmul.o)
    0x08000658   0x08000658   0x00000018   Code   RO         4535    .text               mf_w.l(fscalb.o)
    0x08000670   0x08000670   0x0000014e   Code   RO         4537    .text               mf_w.l(dadd.o)
    0x080007be   0x080007be   0x000000e4   Code   RO         4539    .text               mf_w.l(dmul.o)
    0x080008a2   0x080008a2   0x000000de   Code   RO         4541    .text               mf_w.l(ddiv.o)
    0x08000980   0x08000980   0x0000002e   Code   RO         4543    .text               mf_w.l(dscalb.o)
    0x080009ae   0x080009ae   0x00000012   Code   RO         4545    .text               mf_w.l(fflti.o)
    0x080009c0   0x080009c0   0x0000000a   Code   RO         4547    .text               mf_w.l(ffltui.o)
    0x080009ca   0x080009ca   0x00000032   Code   RO         4551    .text               mf_w.l(ffixi.o)
    0x080009fc   0x080009fc   0x0000003e   Code   RO         4553    .text               mf_w.l(dfixi.o)
    0x08000a3a   0x08000a3a   0x00000026   Code   RO         4555    .text               mf_w.l(f2d.o)
    0x08000a60   0x08000a60   0x00000030   Code   RO         4557    .text               mf_w.l(cdcmple.o)
    0x08000a90   0x08000a90   0x00000030   Code   RO         4559    .text               mf_w.l(cdrcmple.o)
    0x08000ac0   0x08000ac0   0x00000038   Code   RO         4561    .text               mf_w.l(d2f.o)
    0x08000af8   0x08000af8   0x0000002c   Code   RO         4580    .text               mc_w.l(uidiv.o)
    0x08000b24   0x08000b24   0x00000062   Code   RO         4582    .text               mc_w.l(uldiv.o)
    0x08000b86   0x08000b86   0x0000001e   Code   RO         4584    .text               mc_w.l(llshl.o)
    0x08000ba4   0x08000ba4   0x00000024   Code   RO         4586    .text               mc_w.l(llsshr.o)
    0x08000bc8   0x08000bc8   0x00000040   Code   RO         4592    .text               mc_w.l(_sgetc.o)
    0x08000c08   0x08000c08   0x0000009c   Code   RO         4594    .text               mc_w.l(strtod.o)
    0x08000ca4   0x08000ca4   0x00000000   Code   RO         4596    .text               mc_w.l(iusefp.o)
    0x08000ca4   0x08000ca4   0x0000006e   Code   RO         4597    .text               mf_w.l(fepilogue.o)
    0x08000d12   0x08000d12   0x000000ba   Code   RO         4599    .text               mf_w.l(depilogue.o)
    0x08000dcc   0x08000dcc   0x00000018   Code   RO         4601    .text               mf_w.l(dfltul.o)
    0x08000de4   0x08000de4   0x00000030   Code   RO         4603    .text               mf_w.l(dfixul.o)
    0x08000e14   0x08000e14   0x00000024   Code   RO         4605    .text               mc_w.l(init.o)
    0x08000e38   0x08000e38   0x0000000a   Code   RO         4607    .text               mc_w.l(isspace_c.o)
    0x08000e42   0x08000e42   0x00000002   PAD
    0x08000e44   0x08000e44   0x00000028   Code   RO         4611    .text               mc_w.l(ctype_c.o)
    0x08000e6c   0x08000e6c   0x00000054   Code   RO          679    i.ADC_ConversionStop_Disable  stm32f1xx_hal_adc.o
    0x08000ec0   0x08000ec0   0x00000078   Code   RO          683    i.ADC_Enable        stm32f1xx_hal_adc.o
    0x08000f38   0x08000f38   0x00000084   Code   RO         3512    i.ANO_DT_Send_F2    niming.o
    0x08000fbc   0x08000fbc   0x00000002   Code   RO          485    i.BusFault_Handler  stm32f1xx_it.o
    0x08000fbe   0x08000fbe   0x00000002   Code   RO          486    i.DebugMon_Handler  stm32f1xx_it.o
    0x08000fc0   0x08000fc0   0x00000008   Code   RO          487    i.EXTI15_10_IRQHandler  stm32f1xx_it.o
    0x08000fc8   0x08000fc8   0x00000006   Code   RO          488    i.EXTI4_IRQHandler  stm32f1xx_it.o
    0x08000fce   0x08000fce   0x00000004   Code   RO           13    i.Error_Handler     main.o
    0x08000fd2   0x08000fd2   0x00000002   PAD
    0x08000fd4   0x08000fd4   0x000000fc   Code   RO          685    i.HAL_ADC_ConfigChannel  stm32f1xx_hal_adc.o
    0x080010d0   0x080010d0   0x00000006   Code   RO          692    i.HAL_ADC_GetValue  stm32f1xx_hal_adc.o
    0x080010d6   0x080010d6   0x00000002   PAD
    0x080010d8   0x080010d8   0x0000011c   Code   RO          694    i.HAL_ADC_Init      stm32f1xx_hal_adc.o
    0x080011f4   0x080011f4   0x00000058   Code   RO          310    i.HAL_ADC_MspInit   adc.o
    0x0800124c   0x0800124c   0x0000013c   Code   RO          698    i.HAL_ADC_PollForConversion  stm32f1xx_hal_adc.o
    0x08001388   0x08001388   0x000000c0   Code   RO          700    i.HAL_ADC_Start     stm32f1xx_hal_adc.o
    0x08001448   0x08001448   0x00000046   Code   RO         1334    i.HAL_DMA_Abort     stm32f1xx_hal_dma.o
    0x0800148e   0x0800148e   0x00000002   PAD
    0x08001490   0x08001490   0x00000098   Code   RO         1335    i.HAL_DMA_Abort_IT  stm32f1xx_hal_dma.o
    0x08001528   0x08001528   0x00000024   Code   RO          962    i.HAL_Delay         stm32f1xx_hal.o
    0x0800154c   0x0800154c   0x0000001c   Code   RO          189    i.HAL_GPIO_EXTI_Callback  gpio.o
    0x08001568   0x08001568   0x00000018   Code   RO         1269    i.HAL_GPIO_EXTI_IRQHandler  stm32f1xx_hal_gpio.o
    0x08001580   0x08001580   0x000001cc   Code   RO         1270    i.HAL_GPIO_Init     stm32f1xx_hal_gpio.o
    0x0800174c   0x0800174c   0x0000000a   Code   RO         1272    i.HAL_GPIO_ReadPin  stm32f1xx_hal_gpio.o
    0x08001756   0x08001756   0x00000010   Code   RO         1273    i.HAL_GPIO_TogglePin  stm32f1xx_hal_gpio.o
    0x08001766   0x08001766   0x0000000a   Code   RO         1274    i.HAL_GPIO_WritePin  stm32f1xx_hal_gpio.o
    0x08001770   0x08001770   0x0000000c   Code   RO          966    i.HAL_GetTick       stm32f1xx_hal.o
    0x0800177c   0x0800177c   0x00000010   Code   RO          972    i.HAL_IncTick       stm32f1xx_hal.o
    0x0800178c   0x0800178c   0x00000024   Code   RO          973    i.HAL_Init          stm32f1xx_hal.o
    0x080017b0   0x080017b0   0x00000040   Code   RO          974    i.HAL_InitTick      stm32f1xx_hal.o
    0x080017f0   0x080017f0   0x0000003c   Code   RO          619    i.HAL_MspInit       stm32f1xx_hal_msp.o
    0x0800182c   0x0800182c   0x0000001a   Code   RO         1430    i.HAL_NVIC_EnableIRQ  stm32f1xx_hal_cortex.o
    0x08001846   0x08001846   0x00000002   PAD
    0x08001848   0x08001848   0x00000040   Code   RO         1436    i.HAL_NVIC_SetPriority  stm32f1xx_hal_cortex.o
    0x08001888   0x08001888   0x00000024   Code   RO         1437    i.HAL_NVIC_SetPriorityGrouping  stm32f1xx_hal_cortex.o
    0x080018ac   0x080018ac   0x000000c4   Code   RO         1232    i.HAL_RCCEx_GetPeriphCLKFreq  stm32f1xx_hal_rcc_ex.o
    0x08001970   0x08001970   0x000000e8   Code   RO         1233    i.HAL_RCCEx_PeriphCLKConfig  stm32f1xx_hal_rcc_ex.o
    0x08001a58   0x08001a58   0x00000138   Code   RO         1130    i.HAL_RCC_ClockConfig  stm32f1xx_hal_rcc.o
    0x08001b90   0x08001b90   0x00000020   Code   RO         1137    i.HAL_RCC_GetPCLK1Freq  stm32f1xx_hal_rcc.o
    0x08001bb0   0x08001bb0   0x00000020   Code   RO         1138    i.HAL_RCC_GetPCLK2Freq  stm32f1xx_hal_rcc.o
    0x08001bd0   0x08001bd0   0x0000006c   Code   RO         1139    i.HAL_RCC_GetSysClockFreq  stm32f1xx_hal_rcc.o
    0x08001c3c   0x08001c3c   0x00000318   Code   RO         1142    i.HAL_RCC_OscConfig  stm32f1xx_hal_rcc.o
    0x08001f54   0x08001f54   0x00000028   Code   RO         1441    i.HAL_SYSTICK_Config  stm32f1xx_hal_cortex.o
    0x08001f7c   0x08001f7c   0x00000002   Code   RO         2636    i.HAL_TIMEx_BreakCallback  stm32f1xx_hal_tim_ex.o
    0x08001f7e   0x08001f7e   0x00000002   Code   RO         2637    i.HAL_TIMEx_CommutCallback  stm32f1xx_hal_tim_ex.o
    0x08001f80   0x08001f80   0x00000054   Code   RO         2639    i.HAL_TIMEx_ConfigBreakDeadTime  stm32f1xx_hal_tim_ex.o
    0x08001fd4   0x08001fd4   0x00000068   Code   RO         2655    i.HAL_TIMEx_MasterConfigSynchronization  stm32f1xx_hal_tim_ex.o
    0x0800203c   0x0800203c   0x0000005a   Code   RO         1932    i.HAL_TIM_Base_Init  stm32f1xx_hal_tim.o
    0x08002096   0x08002096   0x00000002   PAD
    0x08002098   0x08002098   0x0000003c   Code   RO          358    i.HAL_TIM_Base_MspInit  tim.o
    0x080020d4   0x080020d4   0x00000058   Code   RO         1937    i.HAL_TIM_Base_Start_IT  stm32f1xx_hal_tim.o
    0x0800212c   0x0800212c   0x000000d6   Code   RO         1941    i.HAL_TIM_ConfigClockSource  stm32f1xx_hal_tim.o
    0x08002202   0x08002202   0x000000a4   Code   RO         1953    i.HAL_TIM_Encoder_Init  stm32f1xx_hal_tim.o
    0x080022a6   0x080022a6   0x00000002   PAD
    0x080022a8   0x080022a8   0x000000b0   Code   RO          360    i.HAL_TIM_Encoder_MspInit  tim.o
    0x08002358   0x08002358   0x00000092   Code   RO         1956    i.HAL_TIM_Encoder_Start  stm32f1xx_hal_tim.o
    0x080023ea   0x080023ea   0x00000002   Code   RO         1966    i.HAL_TIM_IC_CaptureCallback  stm32f1xx_hal_tim.o
    0x080023ec   0x080023ec   0x00000166   Code   RO         1980    i.HAL_TIM_IRQHandler  stm32f1xx_hal_tim.o
    0x08002552   0x08002552   0x00000002   PAD
    0x08002554   0x08002554   0x0000004c   Code   RO          361    i.HAL_TIM_MspPostInit  tim.o
    0x080025a0   0x080025a0   0x00000002   Code   RO         1983    i.HAL_TIM_OC_DelayElapsedCallback  stm32f1xx_hal_tim.o
    0x080025a2   0x080025a2   0x000000c6   Code   RO         2004    i.HAL_TIM_PWM_ConfigChannel  stm32f1xx_hal_tim.o
    0x08002668   0x08002668   0x0000005a   Code   RO         2007    i.HAL_TIM_PWM_Init  stm32f1xx_hal_tim.o
    0x080026c2   0x080026c2   0x00000002   Code   RO         2009    i.HAL_TIM_PWM_MspInit  stm32f1xx_hal_tim.o
    0x080026c4   0x080026c4   0x00000002   Code   RO         2010    i.HAL_TIM_PWM_PulseFinishedCallback  stm32f1xx_hal_tim.o
    0x080026c6   0x080026c6   0x00000002   PAD
    0x080026c8   0x080026c8   0x000000a0   Code   RO         2012    i.HAL_TIM_PWM_Start  stm32f1xx_hal_tim.o
    0x08002768   0x08002768   0x0000013c   Code   RO          489    i.HAL_TIM_PeriodElapsedCallback  stm32f1xx_it.o
    0x080028a4   0x080028a4   0x00000002   Code   RO         2023    i.HAL_TIM_TriggerCallback  stm32f1xx_hal_tim.o
    0x080028a6   0x080028a6   0x00000002   Code   RO         2914    i.HAL_UARTEx_RxEventCallback  stm32f1xx_hal_uart.o
    0x080028a8   0x080028a8   0x00000002   Code   RO         2928    i.HAL_UART_ErrorCallback  stm32f1xx_hal_uart.o
    0x080028aa   0x080028aa   0x00000002   PAD
    0x080028ac   0x080028ac   0x0000020c   Code   RO         2931    i.HAL_UART_IRQHandler  stm32f1xx_hal_uart.o
    0x08002ab8   0x08002ab8   0x00000062   Code   RO         2932    i.HAL_UART_Init     stm32f1xx_hal_uart.o
    0x08002b1a   0x08002b1a   0x00000002   PAD
    0x08002b1c   0x08002b1c   0x00000080   Code   RO          430    i.HAL_UART_MspInit  usart.o
    0x08002b9c   0x08002b9c   0x000000c4   Code   RO         2935    i.HAL_UART_Receive  stm32f1xx_hal_uart.o
    0x08002c60   0x08002c60   0x00000002   Code   RO         2938    i.HAL_UART_RxCpltCallback  stm32f1xx_hal_uart.o
    0x08002c62   0x08002c62   0x000000b0   Code   RO         2940    i.HAL_UART_Transmit  stm32f1xx_hal_uart.o
    0x08002d12   0x08002d12   0x00000002   Code   RO         2943    i.HAL_UART_TxCpltCallback  stm32f1xx_hal_uart.o
    0x08002d14   0x08002d14   0x00000002   Code   RO          490    i.HardFault_Handler  stm32f1xx_it.o
    0x08002d16   0x08002d16   0x00000002   PAD
    0x08002d18   0x08002d18   0x00000040   Code   RO         3300    i.IIC_Start         oled.o
    0x08002d58   0x08002d58   0x00000034   Code   RO         3301    i.IIC_Stop          oled.o
    0x08002d8c   0x08002d8c   0x00000024   Code   RO         3302    i.IIC_Wait_Ack      oled.o
    0x08002db0   0x08002db0   0x00000050   Code   RO          311    i.MX_ADC2_Init      adc.o
    0x08002e00   0x08002e00   0x00000158   Code   RO          190    i.MX_GPIO_Init      gpio.o
    0x08002f58   0x08002f58   0x000000dc   Code   RO          362    i.MX_TIM1_Init      tim.o
    0x08003034   0x08003034   0x0000006c   Code   RO          363    i.MX_TIM2_Init      tim.o
    0x080030a0   0x080030a0   0x0000006c   Code   RO          364    i.MX_TIM4_Init      tim.o
    0x0800310c   0x0800310c   0x00000038   Code   RO          431    i.MX_USART1_UART_Init  usart.o
    0x08003144   0x08003144   0x00000002   Code   RO          491    i.MemManage_Handler  stm32f1xx_it.o
    0x08003146   0x08003146   0x00000002   PAD
    0x08003148   0x08003148   0x00000074   Code   RO         3460    i.Motor_Set         motor.o
    0x080031bc   0x080031bc   0x00000002   Code   RO          492    i.NMI_Handler       stm32f1xx_it.o
    0x080031be   0x080031be   0x0000003a   Code   RO         3303    i.OLED_Clear        oled.o
    0x080031f8   0x080031f8   0x000000e6   Code   RO         3307    i.OLED_Init         oled.o
    0x080032de   0x080032de   0x0000002a   Code   RO         3309    i.OLED_Set_Pos      oled.o
    0x08003308   0x08003308   0x00000088   Code   RO         3311    i.OLED_ShowChar     oled.o
    0x08003390   0x08003390   0x00000036   Code   RO         3313    i.OLED_ShowString   oled.o
    0x080033c6   0x080033c6   0x0000000c   Code   RO         3314    i.OLED_WR_Byte      oled.o
    0x080033d2   0x080033d2   0x00000002   PAD
    0x080033d4   0x080033d4   0x00000040   Code   RO         3554    i.PID_init          pid.o
    0x08003414   0x08003414   0x00000052   Code   RO         3555    i.PID_realize       pid.o
    0x08003466   0x08003466   0x00000002   Code   RO          493    i.PendSV_Handler    stm32f1xx_it.o
    0x08003468   0x08003468   0x00000002   Code   RO          494    i.SVC_Handler       stm32f1xx_it.o
    0x0800346a   0x0800346a   0x00000004   Code   RO          495    i.SysTick_Handler   stm32f1xx_it.o
    0x0800346e   0x0800346e   0x0000007a   Code   RO           14    i.SystemClock_Config  main.o
    0x080034e8   0x080034e8   0x00000002   Code   RO         3261    i.SystemInit        system_stm32f1xx.o
    0x080034ea   0x080034ea   0x00000002   PAD
    0x080034ec   0x080034ec   0x0000000c   Code   RO          496    i.TIM1_UP_IRQHandler  stm32f1xx_it.o
    0x080034f8   0x080034f8   0x0000000c   Code   RO          497    i.TIM2_IRQHandler   stm32f1xx_it.o
    0x08003504   0x08003504   0x0000000c   Code   RO          498    i.TIM4_IRQHandler   stm32f1xx_it.o
    0x08003510   0x08003510   0x0000006c   Code   RO         2025    i.TIM_Base_SetConfig  stm32f1xx_hal_tim.o
    0x0800357c   0x0800357c   0x0000001a   Code   RO         2026    i.TIM_CCxChannelCmd  stm32f1xx_hal_tim.o
    0x08003596   0x08003596   0x00000014   Code   RO         2036    i.TIM_ETR_SetConfig  stm32f1xx_hal_tim.o
    0x080035aa   0x080035aa   0x00000010   Code   RO         2037    i.TIM_ITRx_SetConfig  stm32f1xx_hal_tim.o
    0x080035ba   0x080035ba   0x00000002   PAD
    0x080035bc   0x080035bc   0x00000058   Code   RO         2038    i.TIM_OC1_SetConfig  stm32f1xx_hal_tim.o
    0x08003614   0x08003614   0x0000005c   Code   RO         2039    i.TIM_OC2_SetConfig  stm32f1xx_hal_tim.o
    0x08003670   0x08003670   0x00000058   Code   RO         2040    i.TIM_OC3_SetConfig  stm32f1xx_hal_tim.o
    0x080036c8   0x080036c8   0x00000044   Code   RO         2041    i.TIM_OC4_SetConfig  stm32f1xx_hal_tim.o
    0x0800370c   0x0800370c   0x00000022   Code   RO         2043    i.TIM_TI1_ConfigInputStage  stm32f1xx_hal_tim.o
    0x0800372e   0x0800372e   0x00000024   Code   RO         2045    i.TIM_TI2_ConfigInputStage  stm32f1xx_hal_tim.o
    0x08003752   0x08003752   0x00000010   Code   RO         2945    i.UART_DMAAbortOnError  stm32f1xx_hal_uart.o
    0x08003762   0x08003762   0x00000030   Code   RO         2955    i.UART_EndRxTransfer  stm32f1xx_hal_uart.o
    0x08003792   0x08003792   0x000000b6   Code   RO         2957    i.UART_Receive_IT   stm32f1xx_hal_uart.o
    0x08003848   0x08003848   0x000000b8   Code   RO         2958    i.UART_SetConfig    stm32f1xx_hal_uart.o
    0x08003900   0x08003900   0x00000062   Code   RO         2961    i.UART_WaitOnFlagUntilTimeout  stm32f1xx_hal_uart.o
    0x08003962   0x08003962   0x00000002   PAD
    0x08003964   0x08003964   0x00000044   Code   RO          499    i.USART1_IRQHandler  stm32f1xx_it.o
    0x080039a8   0x080039a8   0x00000002   Code   RO          500    i.UsageFault_Handler  stm32f1xx_it.o
    0x080039aa   0x080039aa   0x00000002   PAD
    0x080039ac   0x080039ac   0x00000030   Code   RO          432    i.Usart_WaitReasFinish  usart.o
    0x080039dc   0x080039dc   0x00000064   Code   RO         3315    i.Write_IIC_Byte    oled.o
    0x08003a40   0x08003a40   0x0000002e   Code   RO         3316    i.Write_IIC_Command  oled.o
    0x08003a6e   0x08003a6e   0x0000002e   Code   RO         3317    i.Write_IIC_Data    oled.o
    0x08003a9c   0x08003a9c   0x00000020   Code   RO         4469    i.__0printf         mc_w.l(printfa.o)
    0x08003abc   0x08003abc   0x00000028   Code   RO         4471    i.__0sprintf        mc_w.l(printfa.o)
    0x08003ae4   0x08003ae4   0x00000020   Code   RO         1443    i.__NVIC_SetPriority  stm32f1xx_hal_cortex.o
    0x08003b04   0x08003b04   0x0000005c   Code   RO         4501    i.__free$realloc    mc_w.l(mallocr.o)
    0x08003b60   0x08003b60   0x00000050   Code   RO         4502    i.__malloc$realloc  mc_w.l(mallocr.o)
    0x08003bb0   0x08003bb0   0x0000000e   Code   RO         4616    i.__scatterload_copy  mc_w.l(handlers.o)
    0x08003bbe   0x08003bbe   0x00000002   Code   RO         4617    i.__scatterload_null  mc_w.l(handlers.o)
    0x08003bc0   0x08003bc0   0x0000000e   Code   RO         4618    i.__scatterload_zeroinit  mc_w.l(handlers.o)
    0x08003bce   0x08003bce   0x00000002   PAD
    0x08003bd0   0x08003bd0   0x00000184   Code   RO         4476    i._fp_digits        mc_w.l(printfa.o)
    0x08003d54   0x08003d54   0x0000000e   Code   RO         4529    i._is_digit         mc_w.l(scanf_fp.o)
    0x08003d62   0x08003d62   0x00000002   PAD
    0x08003d64   0x08003d64   0x000006b4   Code   RO         4477    i._printf_core      mc_w.l(printfa.o)
    0x08004418   0x08004418   0x00000024   Code   RO         4478    i._printf_post_padding  mc_w.l(printfa.o)
    0x0800443c   0x0800443c   0x0000002e   Code   RO         4479    i._printf_pre_padding  mc_w.l(printfa.o)
    0x0800446a   0x0800446a   0x0000000a   Code   RO         4481    i._sputc            mc_w.l(printfa.o)
    0x08004474   0x08004474   0x00000058   Code   RO          312    i.adcGetBatteryVoltage  adc.o
    0x080044cc   0x080044cc   0x00000030   Code   RO         3592    i.buffer_skip_whitespace  cjson.o
    0x080044fc   0x080044fc   0x00000048   Code   RO         3624    i.cJSON_Delete      cjson.o
    0x08004544   0x08004544   0x00000006   Code   RO         3637    i.cJSON_GetObjectItem  cjson.o
    0x0800454a   0x0800454a   0x00000016   Code   RO         3654    i.cJSON_New_Item    cjson.o
    0x08004560   0x08004560   0x00000008   Code   RO         3655    i.cJSON_Parse       cjson.o
    0x08004568   0x08004568   0x000000dc   Code   RO         3657    i.cJSON_ParseWithLengthOpts  cjson.o
    0x08004644   0x08004644   0x00000022   Code   RO         3658    i.cJSON_ParseWithOpts  cjson.o
    0x08004666   0x08004666   0x00000002   PAD
    0x08004668   0x08004668   0x00000018   Code   RO          433    i.fputc             usart.o
    0x08004680   0x08004680   0x0000007a   Code   RO         3677    i.get_object_item   cjson.o
    0x080046fa   0x080046fa   0x00000002   PAD
    0x080046fc   0x080046fc   0x00000050   Code   RO         4503    i.internal_alloc    mc_w.l(mallocr.o)
    0x0800474c   0x0800474c   0x00000418   Code   RO           15    i.main              main.o
    0x08004b64   0x08004b64   0x00000044   Code   RO         3461    i.motorPidSetSpeed  motor.o
    0x08004ba8   0x08004ba8   0x000000d0   Code   RO         3679    i.parse_array       cjson.o
    0x08004c78   0x08004c78   0x00000040   Code   RO         3680    i.parse_hex4        cjson.o
    0x08004cb8   0x08004cb8   0x000000f0   Code   RO         3681    i.parse_number      cjson.o
    0x08004da8   0x08004da8   0x0000010a   Code   RO         3682    i.parse_object      cjson.o
    0x08004eb2   0x08004eb2   0x00000126   Code   RO         3683    i.parse_string      cjson.o
    0x08004fd8   0x08004fd8   0x000000fc   Code   RO         3684    i.parse_value       cjson.o
    0x080050d4   0x080050d4   0x0000006c   Code   RO         4504    i.realloc           mc_w.l(mallocr.o)
    0x08005140   0x08005140   0x0000001c   Code   RO         4212    i.strtod            m_ws.l(strtod.o)
    0x0800515c   0x0800515c   0x000000d0   Code   RO         3693    i.utf16_literal_to_utf8  cjson.o
    0x0800522c   0x0800522c   0x00000010   Data   RO         3262    .constdata          system_stm32f1xx.o
    0x0800523c   0x0800523c   0x00000008   Data   RO         3263    .constdata          system_stm32f1xx.o
    0x08005244   0x08005244   0x00000818   Data   RO         3320    .constdata          oled.o
    0x08005a5c   0x08005a5c   0x00000040   Data   RO         4612    .constdata          mc_w.l(ctype_c.o)
    0x08005a9c   0x08005a9c   0x00000020   Data   RO         4614    Region$$Table       anon$$obj.o


    Execution Region RW_IRAM1 (Exec base: 0x20000000, Load base: 0x08005abc, Size: 0x00001360, Max: 0x00005000, ABSOLUTE)

    Exec Addr    Load Addr    Size         Type   Attr      Idx    E Section Name        Object

    0x20000000   0x08005abc   0x00000014   Data   RW           19    .data               main.o
    0x20000014   0x08005ad0   0x00000002   Data   RW          435    .data               usart.o
    0x20000016   0x08005ad2   0x00000002   PAD
    0x20000018   0x08005ad4   0x00000014   Data   RW          502    .data               stm32f1xx_it.o
    0x2000002c   0x08005ae8   0x0000000c   Data   RW          980    .data               stm32f1xx_hal.o
    0x20000038   0x08005af4   0x00000004   Data   RW         3264    .data               system_stm32f1xx.o
    0x2000003c   0x08005af8   0x00000014   Data   RW         3695    .data               cjson.o
    0x20000050   0x08005b0c   0x00000004   Data   RW         4579    .data               mc_w.l(stdout.o)
    0x20000054   0x08005b10   0x00000004   Data   RW         4588    .data               mc_w.l(mvars.o)
    0x20000058   0x08005b14   0x00000004   Data   RW         4589    .data               mc_w.l(mvars.o)
    0x2000005c        -       0x00000014   Zero   RW           16    .bss                main.o
    0x20000070        -       0x00000030   Zero   RW          313    .bss                adc.o
    0x200000a0        -       0x000000d8   Zero   RW          365    .bss                tim.o
    0x20000178        -       0x00000044   Zero   RW          434    .bss                usart.o
    0x200001bc        -       0x00000100   Zero   RW          501    .bss                stm32f1xx_it.o
    0x200002bc        -       0x00000064   Zero   RW         3514    .bss                niming.o
    0x20000320        -       0x00000040   Zero   RW         3558    .bss                pid.o
    0x20000360        -       0x00000800   Zero   RW            2    HEAP                startup_stm32f103xb.o
    0x20000b60        -       0x00000800   Zero   RW            1    STACK               startup_stm32f103xb.o


==============================================================================

Image component sizes


      Code (inc. data)   RO Data    RW Data    ZI Data      Debug   Object Name

       256         38          0          0         48       2204   adc.o
      2064         64          0         20          0      18720   cjson.o
       372         30          0          0          0     437188   gpio.o
      1174        218          0         20         20      42012   main.o
       184         28          0          0          0       1191   motor.o
       132         10          0          0        100       1428   niming.o
       876         42       2072          0          0       8129   oled.o
       146         16          0          0         64       2001   pid.o
        36          8        236          0       4096        808   startup_stm32f103xb.o
       164         28          0         12          0       5933   stm32f1xx_hal.o
      1254         54          0          0          0       6612   stm32f1xx_hal_adc.o
       198         14          0          0          0      28955   stm32f1xx_hal_cortex.o
       222          4          0          0          0       1783   stm32f1xx_hal_dma.o
       520         40          0          0          0       4703   stm32f1xx_hal_gpio.o
        60          8          0          0          0        886   stm32f1xx_hal_msp.o
      1276        100          0          0          0       5360   stm32f1xx_hal_rcc.o
       428         44          0          0          0       2625   stm32f1xx_hal_rcc_ex.o
      2094         58          0          0          0      18521   stm32f1xx_hal_tim.o
       192         12          0          0          0       3261   stm32f1xx_hal_tim_ex.o
      1530         10          0          0          0      11055   stm32f1xx_hal_uart.o
       454         80          0         20        256       8905   stm32f1xx_it.o
         2          0         24          4          0       1131   system_stm32f1xx.o
       748         62          0          0        216       4448   tim.o
       256         34          0          2         68       2963   usart.o

    ----------------------------------------------------------------------
     14676       1002       2364         80       4868     620822   Object Totals
         0          0         32          0          0          0   (incl. Generated)
        38          0          0          2          0          0   (incl. Padding)

    ----------------------------------------------------------------------

      Code (inc. data)   RO Data    RW Data    ZI Data      Debug   Library Member Name

        28          0          0          0          0         80   strtod.o
        64          0          0          0          0         84   _sgetc.o
        40          6         64          0          0         68   ctype_c.o
         0          0          0          0          0          0   entry.o
         0          0          0          0          0          0   entry10a.o
         0          0          0          0          0          0   entry11a.o
         4          0          0          0          0          0   entry12b.o
         8          4          0          0          0          0   entry2.o
         4          0          0          0          0          0   entry5.o
         0          0          0          0          0          0   entry7b.o
         0          0          0          0          0          0   entry8b.o
         8          4          0          0          0          0   entry9a.o
        30          0          0          0          0          0   handlers.o
        36          8          0          0          0         68   init.o
        10          0          0          0          0         68   isspace_c.o
         0          0          0          0          0          0   iusefp.o
        30          0          0          0          0         68   llshl.o
        36          0          0          0          0         68   llsshr.o
        32          0          0          0          0         68   llushr.o
       360         30          0          0          0        356   mallocr.o
        36          0          0          0          0         68   memcpya.o
        36          0          0          0          0        108   memseta.o
         0          0          0          8          0          0   mvars.o
      2268         96          0          0          0        616   printfa.o
       878         12          0          0          0        216   scanf_fp.o
         0          0          0          4          0          0   stdout.o
        28          0          0          0          0         76   strcmp.o
        14          0          0          0          0         68   strlen.o
        30          0          0          0          0         80   strncmp.o
       156         12          0          0          0        120   strtod.o
        12          0          0          0          0         68   tolower.o
        44          0          0          0          0         80   uidiv.o
        98          0          0          0          0         92   uldiv.o
        48          0          0          0          0         68   cdcmple.o
        48          0          0          0          0         68   cdrcmple.o
        56          0          0          0          0         88   d2f.o
       334          0          0          0          0        148   dadd.o
       222          0          0          0          0        100   ddiv.o
       186          0          0          0          0        176   depilogue.o
        62          0          0          0          0         80   dfixi.o
        48          0          0          0          0         68   dfixul.o
        24          0          0          0          0         76   dfltul.o
       228          0          0          0          0         96   dmul.o
        46          0          0          0          0         80   dscalb.o
        38          0          0          0          0         68   f2d.o
       176          0          0          0          0        140   fadd.o
       110          0          0          0          0        168   fepilogue.o
        50          0          0          0          0         68   ffixi.o
        18          0          0          0          0         68   fflti.o
        10          0          0          0          0         68   ffltui.o
       100          0          0          0          0         76   fmul.o
        24          0          0          0          0         68   fscalb.o

    ----------------------------------------------------------------------
      6124        172         64         12          0       4292   Library Totals
         6          0          0          0          0          0   (incl. Padding)

    ----------------------------------------------------------------------

      Code (inc. data)   RO Data    RW Data    ZI Data      Debug   Library Name

        28          0          0          0          0         80   m_ws.l
      4262        172         64         12          0       2440   mc_w.l
      1828          0          0          0          0       1772   mf_w.l

    ----------------------------------------------------------------------
      6124        172         64         12          0       4292   Library Totals

    ----------------------------------------------------------------------

==============================================================================


      Code (inc. data)   RO Data    RW Data    ZI Data      Debug   

     20800       1174       2428         92       4868     615750   Grand Totals
     20800       1174       2428         92       4868     615750   ELF Image Totals
     20800       1174       2428         92          0          0   ROM Totals

==============================================================================

    Total RO  Size (Code + RO Data)                23228 (  22.68kB)
    Total RW  Size (RW Data + ZI Data)              4960 (   4.84kB)
    Total ROM Size (Code + RO Data + RW Data)      23320 (  22.77kB)

==============================================================================

